Component: ARM Compiler 5.06 update 6 (build 750) Tool: armlink [4d35ed]

==============================================================================

Section Cross References

    system_stm32f10x.o(i.SystemCoreClockUpdate) refers to system_stm32f10x.o(.data) for .data
    system_stm32f10x.o(i.SystemInit) refers to system_stm32f10x.o(i.SetSysClockTo72) for SetSysClockTo72
    startup_stm32f10x_hd.o(RESET) refers to startup_stm32f10x_hd.o(STACK) for __initial_sp
    startup_stm32f10x_hd.o(RESET) refers to startup_stm32f10x_hd.o(.text) for Reset_Handler
    startup_stm32f10x_hd.o(RESET) refers to stm32f10x_it.o(i.NMI_Handler) for NMI_Handler
    startup_stm32f10x_hd.o(RESET) refers to stm32f10x_it.o(i.HardFault_Handler) for HardFault_Handler
    startup_stm32f10x_hd.o(RESET) refers to stm32f10x_it.o(i.MemManage_Handler) for MemManage_Handler
    startup_stm32f10x_hd.o(RESET) refers to stm32f10x_it.o(i.BusFault_Handler) for BusFault_Handler
    startup_stm32f10x_hd.o(RESET) refers to stm32f10x_it.o(i.UsageFault_Handler) for UsageFault_Handler
    startup_stm32f10x_hd.o(RESET) refers to port.o(.emb_text) for SVC_Handler
    startup_stm32f10x_hd.o(RESET) refers to stm32f10x_it.o(i.DebugMon_Handler) for DebugMon_Handler
    startup_stm32f10x_hd.o(RESET) refers to port.o(i.SysTick_Handler) for SysTick_Handler
    startup_stm32f10x_hd.o(RESET) refers to timer.o(i.TIM3_IRQHandler) for TIM3_IRQHandler
    startup_stm32f10x_hd.o(RESET) refers to main.o(i.USART1_IRQHandler) for USART1_IRQHandler
    startup_stm32f10x_hd.o(RESET) refers to main.o(i.USART2_IRQHandler) for USART2_IRQHandler
    startup_stm32f10x_hd.o(RESET) refers to main.o(i.USART3_IRQHandler) for USART3_IRQHandler
    startup_stm32f10x_hd.o(RESET) refers to main.o(i.UART4_IRQHandler) for UART4_IRQHandler
    startup_stm32f10x_hd.o(.text) refers to system_stm32f10x.o(i.SystemInit) for SystemInit
    startup_stm32f10x_hd.o(.text) refers to entry.o(.ARM.Collect$$$$00000000) for __main
    stm32f10x_adc.o(i.ADC_DeInit) refers to stm32f10x_rcc.o(i.RCC_APB2PeriphResetCmd) for RCC_APB2PeriphResetCmd
    stm32f10x_bkp.o(i.BKP_DeInit) refers to stm32f10x_rcc.o(i.RCC_BackupResetCmd) for RCC_BackupResetCmd
    stm32f10x_can.o(i.CAN_DeInit) refers to stm32f10x_rcc.o(i.RCC_APB1PeriphResetCmd) for RCC_APB1PeriphResetCmd
    stm32f10x_can.o(i.CAN_GetITStatus) refers to stm32f10x_can.o(i.CheckITStatus) for CheckITStatus
    stm32f10x_cec.o(i.CEC_DeInit) refers to stm32f10x_rcc.o(i.RCC_APB1PeriphResetCmd) for RCC_APB1PeriphResetCmd
    stm32f10x_dac.o(i.DAC_DeInit) refers to stm32f10x_rcc.o(i.RCC_APB1PeriphResetCmd) for RCC_APB1PeriphResetCmd
    stm32f10x_flash.o(i.FLASH_EnableWriteProtection) refers to stm32f10x_flash.o(i.FLASH_WaitForLastOperation) for FLASH_WaitForLastOperation
    stm32f10x_flash.o(i.FLASH_EraseAllBank1Pages) refers to stm32f10x_flash.o(i.FLASH_WaitForLastBank1Operation) for FLASH_WaitForLastBank1Operation
    stm32f10x_flash.o(i.FLASH_EraseAllPages) refers to stm32f10x_flash.o(i.FLASH_WaitForLastOperation) for FLASH_WaitForLastOperation
    stm32f10x_flash.o(i.FLASH_EraseOptionBytes) refers to stm32f10x_flash.o(i.FLASH_GetReadOutProtectionStatus) for FLASH_GetReadOutProtectionStatus
    stm32f10x_flash.o(i.FLASH_EraseOptionBytes) refers to stm32f10x_flash.o(i.FLASH_WaitForLastOperation) for FLASH_WaitForLastOperation
    stm32f10x_flash.o(i.FLASH_ErasePage) refers to stm32f10x_flash.o(i.FLASH_WaitForLastOperation) for FLASH_WaitForLastOperation
    stm32f10x_flash.o(i.FLASH_ProgramHalfWord) refers to stm32f10x_flash.o(i.FLASH_WaitForLastOperation) for FLASH_WaitForLastOperation
    stm32f10x_flash.o(i.FLASH_ProgramOptionByteData) refers to stm32f10x_flash.o(i.FLASH_WaitForLastOperation) for FLASH_WaitForLastOperation
    stm32f10x_flash.o(i.FLASH_ProgramWord) refers to stm32f10x_flash.o(i.FLASH_WaitForLastOperation) for FLASH_WaitForLastOperation
    stm32f10x_flash.o(i.FLASH_ReadOutProtection) refers to stm32f10x_flash.o(i.FLASH_WaitForLastOperation) for FLASH_WaitForLastOperation
    stm32f10x_flash.o(i.FLASH_UserOptionByteConfig) refers to stm32f10x_flash.o(i.FLASH_WaitForLastOperation) for FLASH_WaitForLastOperation
    stm32f10x_flash.o(i.FLASH_WaitForLastBank1Operation) refers to stm32f10x_flash.o(i.FLASH_GetBank1Status) for FLASH_GetBank1Status
    stm32f10x_flash.o(i.FLASH_WaitForLastOperation) refers to stm32f10x_flash.o(i.FLASH_GetBank1Status) for FLASH_GetBank1Status
    stm32f10x_gpio.o(i.GPIO_AFIODeInit) refers to stm32f10x_rcc.o(i.RCC_APB2PeriphResetCmd) for RCC_APB2PeriphResetCmd
    stm32f10x_gpio.o(i.GPIO_DeInit) refers to stm32f10x_rcc.o(i.RCC_APB2PeriphResetCmd) for RCC_APB2PeriphResetCmd
    stm32f10x_i2c.o(i.I2C_DeInit) refers to stm32f10x_rcc.o(i.RCC_APB1PeriphResetCmd) for RCC_APB1PeriphResetCmd
    stm32f10x_i2c.o(i.I2C_Init) refers to stm32f10x_rcc.o(i.RCC_GetClocksFreq) for RCC_GetClocksFreq
    stm32f10x_pwr.o(i.PWR_DeInit) refers to stm32f10x_rcc.o(i.RCC_APB1PeriphResetCmd) for RCC_APB1PeriphResetCmd
[...]
    i.VL6180X_WriteByte                      0x08003ce0   Section        0  vl6180.o(i.VL6180X_WriteByte)
    i.VL6180_GPIO_Config                     0x08003d28   Section        0  vl6180.o(i.VL6180_GPIO_Config)
    i.VL6180_I2C_SCL_0                       0x08003df8   Section        0  vl6180.o(i.VL6180_I2C_SCL_0)
    i.VL6180_I2C_SCL_1                       0x08003e40   Section        0  vl6180.o(i.VL6180_I2C_SCL_1)
    i.VL6180_I2C_SDA_0                       0x08003e88   Section        0  vl6180.o(i.VL6180_I2C_SDA_0)
    i.VL6180_I2C_SDA_1                       0x08003ed8   Section        0  vl6180.o(i.VL6180_I2C_SDA_1)
    i.VL6180_I2C_SDA_READ                    0x08003f28   Section        0  vl6180.o(i.VL6180_I2C_SDA_READ)
    i.VL6180_NAcK                            0x08003f74   Section        0  vl6180.o(i.VL6180_NAcK)
    i.VL6180_ReadByte                        0x08003f86   Section        0  vl6180.o(i.VL6180_ReadByte)
    i.VL6180_SendByte                        0x08003fae   Section        0  vl6180.o(i.VL6180_SendByte)
    i.VL6180_Start                           0x08003fe0   Section        0  vl6180.o(i.VL6180_Start)
    i.VL6180_Stop                            0x08003ff6   Section        0  vl6180.o(i.VL6180_Stop)
    i.VL6180_WaitAck                         0x08004008   Section        0  vl6180.o(i.VL6180_WaitAck)
    i.Value_init                             0x08004028   Section        0  main.o(i.Value_init)
    i.WriteRawRC                             0x08004044   Section        0  rc522_function.o(i.WriteRawRC)
    i.__0printf                              0x08004110   Section        0  printfa.o(i.__0printf)
    i.__0sprintf                             0x08004130   Section        0  printfa.o(i.__0sprintf)
    i.__aeabi_errno_addr                     0x08004158   Section        0  errno.o(i.__aeabi_errno_addr)
    i.__read_errno                           0x08004160   Section        0  errno.o(i.__read_errno)
    i.__scatterload_copy                     0x0800416c   Section       14  handlers.o(i.__scatterload_copy)
    i.__scatterload_null                     0x0800417a   Section        2  handlers.o(i.__scatterload_null)
    i.__scatterload_zeroinit                 0x0800417c   Section       14  handlers.o(i.__scatterload_zeroinit)
    i.__set_errno                            0x0800418c   Section        0  errno.o(i.__set_errno)
    i._fp_digits                             0x08004198   Section        0  printfa.o(i._fp_digits)
    _fp_digits                               0x08004199   Thumb Code   366  printfa.o(i._fp_digits)
    i._is_digit                              0x0800431c   Section        0  scanf_fp.o(i._is_digit)
    i._printf_core                           0x0800432c   Section        0  printfa.o(i._printf_core)
    _printf_core                             0x0800432d   Thumb Code  1744  printfa.o(i._printf_core)
    i._printf_post_padding                   0x08004a08   Section        0  printfa.o(i._printf_post_padding)
    _printf_post_padding                     0x08004a09   Thumb Code    36  printfa.o(i._printf_post_padding)
    i._printf_pre_padding                    0x08004a2c   Section        0  printfa.o(i._printf_pre_padding)
    _printf_pre_padding                      0x08004a2d   Thumb Code    46  printfa.o(i._printf_pre_padding)
    i._sputc                                 0x08004a5a   Section        0  printfa.o(i._sputc)
    _sputc                                   0x08004a5b   Thumb Code    10  printfa.o(i._sputc)
    i.atof                                   0x08004a64   Section        0  atof.o(i.atof)
    i.basic_task                             0x08004a90   Section        0  main.o(i.basic_task)
    i.delay_ms                               0x08004b60   Section        0  delay.o(i.delay_ms)
    i.delay_us                               0x08004b76   Section        0  delay.o(i.delay_us)
    i.delay_us_iic                           0x08004b96   Section        0  delay.o(i.delay_us_iic)
    i.filter1                                0x08004bb8   Section        0  main.o(i.filter1)
    i.filter2                                0x08004bec   Section        0  main.o(i.filter2)
    i.filter3                                0x08004c20   Section        0  main.o(i.filter3)
    i.filter4                                0x08004c54   Section        0  main.o(i.filter4)
    i.fputc                                  0x08004c88   Section        0  usart.o(i.fputc)
    i.main                                   0x08004cec   Section        0  main.o(i.main)
    i.motion_task                            0x08004e90   Section        0  main.o(i.motion_task)
    i.motor_task                             0x08004e9c   Section        0  main.o(i.motor_task)
    i.offset_Init                            0x08004edc   Section        0  main.o(i.offset_Init)
    i.prvAddCurrentTaskToDelayedList         0x08004f78   Section        0  tasks.o(i.prvAddCurrentTaskToDelayedList)
    prvAddCurrentTaskToDelayedList           0x08004f79   Thumb Code   128  tasks.o(i.prvAddCurrentTaskToDelayedList)
    i.prvAddNewTaskToReadyList               0x08005000   Section        0  tasks.o(i.prvAddNewTaskToReadyList)
    prvAddNewTaskToReadyList                 0x08005001   Thumb Code   226  tasks.o(i.prvAddNewTaskToReadyList)
    i.prvCopyDataFromQueue                   0x080050f0   Section        0  queue.o(i.prvCopyDataFromQueue)
    prvCopyDataFromQueue                     0x080050f1   Thumb Code    38  queue.o(i.prvCopyDataFromQueue)
    i.prvCopyDataToQueue                     0x08005116   Section        0  queue.o(i.prvCopyDataToQueue)
    prvCopyDataToQueue                       0x08005117   Thumb Code    90  queue.o(i.prvCopyDataToQueue)
    i.prvDeleteTCB                           0x08005170   Section        0  tasks.o(i.prvDeleteTCB)
    prvDeleteTCB                             0x08005171   Thumb Code    20  tasks.o(i.prvDeleteTCB)
    i.prvHeapInit                            0x08005184   Section        0  heap_4.o(i.prvHeapInit)
    prvHeapInit                              0x08005185   Thumb Code    60  heap_4.o(i.prvHeapInit)
    i.prvIdleTask                            0x080051c8   Section        0  tasks.o(i.prvIdleTask)
    prvIdleTask                              0x080051c9   Thumb Code    82  tasks.o(i.prvIdleTask)
    i.prvInitialiseNewTask                   0x08005228   Section        0  tasks.o(i.prvInitialiseNewTask)
    prvInitialiseNewTask                     0x08005229   Thumb Code   112  tasks.o(i.prvInitialiseNewTask)
    i.prvInsertBlockIntoFreeList             0x08005298   Section        0  heap_4.o(i.prvInsertBlockIntoFreeList)
    prvInsertBlockIntoFreeList               0x08005299   Thumb Code    72  heap_4.o(i.prvInsertBlockIntoFreeList)
    i.prvIsQueueEmpty                        0x080052e4   Section        0  queue.o(i.prvIsQueueEmpty)
    prvIsQueueEmpty                          0x080052e5   Thumb Code    28  queue.o(i.prvIsQueueEmpty)
    i.prvResetNextTaskUnblockTime            0x08005300   Section        0  tasks.o(i.prvResetNextTaskUnblockTime)
    prvResetNextTaskUnblockTime              0x08005301   Thumb Code    24  tasks.o(i.prvResetNextTaskUnblockTime)
    i.prvTaskExitError                       0x0800531c   Section        0  port.o(i.prvTaskExitError)
    prvTaskExitError                         0x0800531d   Thumb Code    16  port.o(i.prvTaskExitError)
    i.prvUnlockQueue                         0x0800532c   Section        0  queue.o(i.prvUnlockQueue)
    prvUnlockQueue                           0x0800532d   Thumb Code   106  queue.o(i.prvUnlockQueue)
    i.pvPortMalloc                           0x08005398   Section        0  heap_4.o(i.pvPortMalloc)
    i.pxPortInitialiseStack                  0x08005430   Section        0  port.o(i.pxPortInitialiseStack)
    i.rcc_task                               0x08005454   Section        0  main.o(i.rcc_task)
    i.target_limit_float                     0x0800552c   Section        0  main.o(i.target_limit_float)
    i.tcs_task                               0x08005550   Section        0  main.o(i.tcs_task)
    i.uxListRemove                           0x08005570   Section        0  list.o(i.uxListRemove)
    i.vListInitialise                        0x08005596   Section        0  list.o(i.vListInitialise)
    i.vListInitialiseItem                    0x080055ac   Section        0  list.o(i.vListInitialiseItem)
    i.vListInsert                            0x080055b2   Section        0  list.o(i.vListInsert)
    i.vPortEnterCritical                     0x080055e4   Section        0  port.o(i.vPortEnterCritical)
    i.vPortExitCritical                      0x08005600   Section        0  port.o(i.vPortExitCritical)
    i.vPortFree                              0x08005614   Section        0  heap_4.o(i.vPortFree)
    i.vPortSetupTimerInterrupt               0x08005658   Section        0  port.o(i.vPortSetupTimerInterrupt)
    i.vTaskDelay                             0x08005670   Section        0  tasks.o(i.vTaskDelay)
    i.vTaskInternalSetTimeOutState           0x080056a0   Section        0  tasks.o(i.vTaskInternalSetTimeOutState)
    i.vTaskMissedYield                       0x080056b0   Section        0  tasks.o(i.vTaskMissedYield)
    i.vTaskPlaceOnEventList                  0x080056bc   Section        0  tasks.o(i.vTaskPlaceOnEventList)
    i.vTaskStartScheduler                    0x080056dc   Section        0  tasks.o(i.vTaskStartScheduler)
    i.vTaskSuspendAll                        0x0800572c   Section        0  tasks.o(i.vTaskSuspendAll)
    i.vTaskSwitchContext                     0x0800573c   Section        0  tasks.o(i.vTaskSwitchContext)
    i.xPortStartScheduler                    0x08005780   Section        0  port.o(i.xPortStartScheduler)
    i.xQueueGenericCreate                    0x080057b0   Section        0  queue.o(i.xQueueGenericCreate)
    i.xQueueGenericReset                     0x080057f8   Section        0  queue.o(i.xQueueGenericReset)
    i.xQueueGenericSend                      0x0800588c   Section        0  queue.o(i.xQueueGenericSend)
    i.xQueueReceive                          0x08005984   Section        0  queue.o(i.xQueueReceive)
    i.xTaskCheckForTimeOut                   0x08005a74   Section        0  tasks.o(i.xTaskCheckForTimeOut)
    i.xTaskCreate                            0x08005acc   Section        0  tasks.o(i.xTaskCreate)
    i.xTaskIncrementTick                     0x08005b28   Section        0  tasks.o(i.xTaskIncrementTick)
    i.xTaskRemoveFromEventList               0x08005c4c   Section        0  tasks.o(i.xTaskRemoveFromEventList)
    i.xTaskResumeAll                         0x08005d14   Section        0  tasks.o(i.xTaskResumeAll)
    .constdata                               0x08005e2c   Section      129  ctype_o.o(.constdata)
    .constdata                               0x08005eb0   Section        4  ctype_o.o(.constdata)
    table                                    0x08005eb0   Data           4  ctype_o.o(.constdata)
    .data                                    0x20000000   Section       20  stm32f10x_rcc.o(.data)
    ADCPrescTable                            0x20000000   Data           4  stm32f10x_rcc.o(.data)
    APBAHBPrescTable                         0x20000004   Data          16  stm32f10x_rcc.o(.data)
    .data                                    0x20000014   Section      112  main.o(.data)
    d10                                      0x20000015   Data           1  main.o(.data)
    sum                                      0x20000016   Data           2  main.o(.data)
    sum                                      0x20000018   Data           2  main.o(.data)
    sum                                      0x2000001a   Data           2  main.o(.data)
    sum                                      0x2000001c   Data           2  main.o(.data)
    buffer                                   0x20000022   Data           4  main.o(.data)
    ptr                                      0x20000028   Data           4  main.o(.data)
    buffer                                   0x2000002c   Data           4  main.o(.data)
    ptr                                      0x20000030   Data           4  main.o(.data)
    buffer                                   0x20000034   Data           4  main.o(.data)
    ptr                                      0x20000038   Data           4  main.o(.data)
    buffer                                   0x2000003c   Data           4  main.o(.data)
    ptr                                      0x20000040   Data           4  main.o(.data)
    errI                                     0x20000044   Data           4  main.o(.data)
    Lasterr                                  0x20000048   Data           4  main.o(.data)
    .data                                    0x20000084   Section       28  heap_4.o(.data)
    pxEnd                                    0x20000084   Data           4  heap_4.o(.data)
    xFreeBytesRemaining                      0x20000088   Data           4  heap_4.o(.data)
    xMinimumEverFreeBytesRemaining           0x2000008c   Data           4  heap_4.o(.data)
    xNumberOfSuccessfulAllocations           0x20000090   Data           4  heap_4.o(.data)
    xNumberOfSuccessfulFrees                 0x20000094   Data           4  heap_4.o(.data)
    xStart                                   0x20000098   Data           8  heap_4.o(.data)
    .data                                    0x200000a0   Section        4  port.o(.data)
    uxCriticalNesting                        0x200000a0   Data           4  port.o(.data)
    .data                                    0x200000a4   Section       64  tasks.o(.data)
    uxDeletedTasksWaitingCleanUp             0x200000a8   Data           4  tasks.o(.data)
    uxCurrentNumberOfTasks                   0x200000ac   Data           4  tasks.o(.data)
    xTickCount                               0x200000b0   Data           4  tasks.o(.data)
    uxTopReadyPriority                       0x200000b4   Data           4  tasks.o(.data)
    xSchedulerRunning                        0x200000b8   Data           4  tasks.o(.data)
    xPendedTicks                             0x200000bc   Data           4  tasks.o(.data)
    xYieldPending                            0x200000c0   Data           4  tasks.o(.data)
    xNumOfOverflows                          0x200000c4   Data           4  tasks.o(.data)
    uxTaskNumber                             0x200000c8   Data           4  tasks.o(.data)
    xNextTaskUnblockTime                     0x200000cc   Data           4  tasks.o(.data)
    xIdleTaskHandle                          0x200000d0   Data           4  tasks.o(.data)
    uxSchedulerSuspended                     0x200000d8   Data           4  tasks.o(.data)
    pxDelayedTaskList                        0x200000dc   Data           4  tasks.o(.data)
    pxOverflowDelayedTaskList                0x200000e0   Data           4  tasks.o(.data)
    .data                                    0x200000e4   Section        1  usart.o(.data)
    .data                                    0x200000e8   Section        4  usart.o(.data)
    .data                                    0x200000ec   Section        8  timer.o(.data)
    .data                                    0x200000f4   Section        1  vl6180.o(.data)
    .data                                    0x200000f8   Section        4  strtok.o(.data)
    state                                    0x200000f8   Data           4  strtok.o(.data)
    .data                                    0x200000fc   Section        4  errno.o(.data)
    _errno                                   0x200000fc   Data           4  errno.o(.data)
    .bss                                     0x20000100   Section      624  main.o(.bss)
    .bss                                     0x20000370   Section    17408  heap_4.o(.bss)
    ucHeap                                   0x20000370   Data       17408  heap_4.o(.bss)
    .bss                                     0x20004770   Section      200  tasks.o(.bss)
    pxReadyTasksLists                        0x20004770   Data         100  tasks.o(.bss)
    xDelayedTaskList1                        0x200047d4   Data          20  tasks.o(.bss)
    xDelayedTaskList2                        0x200047e8   Data          20  tasks.o(.bss)
    xPendingReadyList                        0x200047fc   Data          20  tasks.o(.bss)
    xTasksWaitingTermination                 0x20004810   Data          20  tasks.o(.bss)
    xSuspendedTaskList                       0x20004824   Data          20  tasks.o(.bss)
    STACK                                    0x20004838   Section     1024  startup_stm32f10x_hd.o(STACK)

    Global Symbols

    Symbol Name                              Value     Ov Type        Size  Object(Section)

    BuildAttributes$$THM_ISAv4$P$D$K$B$S$PE$A:L22UL41UL21$X:L11$S22US41US21$IEEE1$IW$USESV6$~STKCKD$USESV7$~SHL$OTIME$ROPI$IEEEJ$EBA8$MICROLIB$REQ8$PRES8$EABIv2 0x00000000   Number         0  anon$$obj.o ABSOLUTE
    __ARM_use_no_argv                        0x00000000   Number         0  main.o ABSOLUTE
    __use_no_errno                           0x00000000   Number         0  useno.o ABSOLUTE
    __use_no_exception_handling              0x00000000   Number         0  useno.o ABSOLUTE
    __use_no_fp                              0x00000000   Number         0  useno.o ABSOLUTE
    __use_no_heap                            0x00000000   Number         0  useno.o ABSOLUTE
    __use_no_heap_region                     0x00000000   Number         0  useno.o ABSOLUTE
    __use_no_semihosting                     0x00000000   Number         0  useno.o ABSOLUTE
    __use_no_semihosting_swi                 0x00000000   Number         0  useno.o ABSOLUTE
    __use_no_signal_handling                 0x00000000   Number         0  useno.o ABSOLUTE
    _printf_a                                0x00000000   Number         0  stubs.o ABSOLUTE
    _printf_c                                0x00000000   Number         0  stubs.o ABSOLUTE
    _printf_charcount                        0x00000000   Number         0  stubs.o ABSOLUTE
    _printf_d                                0x00000000   Number         0  stubs.o ABSOLUTE
    _printf_e                                0x00000000   Number         0  stubs.o ABSOLUTE
    _printf_f                                0x00000000   Number         0  stubs.o ABSOLUTE
    _printf_flags                            0x00000000   Number         0  stubs.o ABSOLUTE
    _printf_fp_dec                           0x00000000   Number         0  stubs.o ABSOLUTE
    _printf_fp_hex                           0x00000000   Number         0  stubs.o ABSOLUTE
    _printf_g                                0x00000000   Number         0  stubs.o ABSOLUTE
    _printf_i                                0x00000000   Number         0  stubs.o ABSOLUTE
    _printf_int_dec                          0x00000000   Number         0  stubs.o ABSOLUTE
    _printf_l                                0x00000000   Number         0  stubs.o ABSOLUTE
    _printf_lc                               0x00000000   Number         0  stubs.o ABSOLUTE
    _printf_ll                               0x00000000   Number         0  stubs.o ABSOLUTE
    _printf_lld                              0x00000000   Number         0  stubs.o ABSOLUTE
    _printf_lli                              0x00000000   Number         0  stubs.o ABSOLUTE
    _printf_llo                              0x00000000   Number         0  stubs.o ABSOLUTE
    _printf_llu                              0x00000000   Number         0  stubs.o ABSOLUTE
    _printf_llx                              0x00000000   Number         0  stubs.o ABSOLUTE
    _printf_longlong_dec                     0x00000000   Number         0  stubs.o ABSOLUTE
    _printf_longlong_hex                     0x00000000   Number         0  stubs.o ABSOLUTE
    _printf_longlong_oct                     0x00000000   Number         0  stubs.o ABSOLUTE
    _printf_ls                               0x00000000   Number         0  stubs.o ABSOLUTE
    _printf_mbtowc                           0x00000000   Number         0  stubs.o ABSOLUTE
    _printf_n                                0x00000000   Number         0  stubs.o ABSOLUTE
    _printf_o                                0x00000000   Number         0  stubs.o ABSOLUTE
    _printf_p                                0x00000000   Number         0  stubs.o ABSOLUTE
    _printf_percent                          0x00000000   Number         0  stubs.o ABSOLUTE
    _printf_pre_padding                      0x00000000   Number         0  stubs.o ABSOLUTE
    _printf_return_value                     0x00000000   Number         0  stubs.o ABSOLUTE
    _printf_s                                0x00000000   Number         0  stubs.o ABSOLUTE
    _printf_sizespec                         0x00000000   Number         0  stubs.o ABSOLUTE
    _printf_str                              0x00000000   Number         0  stubs.o ABSOLUTE
    _printf_truncate_signed                  0x00000000   Number         0  stubs.o ABSOLUTE
    _printf_truncate_unsigned                0x00000000   Number         0  stubs.o ABSOLUTE
    _printf_u                                0x00000000   Number         0  stubs.o ABSOLUTE
    _printf_wc                               0x00000000   Number         0  stubs.o ABSOLUTE
    _printf_wctomb                           0x00000000   Number         0  stubs.o ABSOLUTE
    _printf_widthprec                        0x00000000   Number         0  stubs.o ABSOLUTE
    _printf_x                                0x00000000   Number         0  stubs.o ABSOLUTE
    __cpp_initialize__aeabi_                  - Undefined Weak Reference
    __cxa_finalize                            - Undefined Weak Reference
    __decompress                              - Undefined Weak Reference
    _clock_init                               - Undefined Weak Reference
    _microlib_exit                            - Undefined Weak Reference
    __Vectors_Size                           0x00000130   Number         0  startup_stm32f10x_hd.o ABSOLUTE
    __Vectors                                0x08000000   Data           4  startup_stm32f10x_hd.o(RESET)
    __Vectors_End                            0x08000130   Data           0  startup_stm32f10x_hd.o(RESET)
    __main                                   0x08000131   Thumb Code     0  entry.o(.ARM.Collect$$$$00000000)
    _main_stk                                0x08000131   Thumb Code     0  entry2.o(.ARM.Collect$$$$00000001)
    _main_scatterload                        0x08000135   Thumb Code     0  entry5.o(.ARM.Collect$$$$00000004)
    __main_after_scatterload                 0x08000139   Thumb Code     0  entry5.o(.ARM.Collect$$$$00000004)
    _main_clock                              0x08000139   Thumb Code     0  entry7b.o(.ARM.Collect$$$$00000008)
    _main_cpp_init                           0x08000139   Thumb Code     0  entry8b.o(.ARM.Collect$$$$0000000A)
    _main_init                               0x08000139   Thumb Code     0  entry9a.o(.ARM.Collect$$$$0000000B)
    __rt_final_cpp                           0x08000141   Thumb Code     0  entry10a.o(.ARM.Collect$$$$0000000D)
    __rt_final_exit                          0x08000141   Thumb Code     0  entry11a.o(.ARM.Collect$$$$0000000F)
    SVC_Handler                              0x08000145   Thumb Code    32  port.o(.emb_text)
    __asm___6_port_c_39a90d8d__prvStartFirstTask 0x08000169   Thumb Code    28  port.o(.emb_text)
    PendSV_Handler                           0x08000189   Thumb Code    72  port.o(.emb_text)
    vPortGetIPSR                             0x080001d5   Thumb Code     6  port.o(.emb_text)
    Reset_Handler                            0x080001dd   Thumb Code     8  startup_stm32f10x_hd.o(.text)
    ADC1_2_IRQHandler                        0x080001f7   Thumb Code     0  startup_stm32f10x_hd.o(.text)
    ADC3_IRQHandler                          0x080001f7   Thumb Code     0  startup_stm32f10x_hd.o(.text)
    CAN1_RX1_IRQHandler                      0x080001f7   Thumb Code     0  startup_stm32f10x_hd.o(.text)
    CAN1_SCE_IRQHandler                      0x080001f7   Thumb Code     0  startup_stm32f10x_hd.o(.text)
    DMA1_Channel1_IRQHandler                 0x080001f7   Thumb Code     0  startup_stm32f10x_hd.o(.text)
    DMA1_Channel2_IRQHandler                 0x080001f7   Thumb Code     0  startup_stm32f10x_hd.o(.text)
    DMA1_Channel3_IRQHandler                 0x080001f7   Thumb Code     0  startup_stm32f10x_hd.o(.text)
    DMA1_Channel4_IRQHandler                 0x080001f7   Thumb Code     0  startup_stm32f10x_hd.o(.text)
    DMA1_Channel5_IRQHandler                 0x080001f7   Thumb Code     0  startup_stm32f10x_hd.o(.text)
    DMA1_Channel6_IRQHandler                 0x080001f7   Thumb Code     0  startup_stm32f10x_hd.o(.text)
    DMA1_Channel7_IRQHandler                 0x080001f7   Thumb Code     0  startup_stm32f10x_hd.o(.text)
    DMA2_Channel1_IRQHandler                 0x080001f7   Thumb Code     0  startup_stm32f10x_hd.o(.text)
    DMA2_Channel2_IRQHandler                 0x080001f7   Thumb Code     0  startup_stm32f10x_hd.o(.text)
    DMA2_Channel3_IRQHandler                 0x080001f7   Thumb Code     0  startup_stm32f10x_hd.o(.text)
    DMA2_Channel4_5_IRQHandler               0x080001f7   Thumb Code     0  startup_stm32f10x_hd.o(.text)
    EXTI0_IRQHandler                         0x080001f7   Thumb Code     0  startup_stm32f10x_hd.o(.text)
    EXTI15_10_IRQHandler                     0x080001f7   Thumb Code     0  startup_stm32f10x_hd.o(.text)
    EXTI1_IRQHandler                         0x080001f7   Thumb Code     0  startup_stm32f10x_hd.o(.text)
    EXTI2_IRQHandler                         0x080001f7   Thumb Code     0  startup_stm32f10x_hd.o(.text)
    EXTI3_IRQHandler                         0x080001f7   Thumb Code     0  startup_stm32f10x_hd.o(.text)
    EXTI4_IRQHandler                         0x080001f7   Thumb Code     0  startup_stm32f10x_hd.o(.text)
    EXTI9_5_IRQHandler                       0x080001f7   Thumb Code     0  startup_stm32f10x_hd.o(.text)
    FLASH_IRQHandler                         0x080001f7   Thumb Code     0  startup_stm32f10x_hd.o(.text)
    FSMC_IRQHandler                          0x080001f7   Thumb Code     0  startup_stm32f10x_hd.o(.text)
    I2C1_ER_IRQHandler                       0x080001f7   Thumb Code     0  startup_stm32f10x_hd.o(.text)
    I2C1_EV_IRQHandler                       0x080001f7   Thumb Code     0  startup_stm32f10x_hd.o(.text)
    I2C2_ER_IRQHandler                       0x080001f7   Thumb Code     0  startup_stm32f10x_hd.o(.text)
    I2C2_EV_IRQHandler                       0x080001f7   Thumb Code     0  startup_stm32f10x_hd.o(.text)
    PVD_IRQHandler                           0x080001f7   Thumb Code     0  startup_stm32f10x_hd.o(.text)
    RCC_IRQHandler                           0x080001f7   Thumb Code     0  startup_stm32f10x_hd.o(.text)
    RTCAlarm_IRQHandler                      0x080001f7   Thumb Code     0  startup_stm32f10x_hd.o(.text)
    RTC_IRQHandler                           0x080001f7   Thumb Code     0  startup_stm32f10x_hd.o(.text)
    SDIO_IRQHandler                          0x080001f7   Thumb Code     0  startup_stm32f10x_hd.o(.text)
    SPI1_IRQHandler                          0x080001f7   Thumb Code     0  startup_stm32f10x_hd.o(.text)
    SPI2_IRQHandler                          0x080001f7   Thumb Code     0  startup_stm32f10x_hd.o(.text)
    SPI3_IRQHandler                          0x080001f7   Thumb Code     0  startup_stm32f10x_hd.o(.text)
    TAMPER_IRQHandler                        0x080001f7   Thumb Code     0  startup_stm32f10x_hd.o(.text)
    TIM1_BRK_IRQHandler                      0x080001f7   Thumb Code     0  startup_stm32f10x_hd.o(.text)
    TIM1_CC_IRQHandler                       0x080001f7   Thumb Code     0  startup_stm32f10x_hd.o(.text)
    TIM1_TRG_COM_IRQHandler                  0x080001f7   Thumb Code     0  startup_stm32f10x_hd.o(.text)
    TIM1_UP_IRQHandler                       0x080001f7   Thumb Code     0  startup_stm32f10x_hd.o(.text)
    TIM2_IRQHandler                          0x080001f7   Thumb Code     0  startup_stm32f10x_hd.o(.text)
    TIM4_IRQHandler                          0x080001f7   Thumb Code     0  startup_stm32f10x_hd.o(.text)
    TIM5_IRQHandler                          0x080001f7   Thumb Code     0  startup_stm32f10x_hd.o(.text)
    TIM6_IRQHandler                          0x080001f7   Thumb Code     0  startup_stm32f10x_hd.o(.text)
    TIM7_IRQHandler                          0x080001f7   Thumb Code     0  startup_stm32f10x_hd.o(.text)
    TIM8_BRK_IRQHandler                      0x080001f7   Thumb Code     0  startup_stm32f10x_hd.o(.text)
    TIM8_CC_IRQHandler                       0x080001f7   Thumb Code     0  startup_stm32f10x_hd.o(.text)
    TIM8_TRG_COM_IRQHandler                  0x080001f7   Thumb Code     0  startup_stm32f10x_hd.o(.text)
    TIM8_UP_IRQHandler                       0x080001f7   Thumb Code     0  startup_stm32f10x_hd.o(.text)
    UART5_IRQHandler                         0x080001f7   Thumb Code     0  startup_stm32f10x_hd.o(.text)
    USBWakeUp_IRQHandler                     0x080001f7   Thumb Code     0  startup_stm32f10x_hd.o(.text)
    USB_HP_CAN1_TX_IRQHandler                0x080001f7   Thumb Code     0  startup_stm32f10x_hd.o(.text)
    USB_LP_CAN1_RX0_IRQHandler               0x080001f7   Thumb Code     0  startup_stm32f10x_hd.o(.text)
    WWDG_IRQHandler                          0x080001f7   Thumb Code     0  startup_stm32f10x_hd.o(.text)
    __aeabi_memcpy                           0x08000201   Thumb Code    36  memcpya.o(.text)
    __aeabi_memcpy4                          0x08000201   Thumb Code     0  memcpya.o(.text)
    __aeabi_memcpy8                          0x08000201   Thumb Code     0  memcpya.o(.text)
    __aeabi_memset                           0x08000225   Thumb Code    14  memseta.o(.text)
    __aeabi_memset4                          0x08000225   Thumb Code     0  memseta.o(.text)
    __aeabi_memset8                          0x08000225   Thumb Code     0  memseta.o(.text)
    __aeabi_memclr                           0x08000233   Thumb Code     4  memseta.o(.text)
    __aeabi_memclr4                          0x08000233   Thumb Code     0  memseta.o(.text)
    __aeabi_memclr8                          0x08000233   Thumb Code     0  memseta.o(.text)
    _memset$wrapper                          0x08000237   Thumb Code    18  memseta.o(.text)
    strstr                                   0x08000249   Thumb Code    36  strstr.o(.text)
    strlen                                   0x0800026d   Thumb Code    14  strlen.o(.text)
    strtok                                   0x0800027d   Thumb Code    62  strtok.o(.text)
    atoi                                     0x080002c1   Thumb Code    26  atoi.o(.text)
    __aeabi_fadd                             0x080002db   Thumb Code   164  fadd.o(.text)
    __aeabi_fsub                             0x0800037f   Thumb Code     6  fadd.o(.text)
    __aeabi_frsub                            0x08000385   Thumb Code     6  fadd.o(.text)
    __aeabi_fmul                             0x0800038b   Thumb Code   100  fmul.o(.text)
    __ARM_scalbnf                            0x080003ef   Thumb Code    24  fscalb.o(.text)
    scalbnf                                  0x080003ef   Thumb Code     0  fscalb.o(.text)
    __aeabi_dadd                             0x08000407   Thumb Code   322  dadd.o(.text)
    __aeabi_dsub                             0x08000549   Thumb Code     6  dadd.o(.text)
    __aeabi_drsub                            0x0800054f   Thumb Code     6  dadd.o(.text)
    __aeabi_dmul                             0x08000555   Thumb Code   228  dmul.o(.text)
    __aeabi_ddiv                             0x08000639   Thumb Code   222  ddiv.o(.text)
    __ARM_scalbn                             0x08000717   Thumb Code    46  dscalb.o(.text)
    scalbn                                   0x08000717   Thumb Code     0  dscalb.o(.text)
    __aeabi_i2f                              0x08000745   Thumb Code    18  fflti.o(.text)
    __aeabi_i2d                              0x08000757   Thumb Code    34  dflti.o(.text)
    __aeabi_ui2d                             0x08000779   Thumb Code    26  dfltui.o(.text)
    __aeabi_f2iz                             0x08000793   Thumb Code    50  ffixi.o(.text)
    __aeabi_f2d                              0x080007c5   Thumb Code    38  f2d.o(.text)
    __aeabi_cdcmpeq                          0x080007ed   Thumb Code     0  cdcmple.o(.text)
    __aeabi_cdcmple                          0x080007ed   Thumb Code    48  cdcmple.o(.text)
    __aeabi_cdrcmple                         0x0800081d   Thumb Code    48  cdrcmple.o(.text)
    __aeabi_d2f                              0x0800084d   Thumb Code    56  d2f.o(.text)
    __aeabi_cfcmpeq                          0x08000885   Thumb Code     0  cfcmple.o(.text)
    __aeabi_cfcmple                          0x08000885   Thumb Code    20  cfcmple.o(.text)
    __aeabi_cfrcmple                         0x08000899   Thumb Code    20  cfrcmple.o(.text)
    __aeabi_uidiv                            0x080008ad   Thumb Code     0  uidiv.o(.text)
    __aeabi_uidivmod                         0x080008ad   Thumb Code    44  uidiv.o(.text)
    __aeabi_uldivmod                         0x080008d9   Thumb Code    98  uldiv.o(.text)
    __aeabi_llsl                             0x0800093b   Thumb Code    30  llshl.o(.text)
    _ll_shift_l                              0x0800093b   Thumb Code     0  llshl.o(.text)
    __aeabi_llsr                             0x08000959   Thumb Code    32  llushr.o(.text)
    _ll_ushift_r                             0x08000959   Thumb Code     0  llushr.o(.text)
    __aeabi_lasr                             0x08000979   Thumb Code    36  llsshr.o(.text)
    _ll_sshift_r                             0x08000979   Thumb Code     0  llsshr.o(.text)
    __strtod_int                             0x080009d3   Thumb Code    90  strtod.o(.text)
    strtol                                   0x08000a39   Thumb Code   112  strtol.o(.text)
    __I$use$fp                               0x08000aa9   Thumb Code     0  iusefp.o(.text)
    _float_round                             0x08000aa9   Thumb Code    18  fepilogue.o(.text)
    _float_epilogue                          0x08000abb   Thumb Code    92  fepilogue.o(.text)
    _double_round                            0x08000b17   Thumb Code    30  depilogue.o(.text)
    _double_epilogue                         0x08000b35   Thumb Code   156  depilogue.o(.text)
    __aeabi_d2ulz                            0x08000bd1   Thumb Code    48  dfixul.o(.text)
    __scatterload                            0x08000c01   Thumb Code    28  init.o(.text)
    __scatterload_rt2                        0x08000c01   Thumb Code     0  init.o(.text)
    __rt_ctype_table                         0x08000c25   Thumb Code     4  ctype_o.o(.text)
    isspace                                  0x08000c2d   Thumb Code    18  isspace_o.o(.text)
    _scanf_real                              0x08000d69   Thumb Code     0  scanf_fp.o(.text)
    _scanf_really_real                       0x08000d69   Thumb Code   556  scanf_fp.o(.text)
    _sgetc                                   0x08000fa1   Thumb Code    30  _sgetc.o(.text)
    _sbackspace                              0x08000fbf   Thumb Code    34  _sgetc.o(.text)
    _strtoul                                 0x08000fe1   Thumb Code   158  _strtoul.o(.text)
    _chval                                   0x0800107f   Thumb Code    28  _chval.o(.text)
    __aeabi_ul2d                             0x0800109b   Thumb Code    24  dfltul.o(.text)
    BEEP_OFF                                 0x080010b5   Thumb Code     8  led.o(i.BEEP_OFF)
    BEEP_ON                                  0x080010c1   Thumb Code     8  led.o(i.BEEP_ON)
    BusFault_Handler                         0x080010cd   Thumb Code     2  stm32f10x_it.o(i.BusFault_Handler)
    CAN_FilterInit                           0x080010d1   Thumb Code   194  stm32f10x_can.o(i.CAN_FilterInit)
    CAN_Init                                 0x0800119d   Thumb Code   232  stm32f10x_can.o(i.CAN_Init)
    CAN_MessagePending                       0x08001285   Thumb Code    22  stm32f10x_can.o(i.CAN_MessagePending)
    CAN_Mode_Init                            0x0800129d   Thumb Code   184  main.o(i.CAN_Mode_Init)
    CAN_Receive                              0x0800135d   Thumb Code   144  stm32f10x_can.o(i.CAN_Receive)
    CAN_Transmit                             0x080013ed   Thumb Code   164  stm32f10x_can.o(i.CAN_Transmit)
    CAN_TransmitStatus                       0x08001491   Thumb Code    88  stm32f10x_can.o(i.CAN_TransmitStatus)
    CalulateCRC                              0x080014fd   Thumb Code   102  rc522_function.o(i.CalulateCRC)
    Can_Receive_Msg                          0x08001565   Thumb Code    70  main.o(i.Can_Receive_Msg)
    Can_Send_Msg                             0x080015b5   Thumb Code    96  main.o(i.Can_Send_Msg)
    ClearBitMask                             0x08001619   Thumb Code    24  rc522_function.o(i.ClearBitMask)
    DebugMon_Handler                         0x08001631   Thumb Code     2  stm32f10x_it.o(i.DebugMon_Handler)
    FOC_ANGLE_SET                            0x08001635   Thumb Code   106  main.o(i.FOC_ANGLE_SET)
    GPIO_Init                                0x080016b1   Thumb Code   162  stm32f10x_gpio.o(i.GPIO_Init)
    GPIO_PinRemapConfig                      0x08001755   Thumb Code    82  stm32f10x_gpio.o(i.GPIO_PinRemapConfig)
    GPIO_ReadInputDataBit                    0x080017ad   Thumb Code    14  stm32f10x_gpio.o(i.GPIO_ReadInputDataBit)
    GPIO_ReadOutputDataBit                   0x080017bb   Thumb Code    14  stm32f10x_gpio.o(i.GPIO_ReadOutputDataBit)
    GPIO_ResetBits                           0x080017c9   Thumb Code     4  stm32f10x_gpio.o(i.GPIO_ResetBits)
    GPIO_SetBits                             0x080017cd   Thumb Code     4  stm32f10x_gpio.o(i.GPIO_SetBits)
    HardFault_Handler                        0x080017d1   Thumb Code     2  stm32f10x_it.o(i.HardFault_Handler)
    LED_Init                                 0x080017d5   Thumb Code   138  led.o(i.LED_Init)
    LED_Turn                                 0x08001869   Thumb Code    40  led.o(i.LED_Turn)
    Lazer_Average                            0x08001895   Thumb Code    90  main.o(i.Lazer_Average)
    Lazer_task                               0x080018f5   Thumb Code   174  main.o(i.Lazer_task)
    MPU_task                                 0x080019a9   Thumb Code   210  main.o(i.MPU_task)
    Master_task                              0x08001aad   Thumb Code   218  main.o(i.Master_task)
    MemManage_Handler                        0x08001b91   Thumb Code     2  stm32f10x_it.o(i.MemManage_Handler)
    Mission_handler                          0x08001b95   Thumb Code  1704  main.o(i.Mission_handler)
    Mission_manager                          0x08002281   Thumb Code    40  main.o(i.Mission_manager)
    NMI_Handler                              0x080022bd   Thumb Code     2  stm32f10x_it.o(i.NMI_Handler)
    NVIC_Init                                0x080022c1   Thumb Code    94  misc.o(i.NVIC_Init)
    NVIC_PriorityGroupConfig                 0x08002325   Thumb Code    10  misc.o(i.NVIC_PriorityGroupConfig)
    PID_Set                                  0x08002339   Thumb Code   200  main.o(i.PID_Set)
    PcdAntennaOff                            0x08002409   Thumb Code     8  rc522_function.o(i.PcdAntennaOff)
    PcdAntennaOn                             0x08002411   Thumb Code    26  rc522_function.o(i.PcdAntennaOn)
    PcdAnticoll                              0x0800242b   Thumb Code   108  rc522_function.o(i.PcdAnticoll)
    PcdComMF522                              0x08002497   Thumb Code   284  rc522_function.o(i.PcdComMF522)
    PcdHalt                                  0x080025b3   Thumb Code    50  rc522_function.o(i.PcdHalt)
    PcdRead                                  0x080025e5   Thumb Code    76  rc522_function.o(i.PcdRead)
    PcdRequest                               0x08002631   Thumb Code    82  rc522_function.o(i.PcdRequest)
    PcdReset                                 0x08002685   Thumb Code   122  rc522_function.o(i.PcdReset)
    PcdSelect                                0x08002705   Thumb Code   100  rc522_function.o(i.PcdSelect)
    RC522_Init                               0x08002769   Thumb Code    30  rc522_function.o(i.RC522_Init)
    RC522_SPI_Config                         0x08002791   Thumb Code   154  rc522_config.o(i.RC522_SPI_Config)
    RCC_APB1PeriphClockCmd                   0x08002835   Thumb Code    18  stm32f10x_rcc.o(i.RCC_APB1PeriphClockCmd)
    RCC_APB2PeriphClockCmd                   0x0800284d   Thumb Code    18  stm32f10x_rcc.o(i.RCC_APB2PeriphClockCmd)
    RCC_GetClocksFreq                        0x08002865   Thumb Code   128  stm32f10x_rcc.o(i.RCC_GetClocksFreq)
    RGBtoHSL                                 0x080028f5   Thumb Code   208  tcs34725.o(i.RGBtoHSL)
    ReadRawRC                                0x080029c5   Thumb Code   204  rc522_function.o(i.ReadRawRC)
    RealSpeed                                0x08002a95   Thumb Code    54  main.o(i.RealSpeed)
    SPI1_Init                                0x08002ad9   Thumb Code   126  rc522_function.o(i.SPI1_Init)
    Sender_task                              0x08002b61   Thumb Code    46  main.o(i.Sender_task)
    Serial_Init                              0x08002b9d   Thumb Code   632  usart.o(i.Serial_Init)
    SetBitMask                               0x08002e31   Thumb Code    24  rc522_function.o(i.SetBitMask)
    Side_Range                               0x08002ef1   Thumb Code     8  vl6180.o(i.Side_Range)
    Speed_Cul                                0x08002efd   Thumb Code   176  main.o(i.Speed_Cul)
    Speed_Get                                0x08002fc9   Thumb Code   152  main.o(i.Speed_Get)
    SysTick_Handler                          0x0800306d   Thumb Code    38  port.o(i.SysTick_Handler)
    SystemInit                               0x08003099   Thumb Code    64  system_stm32f10x.o(i.SystemInit)
    TCS34725_Enable                          0x080030e9   Thumb Code    36  tcs34725.o(i.TCS34725_Enable)
    TCS34725_GetChannelData                  0x0800310d   Thumb Code    20  tcs34725.o(i.TCS34725_GetChannelData)
    TCS34725_GetRawData                      0x08003121   Thumb Code    64  tcs34725.o(i.TCS34725_GetRawData)
    TCS34725_I2C_ACK                         0x08003161   Thumb Code    60  tcs34725.o(i.TCS34725_I2C_ACK)
    TCS34725_I2C_Init                        0x080031a1   Thumb Code    50  tcs34725.o(i.TCS34725_I2C_Init)
    TCS34725_I2C_NACK                        0x080031d9   Thumb Code    60  tcs34725.o(i.TCS34725_I2C_NACK)
    TCS34725_I2C_Read                        0x08003219   Thumb Code    80  tcs34725.o(i.TCS34725_I2C_Read)
    TCS34725_I2C_Read_Byte                   0x08003269   Thumb Code   102  tcs34725.o(i.TCS34725_I2C_Read_Byte)
    TCS34725_I2C_Send_Byte                   0x080032d5   Thumb Code    98  tcs34725.o(i.TCS34725_I2C_Send_Byte)
    TCS34725_I2C_Start                       0x0800333d   Thumb Code    62  tcs34725.o(i.TCS34725_I2C_Start)
    TCS34725_I2C_Stop                        0x08003381   Thumb Code    62  tcs34725.o(i.TCS34725_I2C_Stop)
    TCS34725_I2C_Wait_ACK                    0x080033c5   Thumb Code    80  tcs34725.o(i.TCS34725_I2C_Wait_ACK)
    TCS34725_I2C_Write                       0x08003419   Thumb Code    68  tcs34725.o(i.TCS34725_I2C_Write)
    TCS34725_Init                            0x0800345d   Thumb Code    74  tcs34725.o(i.TCS34725_Init)
    TCS34725_Read                            0x080034a7   Thumb Code    44  tcs34725.o(i.TCS34725_Read)
    TCS34725_SetGain                         0x080034d3   Thumb Code    14  tcs34725.o(i.TCS34725_SetGain)
    TCS34725_SetIntegrationTime              0x080034e1   Thumb Code    14  tcs34725.o(i.TCS34725_SetIntegrationTime)
    TCS34725_Write                           0x080034ef   Thumb Code    56  tcs34725.o(i.TCS34725_Write)
    TCS_SDA_IN                               0x08003529   Thumb Code    40  tcs34725.o(i.TCS_SDA_IN)
    TCS_SDA_OUT                              0x08003555   Thumb Code    40  tcs34725.o(i.TCS_SDA_OUT)
    TIM3_IRQHandler                          0x08003581   Thumb Code    40  timer.o(i.TIM3_IRQHandler)
    TIM_ClearITPendingBit                    0x080035b1   Thumb Code     6  stm32f10x_tim.o(i.TIM_ClearITPendingBit)
    TIM_GetITStatus                          0x080035b7   Thumb Code    24  stm32f10x_tim.o(i.TIM_GetITStatus)
    UART4_IRQHandler                         0x080035d1   Thumb Code   176  main.o(i.UART4_IRQHandler)
    USART1_IRQHandler                        0x08003689   Thumb Code   176  main.o(i.USART1_IRQHandler)
    USART2_IRQHandler                        0x08003741   Thumb Code   246  main.o(i.USART2_IRQHandler)
    USART3_IRQHandler                        0x08003851   Thumb Code   192  main.o(i.USART3_IRQHandler)
    USART_ClearITPendingBit                  0x08003919   Thumb Code    12  stm32f10x_usart.o(i.USART_ClearITPendingBit)
    USART_Cmd                                0x08003925   Thumb Code    20  stm32f10x_usart.o(i.USART_Cmd)
    USART_GetITStatus                        0x08003939   Thumb Code    62  stm32f10x_usart.o(i.USART_GetITStatus)
    USART_ITConfig                           0x08003977   Thumb Code    48  stm32f10x_usart.o(i.USART_ITConfig)
    USART_Init                               0x080039a9   Thumb Code   166  stm32f10x_usart.o(i.USART_Init)
    USART_ReceiveData                        0x08003a55   Thumb Code     8  stm32f10x_usart.o(i.USART_ReceiveData)
    UsageFault_Handler                       0x08003a5d   Thumb Code     2  stm32f10x_it.o(i.UsageFault_Handler)
    User_Init                                0x08003a61   Thumb Code    88  main.o(i.User_Init)
    VL6180X_Init                             0x08003ac5   Thumb Code   402  vl6180.o(i.VL6180X_Init)
    VL6180X_ReadByte                         0x08003c61   Thumb Code    72  vl6180.o(i.VL6180X_ReadByte)
    VL6180X_Read_ID                          0x08003ca9   Thumb Code     6  vl6180.o(i.VL6180X_Read_ID)
    VL6180X_Read_Range                       0x08003caf   Thumb Code    50  vl6180.o(i.VL6180X_Read_Range)
    VL6180X_WriteByte                        0x08003ce1   Thumb Code    72  vl6180.o(i.VL6180X_WriteByte)
    VL6180_GPIO_Config                       0x08003d29   Thumb Code   188  vl6180.o(i.VL6180_GPIO_Config)
    VL6180_I2C_SCL_0                         0x08003df9   Thumb Code    60  vl6180.o(i.VL6180_I2C_SCL_0)
    VL6180_I2C_SCL_1                         0x08003e41   Thumb Code    60  vl6180.o(i.VL6180_I2C_SCL_1)
    VL6180_I2C_SDA_0                         0x08003e89   Thumb Code    64  vl6180.o(i.VL6180_I2C_SDA_0)
    VL6180_I2C_SDA_1                         0x08003ed9   Thumb Code    64  vl6180.o(i.VL6180_I2C_SDA_1)
    VL6180_I2C_SDA_READ                      0x08003f29   Thumb Code    58  vl6180.o(i.VL6180_I2C_SDA_READ)
    VL6180_NAcK                              0x08003f75   Thumb Code    18  vl6180.o(i.VL6180_NAcK)
    VL6180_ReadByte                          0x08003f87   Thumb Code    40  vl6180.o(i.VL6180_ReadByte)
    VL6180_SendByte                          0x08003faf   Thumb Code    50  vl6180.o(i.VL6180_SendByte)
    VL6180_Start                             0x08003fe1   Thumb Code    22  vl6180.o(i.VL6180_Start)
    VL6180_Stop                              0x08003ff7   Thumb Code    18  vl6180.o(i.VL6180_Stop)
    VL6180_WaitAck                           0x08004009   Thumb Code    30  vl6180.o(i.VL6180_WaitAck)
    Value_init                               0x08004029   Thumb Code    24  main.o(i.Value_init)
    WriteRawRC                               0x08004045   Thumb Code   200  rc522_function.o(i.WriteRawRC)
    __0printf                                0x08004111   Thumb Code    22  printfa.o(i.__0printf)
    __1printf                                0x08004111   Thumb Code     0  printfa.o(i.__0printf)
    __2printf                                0x08004111   Thumb Code     0  printfa.o(i.__0printf)
    __c89printf                              0x08004111   Thumb Code     0  printfa.o(i.__0printf)
    printf                                   0x08004111   Thumb Code     0  printfa.o(i.__0printf)
    __0sprintf                               0x08004131   Thumb Code    34  printfa.o(i.__0sprintf)
    __1sprintf                               0x08004131   Thumb Code     0  printfa.o(i.__0sprintf)
    __2sprintf                               0x08004131   Thumb Code     0  printfa.o(i.__0sprintf)
    __c89sprintf                             0x08004131   Thumb Code     0  printfa.o(i.__0sprintf)
    sprintf                                  0x08004131   Thumb Code     0  printfa.o(i.__0sprintf)
    __aeabi_errno_addr                       0x08004159   Thumb Code     4  errno.o(i.__aeabi_errno_addr)
    __rt_errno_addr                          0x08004159   Thumb Code     0  errno.o(i.__aeabi_errno_addr)
    __read_errno                             0x08004161   Thumb Code     6  errno.o(i.__read_errno)
    __scatterload_copy                       0x0800416d   Thumb Code    14  handlers.o(i.__scatterload_copy)
    __scatterload_null                       0x0800417b   Thumb Code     2  handlers.o(i.__scatterload_null)
    __scatterload_zeroinit                   0x0800417d   Thumb Code    14  handlers.o(i.__scatterload_zeroinit)
    __set_errno                              0x0800418d   Thumb Code     6  errno.o(i.__set_errno)
    _is_digit                                0x0800431d   Thumb Code    14  scanf_fp.o(i._is_digit)
    atof                                     0x08004a65   Thumb Code    42  atof.o(i.atof)
    basic_task                               0x08004a91   Thumb Code   148  main.o(i.basic_task)
    delay_ms                                 0x08004b61   Thumb Code    22  delay.o(i.delay_ms)
    delay_us                                 0x08004b77   Thumb Code    32  delay.o(i.delay_us)
    delay_us_iic                             0x08004b97   Thumb Code    32  delay.o(i.delay_us_iic)
    filter1                                  0x08004bb9   Thumb Code    46  main.o(i.filter1)
    filter2                                  0x08004bed   Thumb Code    46  main.o(i.filter2)
    filter3                                  0x08004c21   Thumb Code    46  main.o(i.filter3)
    filter4                                  0x08004c55   Thumb Code    46  main.o(i.filter4)
    fputc                                    0x08004c89   Thumb Code    78  usart.o(i.fputc)
    main                                     0x08004ced   Thumb Code   252  main.o(i.main)
    motion_task                              0x08004e91   Thumb Code    12  main.o(i.motion_task)
    motor_task                               0x08004e9d   Thumb Code    58  main.o(i.motor_task)
    offset_Init                              0x08004edd   Thumb Code   150  main.o(i.offset_Init)
    pvPortMalloc                             0x08005399   Thumb Code   146  heap_4.o(i.pvPortMalloc)
    pxPortInitialiseStack                    0x08005431   Thumb Code    32  port.o(i.pxPortInitialiseStack)
    rcc_task                                 0x08005455   Thumb Code   174  main.o(i.rcc_task)
    target_limit_float                       0x0800552d   Thumb Code    36  main.o(i.target_limit_float)
    tcs_task                                 0x08005551   Thumb Code    26  main.o(i.tcs_task)
    uxListRemove                             0x08005571   Thumb Code    38  list.o(i.uxListRemove)
    vListInitialise                          0x08005597   Thumb Code    22  list.o(i.vListInitialise)
    vListInitialiseItem                      0x080055ad   Thumb Code     6  list.o(i.vListInitialiseItem)
    vListInsert                              0x080055b3   Thumb Code    48  list.o(i.vListInsert)
    vPortEnterCritical                       0x080055e5   Thumb Code    24  port.o(i.vPortEnterCritical)
    vPortExitCritical                        0x08005601   Thumb Code    16  port.o(i.vPortExitCritical)
    vPortFree                                0x08005615   Thumb Code    64  heap_4.o(i.vPortFree)
    vPortSetupTimerInterrupt                 0x08005659   Thumb Code    20  port.o(i.vPortSetupTimerInterrupt)
    vTaskDelay                               0x08005671   Thumb Code    44  tasks.o(i.vTaskDelay)
    vTaskInternalSetTimeOutState             0x080056a1   Thumb Code    12  tasks.o(i.vTaskInternalSetTimeOutState)
    vTaskMissedYield                         0x080056b1   Thumb Code     8  tasks.o(i.vTaskMissedYield)
    vTaskPlaceOnEventList                    0x080056bd   Thumb Code    26  tasks.o(i.vTaskPlaceOnEventList)
    vTaskStartScheduler                      0x080056dd   Thumb Code    64  tasks.o(i.vTaskStartScheduler)
    vTaskSuspendAll                          0x0800572d   Thumb Code    10  tasks.o(i.vTaskSuspendAll)
    vTaskSwitchContext                       0x0800573d   Thumb Code    60  tasks.o(i.vTaskSwitchContext)
    xPortStartScheduler                      0x08005781   Thumb Code    38  port.o(i.xPortStartScheduler)
    xQueueGenericCreate                      0x080057b1   Thumb Code    70  queue.o(i.xQueueGenericCreate)
    xQueueGenericReset                       0x080057f9   Thumb Code   144  queue.o(i.xQueueGenericReset)
    xQueueGenericSend                        0x0800588d   Thumb Code   242  queue.o(i.xQueueGenericSend)
    xQueueReceive                            0x08005985   Thumb Code   236  queue.o(i.xQueueReceive)
    xTaskCheckForTimeOut                     0x08005a75   Thumb Code    82  tasks.o(i.xTaskCheckForTimeOut)
    xTaskCreate                              0x08005acd   Thumb Code    92  tasks.o(i.xTaskCreate)
    xTaskIncrementTick                       0x08005b29   Thumb Code   282  tasks.o(i.xTaskIncrementTick)
    xTaskRemoveFromEventList                 0x08005c4d   Thumb Code   192  tasks.o(i.xTaskRemoveFromEventList)
    xTaskResumeAll                           0x08005d15   Thumb Code   266  tasks.o(i.xTaskResumeAll)
    __ctype_table                            0x08005e2c   Data         129  ctype_o.o(.constdata)
    Region$$Table$$Base                      0x08005eb4   Number         0  anon$$obj.o(Region$$Table)
    Region$$Table$$Limit                     0x08005ed4   Number         0  anon$$obj.o(Region$$Table)
    status                                   0x20000014   Data           1  main.o(.data)
    data2                                    0x2000001e   Data           4  main.o(.data)
    motor_handler                            0x2000004c   Data           4  main.o(.data)
    motion_handler                           0x20000050   Data           4  main.o(.data)
    basic_handler                            0x20000054   Data           4  main.o(.data)
    MPU_handler                              0x20000058   Data           4  main.o(.data)
    Master_handler                           0x2000005c   Data           4  main.o(.data)
    Mission_handler_handler                  0x20000060   Data           4  main.o(.data)
    tcs_handler                              0x20000064   Data           4  main.o(.data)
    rcc_handler                              0x20000068   Data           4  main.o(.data)
    Lazer_handler                            0x2000006c   Data           4  main.o(.data)
    Sender_handler                           0x20000070   Data           4  main.o(.data)
    hsl                                      0x20000074   Data           4  main.o(.data)
    xMyQueueHandle                           0x20000078   Data           4  main.o(.data)
    rgb                                      0x2000007c   Data           8  main.o(.data)
    pxCurrentTCB                             0x200000a4   Data           4  tasks.o(.data)
    uxTopUsedPriority                        0x200000d4   Data           4  tasks.o(.data)
    _OUTPUT_USART                            0x200000e4   Data           1  usart.o(.data)
    __stdout                                 0x200000e8   Data           4  usart.o(.data)
    time1_cntr                               0x200000ec   Data           4  timer.o(.data)
    time2_cntr                               0x200000f0   Data           4  timer.o(.data)
    SENCER_NUM                               0x200000f4   Data           1  vl6180.o(.data)
    g_ucTempbuf                              0x20000100   Data          20  main.o(.bss)
    Lazer                                    0x20000114   Data          24  main.o(.bss)
    Euler                                    0x2000012c   Data          18  main.o(.bss)
    Mission                                  0x20000140   Data          16  main.o(.bss)
    Car_Motion                               0x20000150   Data          84  main.o(.bss)
    MPU                                      0x200001a4   Data         112  main.o(.bss)
    Master                                   0x20000214   Data         112  main.o(.bss)
    LazerRX                                  0x20000284   Data         112  main.o(.bss)
    _sData                                   0x200002f4   Data         104  main.o(.bss)
    RxMessage                                0x2000035c   Data          20  main.o(.bss)
    __initial_sp                             0x20004c38   Data           0  startup_stm32f10x_hd.o(STACK)



==============================================================================

Memory Map of the image

  Image Entry point : 0x08000131

  Load Region LR_IROM1 (Base: 0x08000000, Size: 0x00005fd4, Max: 0x00040000, ABSOLUTE)

    Execution Region ER_IROM1 (Exec base: 0x08000000, Load base: 0x08000000, Size: 0x00005ed4, Max: 0x00040000, ABSOLUTE)

    Exec Addr    Load Addr    Size         Type   Attr      Idx    E Section Name        Object

    0x08000000   0x08000000   0x00000130   Data   RO          127    RESET               startup_stm32f10x_hd.o
    0x08000130   0x08000130   0x00000000   Code   RO         5099  * .ARM.Collect$$$$00000000  mc_w.l(entry.o)
    0x08000130   0x08000130   0x00000004   Code   RO         5421    .ARM.Collect$$$$00000001  mc_w.l(entry2.o)
    0x08000134   0x08000134   0x00000004   Code   RO         5424    .ARM.Collect$$$$00000004  mc_w.l(entry5.o)
    0x08000138   0x08000138   0x00000000   Code   RO         5426    .ARM.Collect$$$$00000008  mc_w.l(entry7b.o)
    0x08000138   0x08000138   0x00000000   Code   RO         5428    .ARM.Collect$$$$0000000A  mc_w.l(entry8b.o)
    0x08000138   0x08000138   0x00000008   Code   RO         5429    .ARM.Collect$$$$0000000B  mc_w.l(entry9a.o)
    0x08000140   0x08000140   0x00000000   Code   RO         5431    .ARM.Collect$$$$0000000D  mc_w.l(entry10a.o)
    0x08000140   0x08000140   0x00000000   Code   RO         5433    .ARM.Collect$$$$0000000F  mc_w.l(entry11a.o)
    0x08000140   0x08000140   0x00000004   Code   RO         5422    .ARM.Collect$$$$00002712  mc_w.l(entry2.o)
    0x08000144   0x08000144   0x00000096   Code   RO         3550    .emb_text           port.o
    0x080001da   0x080001da   0x00000002   PAD
    0x080001dc   0x080001dc   0x00000024   Code   RO          128    .text               startup_stm32f10x_hd.o
    0x08000200   0x08000200   0x00000024   Code   RO         5102    .text               mc_w.l(memcpya.o)
    0x08000224   0x08000224   0x00000024   Code   RO         5104    .text               mc_w.l(memseta.o)
    0x08000248   0x08000248   0x00000024   Code   RO         5106    .text               mc_w.l(strstr.o)
    0x0800026c   0x0800026c   0x0000000e   Code   RO         5108    .text               mc_w.l(strlen.o)
    0x0800027a   0x0800027a   0x00000002   PAD
    0x0800027c   0x0800027c   0x00000044   Code   RO         5110    .text               mc_w.l(strtok.o)
    0x080002c0   0x080002c0   0x0000001a   Code   RO         5379    .text               mc_w.l(atoi.o)
    0x080002da   0x080002da   0x000000b0   Code   RO         5381    .text               mf_w.l(fadd.o)
    0x0800038a   0x0800038a   0x00000064   Code   RO         5383    .text               mf_w.l(fmul.o)
    0x080003ee   0x080003ee   0x00000018   Code   RO         5387    .text               mf_w.l(fscalb.o)
    0x08000406   0x08000406   0x0000014e   Code   RO         5389    .text               mf_w.l(dadd.o)
    0x08000554   0x08000554   0x000000e4   Code   RO         5391    .text               mf_w.l(dmul.o)
    0x08000638   0x08000638   0x000000de   Code   RO         5393    .text               mf_w.l(ddiv.o)
    0x08000716   0x08000716   0x0000002e   Code   RO         5395    .text               mf_w.l(dscalb.o)
    0x08000744   0x08000744   0x00000012   Code   RO         5397    .text               mf_w.l(fflti.o)
    0x08000756   0x08000756   0x00000022   Code   RO         5399    .text               mf_w.l(dflti.o)
    0x08000778   0x08000778   0x0000001a   Code   RO         5401    .text               mf_w.l(dfltui.o)
    0x08000792   0x08000792   0x00000032   Code   RO         5403    .text               mf_w.l(ffixi.o)
    0x080007c4   0x080007c4   0x00000026   Code   RO         5409    .text               mf_w.l(f2d.o)
    0x080007ea   0x080007ea   0x00000002   PAD
    0x080007ec   0x080007ec   0x00000030   Code   RO         5411    .text               mf_w.l(cdcmple.o)
    0x0800081c   0x0800081c   0x00000030   Code   RO         5413    .text               mf_w.l(cdrcmple.o)
    0x0800084c   0x0800084c   0x00000038   Code   RO         5415    .text               mf_w.l(d2f.o)
    0x08000884   0x08000884   0x00000014   Code   RO         5417    .text               mf_w.l(cfcmple.o)
    0x08000898   0x08000898   0x00000014   Code   RO         5419    .text               mf_w.l(cfrcmple.o)
    0x080008ac   0x080008ac   0x0000002c   Code   RO         5435    .text               mc_w.l(uidiv.o)
    0x080008d8   0x080008d8   0x00000062   Code   RO         5437    .text               mc_w.l(uldiv.o)
    0x0800093a   0x0800093a   0x0000001e   Code   RO         5439    .text               mc_w.l(llshl.o)
    0x08000958   0x08000958   0x00000020   Code   RO         5441    .text               mc_w.l(llushr.o)
    0x08000978   0x08000978   0x00000024   Code   RO         5443    .text               mc_w.l(llsshr.o)
    0x0800099c   0x0800099c   0x0000009c   Code   RO         5452    .text               mc_w.l(strtod.o)
    0x08000a38   0x08000a38   0x00000070   Code   RO         5454    .text               mc_w.l(strtol.o)
    0x08000aa8   0x08000aa8   0x00000000   Code   RO         5456    .text               mc_w.l(iusefp.o)
    0x08000aa8   0x08000aa8   0x0000006e   Code   RO         5457    .text               mf_w.l(fepilogue.o)
    0x08000b16   0x08000b16   0x000000ba   Code   RO         5459    .text               mf_w.l(depilogue.o)
    0x08000bd0   0x08000bd0   0x00000030   Code   RO         5461    .text               mf_w.l(dfixul.o)
    0x08000c00   0x08000c00   0x00000024   Code   RO         5463    .text               mc_w.l(init.o)
    0x08000c24   0x08000c24   0x00000008   Code   RO         5467    .text               mc_w.l(ctype_o.o)
    0x08000c2c   0x08000c2c   0x00000012   Code   RO         5489    .text               mc_w.l(isspace_o.o)
    0x08000c3e   0x08000c3e   0x00000002   PAD
    0x08000c40   0x08000c40   0x00000360   Code   RO         5495    .text               mc_w.l(scanf_fp.o)
    0x08000fa0   0x08000fa0   0x00000040   Code   RO         5499    .text               mc_w.l(_sgetc.o)
    0x08000fe0   0x08000fe0   0x0000009e   Code   RO         5501    .text               mc_w.l(_strtoul.o)
    0x0800107e   0x0800107e   0x0000001c   Code   RO         5506    .text               mc_w.l(_chval.o)
    0x0800109a   0x0800109a   0x00000018   Code   RO         5508    .text               mf_w.l(dfltul.o)
    0x080010b2   0x080010b2   0x00000002   PAD
    0x080010b4   0x080010b4   0x0000000c   Code   RO         4350    i.BEEP_OFF          led.o
    0x080010c0   0x080010c0   0x0000000c   Code   RO         4351    i.BEEP_ON           led.o
    0x080010cc   0x080010cc   0x00000002   Code   RO         3116    i.BusFault_Handler  stm32f10x_it.o
    0x080010ce   0x080010ce   0x00000002   PAD
    0x080010d0   0x080010d0   0x000000cc   Code   RO          506    i.CAN_FilterInit    stm32f10x_can.o
    0x0800119c   0x0800119c   0x000000e8   Code   RO          513    i.CAN_Init          stm32f10x_can.o
    0x08001284   0x08001284   0x00000016   Code   RO          514    i.CAN_MessagePending  stm32f10x_can.o
    0x0800129a   0x0800129a   0x00000002   PAD
    0x0800129c   0x0800129c   0x000000c0   Code   RO         3161    i.CAN_Mode_Init     main.o
    0x0800135c   0x0800135c   0x00000090   Code   RO          516    i.CAN_Receive       stm32f10x_can.o
    0x080013ec   0x080013ec   0x000000a4   Code   RO          521    i.CAN_Transmit      stm32f10x_can.o
    0x08001490   0x08001490   0x0000006c   Code   RO          522    i.CAN_TransmitStatus  stm32f10x_can.o
    0x080014fc   0x080014fc   0x00000066   Code   RO         4666    i.CalulateCRC       rc522_function.o
    0x08001562   0x08001562   0x00000002   PAD
    0x08001564   0x08001564   0x00000050   Code   RO         3162    i.Can_Receive_Msg   main.o
    0x080015b4   0x080015b4   0x00000064   Code   RO         3163    i.Can_Send_Msg      main.o
    0x08001618   0x08001618   0x00000018   Code   RO         4667    i.ClearBitMask      rc522_function.o
    0x08001630   0x08001630   0x00000002   Code   RO         3117    i.DebugMon_Handler  stm32f10x_it.o
    0x08001632   0x08001632   0x00000002   PAD
    0x08001634   0x08001634   0x0000007c   Code   RO         3164    i.FOC_ANGLE_SET     main.o
    0x080016b0   0x080016b0   0x000000a2   Code   RO         1340    i.GPIO_Init         stm32f10x_gpio.o
    0x08001752   0x08001752   0x00000002   PAD
    0x08001754   0x08001754   0x00000058   Code   RO         1342    i.GPIO_PinRemapConfig  stm32f10x_gpio.o
    0x080017ac   0x080017ac   0x0000000e   Code   RO         1344    i.GPIO_ReadInputDataBit  stm32f10x_gpio.o
    0x080017ba   0x080017ba   0x0000000e   Code   RO         1346    i.GPIO_ReadOutputDataBit  stm32f10x_gpio.o
    0x080017c8   0x080017c8   0x00000004   Code   RO         1347    i.GPIO_ResetBits    stm32f10x_gpio.o
    0x080017cc   0x080017cc   0x00000004   Code   RO         1348    i.GPIO_SetBits      stm32f10x_gpio.o
    0x080017d0   0x080017d0   0x00000002   Code   RO         3118    i.HardFault_Handler  stm32f10x_it.o
    0x080017d2   0x080017d2   0x00000002   PAD
    0x080017d4   0x080017d4   0x00000094   Code   RO         4352    i.LED_Init          led.o
    0x08001868   0x08001868   0x0000002c   Code   RO         4355    i.LED_Turn          led.o
    0x08001894   0x08001894   0x00000060   Code   RO         3165    i.Lazer_Average     main.o
    0x080018f4   0x080018f4   0x000000b4   Code   RO         3166    i.Lazer_task        main.o
    0x080019a8   0x080019a8   0x00000104   Code   RO         3167    i.MPU_task          main.o
    0x08001aac   0x08001aac   0x000000e4   Code   RO         3168    i.Master_task       main.o
    0x08001b90   0x08001b90   0x00000002   Code   RO         3119    i.MemManage_Handler  stm32f10x_it.o
    0x08001b92   0x08001b92   0x00000002   PAD
    0x08001b94   0x08001b94   0x000006ec   Code   RO         3169    i.Mission_handler   main.o
    0x08002280   0x08002280   0x0000003c   Code   RO         3170    i.Mission_manager   main.o
    0x080022bc   0x080022bc   0x00000002   Code   RO         3120    i.NMI_Handler       stm32f10x_it.o
    0x080022be   0x080022be   0x00000002   PAD
    0x080022c0   0x080022c0   0x00000064   Code   RO          132    i.NVIC_Init         misc.o
    0x08002324   0x08002324   0x00000014   Code   RO          133    i.NVIC_PriorityGroupConfig  misc.o
    0x08002338   0x08002338   0x000000d0   Code   RO         3171    i.PID_Set           main.o
    0x08002408   0x08002408   0x00000008   Code   RO         4668    i.PcdAntennaOff     rc522_function.o
    0x08002410   0x08002410   0x0000001a   Code   RO         4669    i.PcdAntennaOn      rc522_function.o
    0x0800242a   0x0800242a   0x0000006c   Code   RO         4670    i.PcdAnticoll       rc522_function.o
    0x08002496   0x08002496   0x0000011c   Code   RO         4673    i.PcdComMF522       rc522_function.o
    0x080025b2   0x080025b2   0x00000032   Code   RO         4674    i.PcdHalt           rc522_function.o
    0x080025e4   0x080025e4   0x0000004c   Code   RO         4675    i.PcdRead           rc522_function.o
    0x08002630   0x08002630   0x00000052   Code   RO         4676    i.PcdRequest        rc522_function.o
    0x08002682   0x08002682   0x00000002   PAD
    0x08002684   0x08002684   0x00000080   Code   RO         4677    i.PcdReset          rc522_function.o
    0x08002704   0x08002704   0x00000064   Code   RO         4678    i.PcdSelect         rc522_function.o
    0x08002768   0x08002768   0x00000028   Code   RO         4681    i.RC522_Init        rc522_function.o
    0x08002790   0x08002790   0x000000a4   Code   RO         4651    i.RC522_SPI_Config  rc522_config.o
    0x08002834   0x08002834   0x00000018   Code   RO         1768    i.RCC_APB1PeriphClockCmd  stm32f10x_rcc.o
    0x0800284c   0x0800284c   0x00000018   Code   RO         1770    i.RCC_APB2PeriphClockCmd  stm32f10x_rcc.o
    0x08002864   0x08002864   0x00000090   Code   RO         1778    i.RCC_GetClocksFreq  stm32f10x_rcc.o
    0x080028f4   0x080028f4   0x000000d0   Code   RO         4795    i.RGBtoHSL          tcs34725.o
    0x080029c4   0x080029c4   0x000000d0   Code   RO         4682    i.ReadRawRC         rc522_function.o
    0x08002a94   0x08002a94   0x00000044   Code   RO         3172    i.RealSpeed         main.o
    0x08002ad8   0x08002ad8   0x00000088   Code   RO         4683    i.SPI1_Init         rc522_function.o
    0x08002b60   0x08002b60   0x0000003c   Code   RO         3173    i.Sender_task       main.o
    0x08002b9c   0x08002b9c   0x00000294   Code   RO         4311    i.Serial_Init       usart.o
    0x08002e30   0x08002e30   0x00000018   Code   RO         4684    i.SetBitMask        rc522_function.o
    0x08002e48   0x08002e48   0x000000a8   Code   RO           17    i.SetSysClockTo72   system_stm32f10x.o
    0x08002ef0   0x08002ef0   0x0000000c   Code   RO         4967    i.Side_Range        vl6180.o
    0x08002efc   0x08002efc   0x000000cc   Code   RO         3174    i.Speed_Cul         main.o
    0x08002fc8   0x08002fc8   0x000000a4   Code   RO         3175    i.Speed_Get         main.o
    0x0800306c   0x0800306c   0x0000002c   Code   RO         3551    i.SysTick_Handler   port.o
    0x08003098   0x08003098   0x00000050   Code   RO           19    i.SystemInit        system_stm32f10x.o
    0x080030e8   0x080030e8   0x00000024   Code   RO         4797    i.TCS34725_Enable   tcs34725.o
    0x0800310c   0x0800310c   0x00000014   Code   RO         4798    i.TCS34725_GetChannelData  tcs34725.o
    0x08003120   0x08003120   0x00000040   Code   RO         4799    i.TCS34725_GetRawData  tcs34725.o
    0x08003160   0x08003160   0x00000040   Code   RO         4800    i.TCS34725_I2C_ACK  tcs34725.o
    0x080031a0   0x080031a0   0x00000038   Code   RO         4801    i.TCS34725_I2C_Init  tcs34725.o
    0x080031d8   0x080031d8   0x00000040   Code   RO         4802    i.TCS34725_I2C_NACK  tcs34725.o
    0x08003218   0x08003218   0x00000050   Code   RO         4803    i.TCS34725_I2C_Read  tcs34725.o
    0x08003268   0x08003268   0x0000006c   Code   RO         4804    i.TCS34725_I2C_Read_Byte  tcs34725.o
    0x080032d4   0x080032d4   0x00000068   Code   RO         4805    i.TCS34725_I2C_Send_Byte  tcs34725.o
    0x0800333c   0x0800333c   0x00000044   Code   RO         4806    i.TCS34725_I2C_Start  tcs34725.o
    0x08003380   0x08003380   0x00000044   Code   RO         4807    i.TCS34725_I2C_Stop  tcs34725.o
    0x080033c4   0x080033c4   0x00000054   Code   RO         4808    i.TCS34725_I2C_Wait_ACK  tcs34725.o
    0x08003418   0x08003418   0x00000044   Code   RO         4809    i.TCS34725_I2C_Write  tcs34725.o
    0x0800345c   0x0800345c   0x0000004a   Code   RO         4810    i.TCS34725_Init     tcs34725.o
    0x080034a6   0x080034a6   0x0000002c   Code   RO         4811    i.TCS34725_Read     tcs34725.o
    0x080034d2   0x080034d2   0x0000000e   Code   RO         4812    i.TCS34725_SetGain  tcs34725.o
    0x080034e0   0x080034e0   0x0000000e   Code   RO         4813    i.TCS34725_SetIntegrationTime  tcs34725.o
    0x080034ee   0x080034ee   0x00000038   Code   RO         4814    i.TCS34725_Write    tcs34725.o
    0x08003526   0x08003526   0x00000002   PAD
    0x08003528   0x08003528   0x0000002c   Code   RO         4815    i.TCS_SDA_IN        tcs34725.o
    0x08003554   0x08003554   0x0000002c   Code   RO         4816    i.TCS_SDA_OUT       tcs34725.o
    0x08003580   0x08003580   0x00000030   Code   RO         4943    i.TIM3_IRQHandler   timer.o
    0x080035b0   0x080035b0   0x00000006   Code   RO         2406    i.TIM_ClearITPendingBit  stm32f10x_tim.o
    0x080035b6   0x080035b6   0x00000018   Code   RO         2432    i.TIM_GetITStatus   stm32f10x_tim.o
    0x080035ce   0x080035ce   0x00000002   PAD
    0x080035d0   0x080035d0   0x000000b8   Code   RO         3176    i.UART4_IRQHandler  main.o
    0x08003688   0x08003688   0x000000b8   Code   RO         3177    i.USART1_IRQHandler  main.o
    0x08003740   0x08003740   0x00000110   Code   RO         3178    i.USART2_IRQHandler  main.o
    0x08003850   0x08003850   0x000000c8   Code   RO         3179    i.USART3_IRQHandler  main.o
    0x08003918   0x08003918   0x0000000c   Code   RO         2934    i.USART_ClearITPendingBit  stm32f10x_usart.o
    0x08003924   0x08003924   0x00000014   Code   RO         2937    i.USART_Cmd         stm32f10x_usart.o
    0x08003938   0x08003938   0x0000003e   Code   RO         2941    i.USART_GetITStatus  stm32f10x_usart.o
    0x08003976   0x08003976   0x00000030   Code   RO         2943    i.USART_ITConfig    stm32f10x_usart.o
    0x080039a6   0x080039a6   0x00000002   PAD
    0x080039a8   0x080039a8   0x000000ac   Code   RO         2944    i.USART_Init        stm32f10x_usart.o
    0x08003a54   0x08003a54   0x00000008   Code   RO         2951    i.USART_ReceiveData  stm32f10x_usart.o
    0x08003a5c   0x08003a5c   0x00000002   Code   RO         3121    i.UsageFault_Handler  stm32f10x_it.o
    0x08003a5e   0x08003a5e   0x00000002   PAD
    0x08003a60   0x08003a60   0x00000064   Code   RO         3180    i.User_Init         main.o
    0x08003ac4   0x08003ac4   0x0000019c   Code   RO         4968    i.VL6180X_Init      vl6180.o
    0x08003c60   0x08003c60   0x00000048   Code   RO         4969    i.VL6180X_ReadByte  vl6180.o
    0x08003ca8   0x08003ca8   0x00000006   Code   RO         4970    i.VL6180X_Read_ID   vl6180.o
    0x08003cae   0x08003cae   0x00000032   Code   RO         4971    i.VL6180X_Read_Range  vl6180.o
    0x08003ce0   0x08003ce0   0x00000048   Code   RO         4972    i.VL6180X_WriteByte  vl6180.o
    0x08003d28   0x08003d28   0x000000d0   Code   RO         4975    i.VL6180_GPIO_Config  vl6180.o
    0x08003df8   0x08003df8   0x00000048   Code   RO         4976    i.VL6180_I2C_SCL_0  vl6180.o
    0x08003e40   0x08003e40   0x00000048   Code   RO         4977    i.VL6180_I2C_SCL_1  vl6180.o
    0x08003e88   0x08003e88   0x00000050   Code   RO         4978    i.VL6180_I2C_SDA_0  vl6180.o
    0x08003ed8   0x08003ed8   0x00000050   Code   RO         4979    i.VL6180_I2C_SDA_1  vl6180.o
    0x08003f28   0x08003f28   0x0000004c   Code   RO         4980    i.VL6180_I2C_SDA_READ  vl6180.o
    0x08003f74   0x08003f74   0x00000012   Code   RO         4981    i.VL6180_NAcK       vl6180.o
    0x08003f86   0x08003f86   0x00000028   Code   RO         4982    i.VL6180_ReadByte   vl6180.o
    0x08003fae   0x08003fae   0x00000032   Code   RO         4983    i.VL6180_SendByte   vl6180.o
    0x08003fe0   0x08003fe0   0x00000016   Code   RO         4984    i.VL6180_Start      vl6180.o
    0x08003ff6   0x08003ff6   0x00000012   Code   RO         4985    i.VL6180_Stop       vl6180.o
    0x08004008   0x08004008   0x0000001e   Code   RO         4986    i.VL6180_WaitAck    vl6180.o
    0x08004026   0x08004026   0x00000002   PAD
    0x08004028   0x08004028   0x0000001c   Code   RO         3181    i.Value_init        main.o
    0x08004044   0x08004044   0x000000cc   Code   RO         4685    i.WriteRawRC        rc522_function.o
    0x08004110   0x08004110   0x00000020   Code   RO         5351    i.__0printf         mc_w.l(printfa.o)
    0x08004130   0x08004130   0x00000028   Code   RO         5353    i.__0sprintf        mc_w.l(printfa.o)
    0x08004158   0x08004158   0x00000008   Code   RO         5445    i.__aeabi_errno_addr  mc_w.l(errno.o)
    0x08004160   0x08004160   0x0000000c   Code   RO         5446    i.__read_errno      mc_w.l(errno.o)
    0x0800416c   0x0800416c   0x0000000e   Code   RO         5512    i.__scatterload_copy  mc_w.l(handlers.o)
    0x0800417a   0x0800417a   0x00000002   Code   RO         5513    i.__scatterload_null  mc_w.l(handlers.o)
    0x0800417c   0x0800417c   0x0000000e   Code   RO         5514    i.__scatterload_zeroinit  mc_w.l(handlers.o)
    0x0800418a   0x0800418a   0x00000002   PAD
    0x0800418c   0x0800418c   0x0000000c   Code   RO         5447    i.__set_errno       mc_w.l(errno.o)
    0x08004198   0x08004198   0x00000184   Code   RO         5358    i._fp_digits        mc_w.l(printfa.o)
    0x0800431c   0x0800431c   0x0000000e   Code   RO         5497    i._is_digit         mc_w.l(scanf_fp.o)
    0x0800432a   0x0800432a   0x00000002   PAD
    0x0800432c   0x0800432c   0x000006dc   Code   RO         5359    i._printf_core      mc_w.l(printfa.o)
    0x08004a08   0x08004a08   0x00000024   Code   RO         5360    i._printf_post_padding  mc_w.l(printfa.o)
    0x08004a2c   0x08004a2c   0x0000002e   Code   RO         5361    i._printf_pre_padding  mc_w.l(printfa.o)
    0x08004a5a   0x08004a5a   0x0000000a   Code   RO         5363    i._sputc            mc_w.l(printfa.o)
    0x08004a64   0x08004a64   0x0000002a   Code   RO         5096    i.atof              m_ws.l(atof.o)
    0x08004a8e   0x08004a8e   0x00000002   PAD
    0x08004a90   0x08004a90   0x000000d0   Code   RO         3182    i.basic_task        main.o
    0x08004b60   0x08004b60   0x00000016   Code   RO         4399    i.delay_ms          delay.o
    0x08004b76   0x08004b76   0x00000020   Code   RO         4401    i.delay_us          delay.o
    0x08004b96   0x08004b96   0x00000020   Code   RO         4402    i.delay_us_iic      delay.o
    0x08004bb6   0x08004bb6   0x00000002   PAD
    0x08004bb8   0x08004bb8   0x00000034   Code   RO         3183    i.filter1           main.o
    0x08004bec   0x08004bec   0x00000034   Code   RO         3184    i.filter2           main.o
    0x08004c20   0x08004c20   0x00000034   Code   RO         3185    i.filter3           main.o
    0x08004c54   0x08004c54   0x00000034   Code   RO         3186    i.filter4           main.o
    0x08004c88   0x08004c88   0x00000064   Code   RO         4313    i.fputc             usart.o
    0x08004cec   0x08004cec   0x000001a4   Code   RO         3187    i.main              main.o
    0x08004e90   0x08004e90   0x0000000c   Code   RO         3188    i.motion_task       main.o
    0x08004e9c   0x08004e9c   0x00000040   Code   RO         3189    i.motor_task        main.o
    0x08004edc   0x08004edc   0x0000009c   Code   RO         3190    i.offset_Init       main.o
    0x08004f78   0x08004f78   0x00000088   Code   RO         4019    i.prvAddCurrentTaskToDelayedList  tasks.o
    0x08005000   0x08005000   0x000000f0   Code   RO         4020    i.prvAddNewTaskToReadyList  tasks.o
    0x080050f0   0x080050f0   0x00000026   Code   RO         3752    i.prvCopyDataFromQueue  queue.o
    0x08005116   0x08005116   0x0000005a   Code   RO         3753    i.prvCopyDataToQueue  queue.o
    0x08005170   0x08005170   0x00000014   Code   RO         4021    i.prvDeleteTCB      tasks.o
    0x08005184   0x08005184   0x00000044   Code   RO         3474    i.prvHeapInit       heap_4.o
    0x080051c8   0x080051c8   0x00000060   Code   RO         4022    i.prvIdleTask       tasks.o
    0x08005228   0x08005228   0x00000070   Code   RO         4023    i.prvInitialiseNewTask  tasks.o
    0x08005298   0x08005298   0x0000004c   Code   RO         3475    i.prvInsertBlockIntoFreeList  heap_4.o
    0x080052e4   0x080052e4   0x0000001c   Code   RO         3754    i.prvIsQueueEmpty   queue.o
    0x08005300   0x08005300   0x0000001c   Code   RO         4024    i.prvResetNextTaskUnblockTime  tasks.o
    0x0800531c   0x0800531c   0x00000010   Code   RO         3552    i.prvTaskExitError  port.o
    0x0800532c   0x0800532c   0x0000006a   Code   RO         3755    i.prvUnlockQueue    queue.o
    0x08005396   0x08005396   0x00000002   PAD
    0x08005398   0x08005398   0x00000098   Code   RO         3477    i.pvPortMalloc      heap_4.o
    0x08005430   0x08005430   0x00000024   Code   RO         3553    i.pxPortInitialiseStack  port.o
    0x08005454   0x08005454   0x000000d8   Code   RO         3191    i.rcc_task          main.o
    0x0800552c   0x0800552c   0x00000024   Code   RO         3192    i.target_limit_float  main.o
    0x08005550   0x08005550   0x00000020   Code   RO         3193    i.tcs_task          main.o
    0x08005570   0x08005570   0x00000026   Code   RO         3716    i.uxListRemove      list.o
    0x08005596   0x08005596   0x00000016   Code   RO         3717    i.vListInitialise   list.o
    0x080055ac   0x080055ac   0x00000006   Code   RO         3718    i.vListInitialiseItem  list.o
    0x080055b2   0x080055b2   0x00000030   Code   RO         3719    i.vListInsert       list.o
    0x080055e2   0x080055e2   0x00000002   PAD
    0x080055e4   0x080055e4   0x0000001c   Code   RO         3555    i.vPortEnterCritical  port.o
    0x08005600   0x08005600   0x00000014   Code   RO         3556    i.vPortExitCritical  port.o
    0x08005614   0x08005614   0x00000044   Code   RO         3478    i.vPortFree         heap_4.o
    0x08005658   0x08005658   0x00000018   Code   RO         3557    i.vPortSetupTimerInterrupt  port.o
    0x08005670   0x08005670   0x00000030   Code   RO         4032    i.vTaskDelay        tasks.o
    0x080056a0   0x080056a0   0x00000010   Code   RO         4036    i.vTaskInternalSetTimeOutState  tasks.o
    0x080056b0   0x080056b0   0x0000000c   Code   RO         4037    i.vTaskMissedYield  tasks.o
    0x080056bc   0x080056bc   0x00000020   Code   RO         4038    i.vTaskPlaceOnEventList  tasks.o
    0x080056dc   0x080056dc   0x00000050   Code   RO         4044    i.vTaskStartScheduler  tasks.o
    0x0800572c   0x0800572c   0x00000010   Code   RO         4046    i.vTaskSuspendAll   tasks.o
    0x0800573c   0x0800573c   0x00000044   Code   RO         4047    i.vTaskSwitchContext  tasks.o
    0x08005780   0x08005780   0x00000030   Code   RO         3558    i.xPortStartScheduler  port.o
    0x080057b0   0x080057b0   0x00000046   Code   RO         3760    i.xQueueGenericCreate  queue.o
    0x080057f6   0x080057f6   0x00000002   PAD
    0x080057f8   0x080057f8   0x00000094   Code   RO         3761    i.xQueueGenericReset  queue.o
    0x0800588c   0x0800588c   0x000000f8   Code   RO         3762    i.xQueueGenericSend  queue.o
    0x08005984   0x08005984   0x000000f0   Code   RO         3769    i.xQueueReceive     queue.o
    0x08005a74   0x08005a74   0x00000058   Code   RO         4049    i.xTaskCheckForTimeOut  tasks.o
    0x08005acc   0x08005acc   0x0000005c   Code   RO         4050    i.xTaskCreate       tasks.o
    0x08005b28   0x08005b28   0x00000124   Code   RO         4059    i.xTaskIncrementTick  tasks.o
    0x08005c4c   0x08005c4c   0x000000c8   Code   RO         4060    i.xTaskRemoveFromEventList  tasks.o
    0x08005d14   0x08005d14   0x00000118   Code   RO         4061    i.xTaskResumeAll    tasks.o
    0x08005e2c   0x08005e2c   0x00000081   Data   RO         5468    .constdata          mc_w.l(ctype_o.o)
    0x08005ead   0x08005ead   0x00000003   PAD
    0x08005eb0   0x08005eb0   0x00000004   Data   RO         5469    .constdata          mc_w.l(ctype_o.o)
    0x08005eb4   0x08005eb4   0x00000020   Data   RO         5510    Region$$Table       anon$$obj.o


    Execution Region RW_IRAM1 (Exec base: 0x20000000, Load base: 0x08005ed4, Size: 0x00004c38, Max: 0x0000c000, ABSOLUTE)

    Exec Addr    Load Addr    Size         Type   Attr      Idx    E Section Name        Object

    0x20000000   0x08005ed4   0x00000014   Data   RW         1798    .data               stm32f10x_rcc.o
    0x20000014   0x08005ee8   0x00000070   Data   RW         3196    .data               main.o
    0x20000084   0x08005f58   0x0000001c   Data   RW         3484    .data               heap_4.o
    0x200000a0   0x08005f74   0x00000004   Data   RW         3559    .data               port.o
    0x200000a4   0x08005f78   0x00000040   Data   RW         4064    .data               tasks.o
    0x200000e4   0x08005fb8   0x00000001   Data   RW         4314    .data               usart.o
    0x200000e5   0x08005fb9   0x00000003   PAD
    0x200000e8   0x08005fbc   0x00000004   Data   RW         4315    .data               usart.o
    0x200000ec   0x08005fc0   0x00000008   Data   RW         4945    .data               timer.o
    0x200000f4   0x08005fc8   0x00000001   Data   RW         4987    .data               vl6180.o
    0x200000f5   0x08005fc9   0x00000003   PAD
    0x200000f8   0x08005fcc   0x00000004   Data   RW         5111    .data               mc_w.l(strtok.o)
    0x200000fc   0x08005fd0   0x00000004   Data   RW         5448    .data               mc_w.l(errno.o)
    0x20000100        -       0x00000270   Zero   RW         3194    .bss                main.o
    0x20000370        -       0x00004400   Zero   RW         3483    .bss                heap_4.o
    0x20004770        -       0x000000c8   Zero   RW         4063    .bss                tasks.o
    0x20004838        -       0x00000400   Zero   RW          125    STACK               startup_stm32f10x_hd.o


==============================================================================

Image component sizes


      Code (inc. data)   RO Data    RW Data    ZI Data      Debug   Object Name

         0          0          0          0          0       4564   core_cm3.o
        86          0          0          0          0       1999   delay.o
         0          0          0          0          0      12272   event_groups.o
       364         22          0         28      17408       7599   heap_4.o
       216         22          0          0          0       2481   led.o
       114          0          0          0          0       2933   list.o
      6116        802          0        112        624      46645   main.o
       120         16          0          0          0     216387   misc.o
       366         44          0          4          0       9752   port.o
       968         14          0          0          0      12087   queue.o
       164         10          0          0          0        691   rc522_config.o
      1600         34          0          0          0      13037   rc522_function.o
        36          8        304          0       1024        836   startup_stm32f10x_hd.o
         0          0          0          0          0       1728   stm32f10x_adc.o
       874         30          0          0          0      14127   stm32f10x_can.o
       286          6          0          0          0      13659   stm32f10x_gpio.o
        12          0          0          0          0       2937   stm32f10x_it.o
       192         28          0         20          0      13470   stm32f10x_rcc.o
        30          0          0          0          0      23121   stm32f10x_tim.o
       322          6          0          0          0      11944   stm32f10x_usart.o
       248         24          0          0          0      24985   system_stm32f10x.o
      1856        126          0         64        200      29961   tasks.o
      1382         50          0          0          0      17327   tcs34725.o
        48          8          0          8          0        898   timer.o
       760         50          0          5          0       3650   usart.o
      1390        108          0          1          0      11954   vl6180.o

    ----------------------------------------------------------------------
     17588       1408        336        248      19256     501044   Object Totals
         0          0         32          0          0          0   (incl. Generated)
        38          0          0          6          0          0   (incl. Padding)

    ----------------------------------------------------------------------

      Code (inc. data)   RO Data    RW Data    ZI Data      Debug   Library Member Name

        42          0          0          0          0         84   atof.o
        28          0          0          0          0         68   _chval.o
        64          0          0          0          0         84   _sgetc.o
       158          0          0          0          0         92   _strtoul.o
        26          0          0          0          0         80   atoi.o
         8          4        133          0          0         68   ctype_o.o
         0          0          0          0          0          0   entry.o
         0          0          0          0          0          0   entry10a.o
         0          0          0          0          0          0   entry11a.o
         8          4          0          0          0          0   entry2.o
         4          0          0          0          0          0   entry5.o
         0          0          0          0          0          0   entry7b.o
         0          0          0          0          0          0   entry8b.o
         8          4          0          0          0          0   entry9a.o
        32         16          0          4          0        204   errno.o
        30          0          0          0          0          0   handlers.o
        36          8          0          0          0         68   init.o
        18          0          0          0          0         76   isspace_o.o
         0          0          0          0          0          0   iusefp.o
        30          0          0          0          0         68   llshl.o
        36          0          0          0          0         68   llsshr.o
        32          0          0          0          0         68   llushr.o
        36          0          0          0          0         68   memcpya.o
        36          0          0          0          0        108   memseta.o
      2308         96          0          0          0        604   printfa.o
       878         12          0          0          0        216   scanf_fp.o
        14          0          0          0          0         68   strlen.o
        36          0          0          0          0         80   strstr.o
       156         12          0          0          0        120   strtod.o
        68          6          0          4          0         80   strtok.o
       112          0          0          0          0         88   strtol.o
        44          0          0          0          0         80   uidiv.o
        98          0          0          0          0         92   uldiv.o
        48          0          0          0          0         68   cdcmple.o
        48          0          0          0          0         68   cdrcmple.o
        20          0          0          0          0         68   cfcmple.o
        20          0          0          0          0         68   cfrcmple.o
        56          0          0          0          0         88   d2f.o
       334          0          0          0          0        148   dadd.o
       222          0          0          0          0        100   ddiv.o
       186          0          0          0          0        176   depilogue.o
        48          0          0          0          0         68   dfixul.o
        34          0          0          0          0         76   dflti.o
        26          0          0          0          0         76   dfltui.o
        24          0          0          0          0         76   dfltul.o
       228          0          0          0          0         96   dmul.o
        46          0          0          0          0         80   dscalb.o
        38          0          0          0          0         68   f2d.o
       176          0          0          0          0        140   fadd.o
       110          0          0          0          0        168   fepilogue.o
        50          0          0          0          0         68   ffixi.o
        18          0          0          0          0         68   fflti.o
       100          0          0          0          0         76   fmul.o
        24          0          0          0          0         68   fscalb.o

    ----------------------------------------------------------------------
      6216        162        136          8          0       4544   Library Totals
        14          0          3          0          0          0   (incl. Padding)

    ----------------------------------------------------------------------

      Code (inc. data)   RO Data    RW Data    ZI Data      Debug   Library Name

        42          0          0          0          0         84   m_ws.l
      4304        162        133          8          0       2548   mc_w.l
      1856          0          0          0          0       1912   mf_w.l

    ----------------------------------------------------------------------
      6216        162        136          8          0       4544   Library Totals

    ----------------------------------------------------------------------

==============================================================================


      Code (inc. data)   RO Data    RW Data    ZI Data      Debug   

     23804       1570        472        256      19256     494300   Grand Totals
     23804       1570        472        256      19256     494300   ELF Image Totals
     23804       1570        472        256          0          0   ROM Totals

==============================================================================

    Total RO  Size (Code + RO Data)                24276 (  23.71kB)
    Total RW  Size (RW Data + ZI Data)             19512 (  19.05kB)
    Total ROM Size (Code + RO Data + RW Data)      24532 (  23.96kB)

==============================================================================

