Component: ARM Compiler 5.06 update 6 (build 750) Tool: armlink [4d35ed]

==============================================================================

Section Cross References

    system_stm32f10x.o(i.SystemCoreClockUpdate) refers to system_stm32f10x.o(.data) for .data
    system_stm32f10x.o(i.SystemInit) refers to system_stm32f10x.o(i.SetSysClockTo72) for SetSysClockTo72
    startup_stm32f10x_hd.o(RESET) refers to startup_stm32f10x_hd.o(STACK) for __initial_sp
    startup_stm32f10x_hd.o(RESET) refers to startup_stm32f10x_hd.o(.text) for Reset_Handler
    startup_stm32f10x_hd.o(RESET) refers to stm32f10x_it.o(i.NMI_Handler) for NMI_Handler
    startup_stm32f10x_hd.o(RESET) refers to stm32f10x_it.o(i.HardFault_Handler) for HardFault_Handler
    startup_stm32f10x_hd.o(RESET) refers to stm32f10x_it.o(i.MemManage_Handler) for MemManage_Handler
    startup_stm32f10x_hd.o(RESET) refers to stm32f10x_it.o(i.BusFault_Handler) for BusFault_Handler
    startup_stm32f10x_hd.o(RESET) refers to stm32f10x_it.o(i.UsageFault_Handler) for UsageFault_Handler
    startup_stm32f10x_hd.o(RESET) refers to port.o(.emb_text) for SVC_Handler
    startup_stm32f10x_hd.o(RESET) refers to stm32f10x_it.o(i.DebugMon_Handler) for DebugMon_Handler
    startup_stm32f10x_hd.o(RESET) refers to port.o(i.SysTick_Handler) for SysTick_Handler
    startup_stm32f10x_hd.o(RESET) refers to timer.o(i.TIM3_IRQHandler) for TIM3_IRQHandler
    startup_stm32f10x_hd.o(RESET) refers to main.o(i.USART1_IRQHandler) for USART1_IRQHandler
    startup_stm32f10x_hd.o(RESET) refers to main.o(i.USART2_IRQHandler) for USART2_IRQHandler
    startup_stm32f10x_hd.o(RESET) refers to main.o(i.USART3_IRQHandler) for USART3_IRQHandler
    startup_stm32f10x_hd.o(RESET) refers to main.o(i.UART4_IRQHandler) for UART4_IRQHandler
    startup_stm32f10x_hd.o(.text) refers to system_stm32f10x.o(i.SystemInit) for SystemInit
    startup_stm32f10x_hd.o(.text) refers to entry.o(.ARM.Collect$$$$00000000) for __main
    stm32f10x_adc.o(i.ADC_DeInit) refers to stm32f10x_rcc.o(i.RCC_APB2PeriphResetCmd) for RCC_APB2PeriphResetCmd
    stm32f10x_bkp.o(i.BKP_DeInit) refers to stm32f10x_rcc.o(i.RCC_BackupResetCmd) for RCC_BackupResetCmd
    stm32f10x_can.o(i.CAN_DeInit) refers to stm32f10x_rcc.o(i.RCC_APB1PeriphResetCmd) for RCC_APB1PeriphResetCmd
    stm32f10x_can.o(i.CAN_GetITStatus) refers to stm32f10x_can.o(i.CheckITStatus) for CheckITStatus
    stm32f10x_cec.o(i.CEC_DeInit) refers to stm32f10x_rcc.o(i.RCC_APB1PeriphResetCmd) for RCC_APB1PeriphResetCmd
    stm32f10x_dac.o(i.DAC_DeInit) refers to stm32f10x_rcc.o(i.RCC_APB1PeriphResetCmd) for RCC_APB1PeriphResetCmd
    stm32f10x_flash.o(i.FLASH_EnableWriteProtection) refers to stm32f10x_flash.o(i.FLASH_WaitForLastOperation) for FLASH_WaitForLastOperation
    stm32f10x_flash.o(i.FLASH_EraseAllBank1Pages) refers to stm32f10x_flash.o(i.FLASH_WaitForLastBank1Operation) for FLASH_WaitForLastBank1Operation
    stm32f10x_flash.o(i.FLASH_EraseAllPages) refers to stm32f10x_flash.o(i.FLASH_WaitForLastOperation) for FLASH_WaitForLastOperation
    stm32f10x_flash.o(i.FLASH_EraseOptionBytes) refers to stm32f10x_flash.o(i.FLASH_GetReadOutProtectionStatus) for FLASH_GetReadOutProtectionStatus
    stm32f10x_flash.o(i.FLASH_EraseOptionBytes) refers to stm32f10x_flash.o(i.FLASH_WaitForLastOperation) for FLASH_WaitForLastOperation
    stm32f10x_flash.o(i.FLASH_ErasePage) refers to stm32f10x_flash.o(i.FLASH_WaitForLastOperation) for FLASH_WaitForLastOperation
    stm32f10x_flash.o(i.FLASH_ProgramHalfWord) refers to stm32f10x_flash.o(i.FLASH_WaitForLastOperation) for FLASH_WaitForLastOperation
    stm32f10x_flash.o(i.FLASH_ProgramOptionByteData) refers to stm32f10x_flash.o(i.FLASH_WaitForLastOperation) for FLASH_WaitForLastOperation
    stm32f10x_flash.o(i.FLASH_ProgramWord) refers to stm32f10x_flash.o(i.FLASH_WaitForLastOperation) for FLASH_WaitForLastOperation
    stm32f10x_flash.o(i.FLASH_ReadOutProtection) refers to stm32f10x_flash.o(i.FLASH_WaitForLastOperation) for FLASH_WaitForLastOperation
    stm32f10x_flash.o(i.FLASH_UserOptionByteConfig) refers to stm32f10x_flash.o(i.FLASH_WaitForLastOperation) for FLASH_WaitForLastOperation
    stm32f10x_flash.o(i.FLASH_WaitForLastBank1Operation) refers to stm32f10x_flash.o(i.FLASH_GetBank1Status) for FLASH_GetBank1Status
    stm32f10x_flash.o(i.FLASH_WaitForLastOperation) refers to stm32f10x_flash.o(i.FLASH_GetBank1Status) for FLASH_GetBank1Status
    stm32f10x_gpio.o(i.GPIO_AFIODeInit) refers to stm32f10x_rcc.o(i.RCC_APB2PeriphResetCmd) for RCC_APB2PeriphResetCmd
    stm32f10x_gpio.o(i.GPIO_DeInit) refers to stm32f10x_rcc.o(i.RCC_APB2PeriphResetCmd) for RCC_APB2PeriphResetCmd
    stm32f10x_i2c.o(i.I2C_DeInit) refers to stm32f10x_rcc.o(i.RCC_APB1PeriphResetCmd) for RCC_APB1PeriphResetCmd
    stm32f10x_i2c.o(i.I2C_Init) refers to stm32f10x_rcc.o(i.RCC_GetClocksFreq) for RCC_GetClocksFreq
    stm32f10x_pwr.o(i.PWR_DeInit) refers to stm32f10x_rcc.o(i.RCC_APB1PeriphResetCmd) for RCC_APB1PeriphResetCmd
[...]
    i.TIM_ClearITPendingBit                  0x080034bc   Section        0  stm32f10x_tim.o(i.TIM_ClearITPendingBit)
    i.TIM_GetITStatus                        0x080034c2   Section        0  stm32f10x_tim.o(i.TIM_GetITStatus)
    i.UART4_IRQHandler                       0x080034dc   Section        0  main.o(i.UART4_IRQHandler)
    i.USART1_IRQHandler                      0x08003594   Section        0  main.o(i.USART1_IRQHandler)
    i.USART2_IRQHandler                      0x0800364c   Section        0  main.o(i.USART2_IRQHandler)
    i.USART3_IRQHandler                      0x0800375c   Section        0  main.o(i.USART3_IRQHandler)
    i.USART_ClearITPendingBit                0x08003824   Section        0  stm32f10x_usart.o(i.USART_ClearITPendingBit)
    i.USART_Cmd                              0x08003830   Section        0  stm32f10x_usart.o(i.USART_Cmd)
    i.USART_GetITStatus                      0x08003844   Section        0  stm32f10x_usart.o(i.USART_GetITStatus)
    i.USART_ITConfig                         0x08003882   Section        0  stm32f10x_usart.o(i.USART_ITConfig)
    i.USART_Init                             0x080038b4   Section        0  stm32f10x_usart.o(i.USART_Init)
    i.USART_ReceiveData                      0x08003960   Section        0  stm32f10x_usart.o(i.USART_ReceiveData)
    i.UsageFault_Handler                     0x08003968   Section        0  stm32f10x_it.o(i.UsageFault_Handler)
    i.User_Init                              0x0800396c   Section        0  main.o(i.User_Init)
    i.VL6180X_Init                           0x080039d0   Section        0  vl6180.o(i.VL6180X_Init)
    i.VL6180X_ReadByte                       0x08003b6c   Section        0  vl6180.o(i.VL6180X_ReadByte)
    i.VL6180X_Read_ID                        0x08003bb4   Section        0  vl6180.o(i.VL6180X_Read_ID)
    i.VL6180X_Read_Range                     0x08003bba   Section        0  vl6180.o(i.VL6180X_Read_Range)
    i.VL6180X_WriteByte                      0x08003bec   Section        0  vl6180.o(i.VL6180X_WriteByte)
    i.VL6180_GPIO_Config                     0x08003c34   Section        0  vl6180.o(i.VL6180_GPIO_Config)
    i.VL6180_I2C_SCL_0                       0x08003d04   Section        0  vl6180.o(i.VL6180_I2C_SCL_0)
    i.VL6180_I2C_SCL_1                       0x08003d4c   Section        0  vl6180.o(i.VL6180_I2C_SCL_1)
    i.VL6180_I2C_SDA_0                       0x08003d94   Section        0  vl6180.o(i.VL6180_I2C_SDA_0)
    i.VL6180_I2C_SDA_1                       0x08003de4   Section        0  vl6180.o(i.VL6180_I2C_SDA_1)
    i.VL6180_I2C_SDA_READ                    0x08003e34   Section        0  vl6180.o(i.VL6180_I2C_SDA_READ)
    i.VL6180_NAcK                            0x08003e80   Section        0  vl6180.o(i.VL6180_NAcK)
    i.VL6180_ReadByte                        0x08003e92   Section        0  vl6180.o(i.VL6180_ReadByte)
    i.VL6180_SendByte                        0x08003eba   Section        0  vl6180.o(i.VL6180_SendByte)
    i.VL6180_Start                           0x08003eec   Section        0  vl6180.o(i.VL6180_Start)
    i.VL6180_Stop                            0x08003f02   Section        0  vl6180.o(i.VL6180_Stop)
    i.VL6180_WaitAck                         0x08003f14   Section        0  vl6180.o(i.VL6180_WaitAck)
    i.Value_init                             0x08003f34   Section        0  main.o(i.Value_init)
    i.WriteRawRC                             0x08003f50   Section        0  rc522_function.o(i.WriteRawRC)
    i.__0printf$3                            0x0800401c   Section        0  printf3.o(i.__0printf$3)
    i.__0sprintf$3                           0x0800403c   Section        0  printf3.o(i.__0sprintf$3)
    i.__aeabi_errno_addr                     0x08004064   Section        0  errno.o(i.__aeabi_errno_addr)
    i.__read_errno                           0x0800406c   Section        0  errno.o(i.__read_errno)
    i.__scatterload_copy                     0x08004078   Section       14  handlers.o(i.__scatterload_copy)
    i.__scatterload_null                     0x08004086   Section        2  handlers.o(i.__scatterload_null)
    i.__scatterload_zeroinit                 0x08004088   Section       14  handlers.o(i.__scatterload_zeroinit)
    i.__set_errno                            0x08004098   Section        0  errno.o(i.__set_errno)
    i._is_digit                              0x080040a4   Section        0  scanf_fp.o(i._is_digit)
    i._printf_core                           0x080040b4   Section        0  printf3.o(i._printf_core)
    _printf_core                             0x080040b5   Thumb Code   436  printf3.o(i._printf_core)
    i._sputc                                 0x0800426c   Section        0  printf3.o(i._sputc)
    _sputc                                   0x0800426d   Thumb Code    10  printf3.o(i._sputc)
    i.atof                                   0x08004276   Section        0  atof.o(i.atof)
    i.basic_task                             0x080042a0   Section        0  main.o(i.basic_task)
    i.delay_ms                               0x08004354   Section        0  delay.o(i.delay_ms)
    i.delay_us                               0x0800436a   Section        0  delay.o(i.delay_us)
    i.delay_us_iic                           0x0800438a   Section        0  delay.o(i.delay_us_iic)
    i.filter1                                0x080043ac   Section        0  main.o(i.filter1)
    i.filter2                                0x080043e4   Section        0  main.o(i.filter2)
    i.filter3                                0x0800441c   Section        0  main.o(i.filter3)
    i.filter4                                0x08004454   Section        0  main.o(i.filter4)
    i.fputc                                  0x0800448c   Section        0  usart.o(i.fputc)
    i.main                                   0x080044f0   Section        0  main.o(i.main)
    i.motion_task                            0x08004694   Section        0  main.o(i.motion_task)
    i.motor_task                             0x080046a0   Section        0  main.o(i.motor_task)
    i.offset_Init                            0x080046e0   Section        0  main.o(i.offset_Init)
    i.prvAddCurrentTaskToDelayedList         0x0800477c   Section        0  tasks.o(i.prvAddCurrentTaskToDelayedList)
    prvAddCurrentTaskToDelayedList           0x0800477d   Thumb Code   128  tasks.o(i.prvAddCurrentTaskToDelayedList)
    i.prvAddNewTaskToReadyList               0x08004804   Section        0  tasks.o(i.prvAddNewTaskToReadyList)
    prvAddNewTaskToReadyList                 0x08004805   Thumb Code   226  tasks.o(i.prvAddNewTaskToReadyList)
    i.prvCopyDataFromQueue                   0x080048f4   Section        0  queue.o(i.prvCopyDataFromQueue)
    prvCopyDataFromQueue                     0x080048f5   Thumb Code    38  queue.o(i.prvCopyDataFromQueue)
    i.prvCopyDataToQueue                     0x0800491a   Section        0  queue.o(i.prvCopyDataToQueue)
    prvCopyDataToQueue                       0x0800491b   Thumb Code    90  queue.o(i.prvCopyDataToQueue)
    i.prvDeleteTCB                           0x08004974   Section        0  tasks.o(i.prvDeleteTCB)
    prvDeleteTCB                             0x08004975   Thumb Code    20  tasks.o(i.prvDeleteTCB)
    i.prvHeapInit                            0x08004988   Section        0  heap_4.o(i.prvHeapInit)
    prvHeapInit                              0x08004989   Thumb Code    60  heap_4.o(i.prvHeapInit)
    i.prvIdleTask                            0x080049cc   Section        0  tasks.o(i.prvIdleTask)
    prvIdleTask                              0x080049cd   Thumb Code    82  tasks.o(i.prvIdleTask)
    i.prvInitialiseNewTask                   0x08004a2c   Section        0  tasks.o(i.prvInitialiseNewTask)
    prvInitialiseNewTask                     0x08004a2d   Thumb Code   112  tasks.o(i.prvInitialiseNewTask)
    i.prvInsertBlockIntoFreeList             0x08004a9c   Section        0  heap_4.o(i.prvInsertBlockIntoFreeList)
    prvInsertBlockIntoFreeList               0x08004a9d   Thumb Code    72  heap_4.o(i.prvInsertBlockIntoFreeList)
    i.prvIsQueueEmpty                        0x08004ae8   Section        0  queue.o(i.prvIsQueueEmpty)
    prvIsQueueEmpty                          0x08004ae9   Thumb Code    28  queue.o(i.prvIsQueueEmpty)
    i.prvResetNextTaskUnblockTime            0x08004b04   Section        0  tasks.o(i.prvResetNextTaskUnblockTime)
    prvResetNextTaskUnblockTime              0x08004b05   Thumb Code    24  tasks.o(i.prvResetNextTaskUnblockTime)
    i.prvTaskExitError                       0x08004b20   Section        0  port.o(i.prvTaskExitError)
    prvTaskExitError                         0x08004b21   Thumb Code    16  port.o(i.prvTaskExitError)
    i.prvUnlockQueue                         0x08004b30   Section        0  queue.o(i.prvUnlockQueue)
    prvUnlockQueue                           0x08004b31   Thumb Code   106  queue.o(i.prvUnlockQueue)
    i.pvPortMalloc                           0x08004b9c   Section        0  heap_4.o(i.pvPortMalloc)
    i.pxPortInitialiseStack                  0x08004c34   Section        0  port.o(i.pxPortInitialiseStack)
    i.rcc_task                               0x08004c58   Section        0  main.o(i.rcc_task)
    i.target_limit_float                     0x08004f34   Section        0  main.o(i.target_limit_float)
    i.tcs_task                               0x08004f58   Section        0  main.o(i.tcs_task)
    i.uxListRemove                           0x08004f78   Section        0  list.o(i.uxListRemove)
    i.vListInitialise                        0x08004f9e   Section        0  list.o(i.vListInitialise)
    i.vListInitialiseItem                    0x08004fb4   Section        0  list.o(i.vListInitialiseItem)
    i.vListInsert                            0x08004fba   Section        0  list.o(i.vListInsert)
    i.vPortEnterCritical                     0x08004fec   Section        0  port.o(i.vPortEnterCritical)
    i.vPortExitCritical                      0x08005008   Section        0  port.o(i.vPortExitCritical)
    i.vPortFree                              0x0800501c   Section        0  heap_4.o(i.vPortFree)
    i.vPortSetupTimerInterrupt               0x08005060   Section        0  port.o(i.vPortSetupTimerInterrupt)
    i.vTaskDelay                             0x08005078   Section        0  tasks.o(i.vTaskDelay)
    i.vTaskInternalSetTimeOutState           0x080050a8   Section        0  tasks.o(i.vTaskInternalSetTimeOutState)
    i.vTaskMissedYield                       0x080050b8   Section        0  tasks.o(i.vTaskMissedYield)
    i.vTaskPlaceOnEventList                  0x080050c4   Section        0  tasks.o(i.vTaskPlaceOnEventList)
    i.vTaskStartScheduler                    0x080050e4   Section        0  tasks.o(i.vTaskStartScheduler)
    i.vTaskSuspendAll                        0x08005134   Section        0  tasks.o(i.vTaskSuspendAll)
    i.vTaskSwitchContext                     0x08005144   Section        0  tasks.o(i.vTaskSwitchContext)
    i.xPortStartScheduler                    0x08005188   Section        0  port.o(i.xPortStartScheduler)
    i.xQueueGenericCreate                    0x080051b8   Section        0  queue.o(i.xQueueGenericCreate)
    i.xQueueGenericReset                     0x08005200   Section        0  queue.o(i.xQueueGenericReset)
    i.xQueueGenericSend                      0x08005294   Section        0  queue.o(i.xQueueGenericSend)
    i.xQueueReceive                          0x0800538c   Section        0  queue.o(i.xQueueReceive)
    i.xTaskCheckForTimeOut                   0x0800547c   Section        0  tasks.o(i.xTaskCheckForTimeOut)
    i.xTaskCreate                            0x080054d4   Section        0  tasks.o(i.xTaskCreate)
    i.xTaskIncrementTick                     0x08005530   Section        0  tasks.o(i.xTaskIncrementTick)
    i.xTaskRemoveFromEventList               0x08005654   Section        0  tasks.o(i.xTaskRemoveFromEventList)
    i.xTaskResumeAll                         0x0800571c   Section        0  tasks.o(i.xTaskResumeAll)
    .constdata                               0x08005834   Section      129  ctype_o.o(.constdata)
    .constdata                               0x080058b8   Section        4  ctype_o.o(.constdata)
    table                                    0x080058b8   Data           4  ctype_o.o(.constdata)
    .data                                    0x20000000   Section       20  stm32f10x_rcc.o(.data)
    ADCPrescTable                            0x20000000   Data           4  stm32f10x_rcc.o(.data)
    APBAHBPrescTable                         0x20000004   Data          16  stm32f10x_rcc.o(.data)
    .data                                    0x20000014   Section      112  main.o(.data)
    d10                                      0x20000014   Data           1  main.o(.data)
    sum                                      0x20000016   Data           2  main.o(.data)
    sum                                      0x20000018   Data           2  main.o(.data)
    sum                                      0x2000001a   Data           2  main.o(.data)
    sum                                      0x2000001c   Data           2  main.o(.data)
    buffer                                   0x20000022   Data           4  main.o(.data)
    ptr                                      0x20000028   Data           4  main.o(.data)
    buffer                                   0x2000002c   Data           4  main.o(.data)
    ptr                                      0x20000030   Data           4  main.o(.data)
    buffer                                   0x20000034   Data           4  main.o(.data)
    ptr                                      0x20000038   Data           4  main.o(.data)
    buffer                                   0x2000003c   Data           4  main.o(.data)
    ptr                                      0x20000040   Data           4  main.o(.data)
    errI                                     0x20000044   Data           4  main.o(.data)
    Lasterr                                  0x20000048   Data           4  main.o(.data)
    .data                                    0x20000084   Section       28  heap_4.o(.data)
    pxEnd                                    0x20000084   Data           4  heap_4.o(.data)
    xFreeBytesRemaining                      0x20000088   Data           4  heap_4.o(.data)
    xMinimumEverFreeBytesRemaining           0x2000008c   Data           4  heap_4.o(.data)
    xNumberOfSuccessfulAllocations           0x20000090   Data           4  heap_4.o(.data)
    xNumberOfSuccessfulFrees                 0x20000094   Data           4  heap_4.o(.data)
    xStart                                   0x20000098   Data           8  heap_4.o(.data)
    .data                                    0x200000a0   Section        4  port.o(.data)
    uxCriticalNesting                        0x200000a0   Data           4  port.o(.data)
    .data                                    0x200000a4   Section       64  tasks.o(.data)
    uxDeletedTasksWaitingCleanUp             0x200000a8   Data           4  tasks.o(.data)
    uxCurrentNumberOfTasks                   0x200000ac   Data           4  tasks.o(.data)
    xTickCount                               0x200000b0   Data           4  tasks.o(.data)
    uxTopReadyPriority                       0x200000b4   Data           4  tasks.o(.data)
    xSchedulerRunning                        0x200000b8   Data           4  tasks.o(.data)
    xPendedTicks                             0x200000bc   Data           4  tasks.o(.data)
    xYieldPending                            0x200000c0   Data           4  tasks.o(.data)
    xNumOfOverflows                          0x200000c4   Data           4  tasks.o(.data)
    uxTaskNumber                             0x200000c8   Data           4  tasks.o(.data)
    xNextTaskUnblockTime                     0x200000cc   Data           4  tasks.o(.data)
    xIdleTaskHandle                          0x200000d0   Data           4  tasks.o(.data)
    uxSchedulerSuspended                     0x200000d8   Data           4  tasks.o(.data)
    pxDelayedTaskList                        0x200000dc   Data           4  tasks.o(.data)
    pxOverflowDelayedTaskList                0x200000e0   Data           4  tasks.o(.data)
    .data                                    0x200000e4   Section        1  usart.o(.data)
    .data                                    0x200000e8   Section        4  usart.o(.data)
    .data                                    0x200000ec   Section        8  timer.o(.data)
    .data                                    0x200000f4   Section        1  vl6180.o(.data)
    .data                                    0x200000f8   Section        4  strtok.o(.data)
    state                                    0x200000f8   Data           4  strtok.o(.data)
    .data                                    0x200000fc   Section        4  errno.o(.data)
    _errno                                   0x200000fc   Data           4  errno.o(.data)
    .bss                                     0x20000100   Section      520  main.o(.bss)
    .bss                                     0x20000308   Section    17408  heap_4.o(.bss)
    ucHeap                                   0x20000308   Data       17408  heap_4.o(.bss)
    .bss                                     0x20004708   Section      200  tasks.o(.bss)
    pxReadyTasksLists                        0x20004708   Data         100  tasks.o(.bss)
    xDelayedTaskList1                        0x2000476c   Data          20  tasks.o(.bss)
    xDelayedTaskList2                        0x20004780   Data          20  tasks.o(.bss)
    xPendingReadyList                        0x20004794   Data          20  tasks.o(.bss)
    xTasksWaitingTermination                 0x200047a8   Data          20  tasks.o(.bss)
    xSuspendedTaskList                       0x200047bc   Data          20  tasks.o(.bss)
    STACK                                    0x200047d0   Section     1024  startup_stm32f10x_hd.o(STACK)

    Global Symbols

    Symbol Name                              Value     Ov Type        Size  Object(Section)

    BuildAttributes$$THM_ISAv4$P$D$K$B$S$PE$A:L22UL41UL21$X:L11$S22US41US21$IEEE1$IW$USESV6$~STKCKD$USESV7$~SHL$OTIME$ROPI$IEEEJ$EBA8$MICROLIB$REQ8$PRES8$EABIv2 0x00000000   Number         0  anon$$obj.o ABSOLUTE
    __ARM_use_no_argv                        0x00000000   Number         0  main.o ABSOLUTE
    __use_no_errno                           0x00000000   Number         0  useno.o ABSOLUTE
    __use_no_exception_handling              0x00000000   Number         0  useno.o ABSOLUTE
    __use_no_fp                              0x00000000   Number         0  useno.o ABSOLUTE
    __use_no_heap                            0x00000000   Number         0  useno.o ABSOLUTE
    __use_no_heap_region                     0x00000000   Number         0  useno.o ABSOLUTE
    __use_no_semihosting                     0x00000000   Number         0  useno.o ABSOLUTE
    __use_no_semihosting_swi                 0x00000000   Number         0  useno.o ABSOLUTE
    __use_no_signal_handling                 0x00000000   Number         0  useno.o ABSOLUTE
    _printf_a                                0x00000000   Number         0  stubs.o ABSOLUTE
    _printf_c                                0x00000000   Number         0  stubs.o ABSOLUTE
    _printf_charcount                        0x00000000   Number         0  stubs.o ABSOLUTE
    _printf_d                                0x00000000   Number         0  stubs.o ABSOLUTE
    _printf_e                                0x00000000   Number         0  stubs.o ABSOLUTE
    _printf_f                                0x00000000   Number         0  stubs.o ABSOLUTE
    _printf_flags                            0x00000000   Number         0  stubs.o ABSOLUTE
    _printf_fp_dec                           0x00000000   Number         0  stubs.o ABSOLUTE
    _printf_fp_hex                           0x00000000   Number         0  stubs.o ABSOLUTE
    _printf_g                                0x00000000   Number         0  stubs.o ABSOLUTE
    _printf_i                                0x00000000   Number         0  stubs.o ABSOLUTE
    _printf_int_dec                          0x00000000   Number         0  stubs.o ABSOLUTE
    _printf_l                                0x00000000   Number         0  stubs.o ABSOLUTE
    _printf_lc                               0x00000000   Number         0  stubs.o ABSOLUTE
    _printf_ll                               0x00000000   Number         0  stubs.o ABSOLUTE
    _printf_lld                              0x00000000   Number         0  stubs.o ABSOLUTE
    _printf_lli                              0x00000000   Number         0  stubs.o ABSOLUTE
    _printf_llo                              0x00000000   Number         0  stubs.o ABSOLUTE
    _printf_llu                              0x00000000   Number         0  stubs.o ABSOLUTE
    _printf_llx                              0x00000000   Number         0  stubs.o ABSOLUTE
    _printf_longlong_dec                     0x00000000   Number         0  stubs.o ABSOLUTE
    _printf_longlong_hex                     0x00000000   Number         0  stubs.o ABSOLUTE
    _printf_longlong_oct                     0x00000000   Number         0  stubs.o ABSOLUTE
    _printf_ls                               0x00000000   Number         0  stubs.o ABSOLUTE
    _printf_mbtowc                           0x00000000   Number         0  stubs.o ABSOLUTE
    _printf_n                                0x00000000   Number         0  stubs.o ABSOLUTE
    _printf_o                                0x00000000   Number         0  stubs.o ABSOLUTE
    _printf_p                                0x00000000   Number         0  stubs.o ABSOLUTE
    _printf_percent                          0x00000000   Number         0  stubs.o ABSOLUTE
    _printf_pre_padding                      0x00000000   Number         0  stubs.o ABSOLUTE
    _printf_return_value                     0x00000000   Number         0  stubs.o ABSOLUTE
    _printf_s                                0x00000000   Number         0  stubs.o ABSOLUTE
    _printf_sizespec                         0x00000000   Number         0  stubs.o ABSOLUTE
    _printf_str                              0x00000000   Number         0  stubs.o ABSOLUTE
    _printf_truncate_signed                  0x00000000   Number         0  stubs.o ABSOLUTE
    _printf_truncate_unsigned                0x00000000   Number         0  stubs.o ABSOLUTE
    _printf_u                                0x00000000   Number         0  stubs.o ABSOLUTE
    _printf_wc                               0x00000000   Number         0  stubs.o ABSOLUTE
    _printf_wctomb                           0x00000000   Number         0  stubs.o ABSOLUTE
    _printf_widthprec                        0x00000000   Number         0  stubs.o ABSOLUTE
    _printf_x                                0x00000000   Number         0  stubs.o ABSOLUTE
    __cpp_initialize__aeabi_                  - Undefined Weak Reference
    __cxa_finalize                            - Undefined Weak Reference
    __decompress                              - Undefined Weak Reference
    _clock_init                               - Undefined Weak Reference
    _microlib_exit                            - Undefined Weak Reference
    __Vectors_Size                           0x00000130   Number         0  startup_stm32f10x_hd.o ABSOLUTE
    __Vectors                                0x08000000   Data           4  startup_stm32f10x_hd.o(RESET)
    __Vectors_End                            0x08000130   Data           0  startup_stm32f10x_hd.o(RESET)
    __main                                   0x08000131   Thumb Code     0  entry.o(.ARM.Collect$$$$00000000)
    _main_stk                                0x08000131   Thumb Code     0  entry2.o(.ARM.Collect$$$$00000001)
    _main_scatterload                        0x08000135   Thumb Code     0  entry5.o(.ARM.Collect$$$$00000004)
    __main_after_scatterload                 0x08000139   Thumb Code     0  entry5.o(.ARM.Collect$$$$00000004)
    _main_clock                              0x08000139   Thumb Code     0  entry7b.o(.ARM.Collect$$$$00000008)
    _main_cpp_init                           0x08000139   Thumb Code     0  entry8b.o(.ARM.Collect$$$$0000000A)
    _main_init                               0x08000139   Thumb Code     0  entry9a.o(.ARM.Collect$$$$0000000B)
    __rt_final_cpp                           0x08000141   Thumb Code     0  entry10a.o(.ARM.Collect$$$$0000000D)
    __rt_final_exit                          0x08000141   Thumb Code     0  entry11a.o(.ARM.Collect$$$$0000000F)
    SVC_Handler                              0x08000145   Thumb Code    32  port.o(.emb_text)
    __asm___6_port_c_39a90d8d__prvStartFirstTask 0x08000169   Thumb Code    28  port.o(.emb_text)
    PendSV_Handler                           0x08000189   Thumb Code    72  port.o(.emb_text)
    vPortGetIPSR                             0x080001d5   Thumb Code     6  port.o(.emb_text)
    Reset_Handler                            0x080001dd   Thumb Code     8  startup_stm32f10x_hd.o(.text)
    ADC1_2_IRQHandler                        0x080001f7   Thumb Code     0  startup_stm32f10x_hd.o(.text)
    ADC3_IRQHandler                          0x080001f7   Thumb Code     0  startup_stm32f10x_hd.o(.text)
    CAN1_RX1_IRQHandler                      0x080001f7   Thumb Code     0  startup_stm32f10x_hd.o(.text)
    CAN1_SCE_IRQHandler                      0x080001f7   Thumb Code     0  startup_stm32f10x_hd.o(.text)
    DMA1_Channel1_IRQHandler                 0x080001f7   Thumb Code     0  startup_stm32f10x_hd.o(.text)
    DMA1_Channel2_IRQHandler                 0x080001f7   Thumb Code     0  startup_stm32f10x_hd.o(.text)
    DMA1_Channel3_IRQHandler                 0x080001f7   Thumb Code     0  startup_stm32f10x_hd.o(.text)
    DMA1_Channel4_IRQHandler                 0x080001f7   Thumb Code     0  startup_stm32f10x_hd.o(.text)
    DMA1_Channel5_IRQHandler                 0x080001f7   Thumb Code     0  startup_stm32f10x_hd.o(.text)
    DMA1_Channel6_IRQHandler                 0x080001f7   Thumb Code     0  startup_stm32f10x_hd.o(.text)
    DMA1_Channel7_IRQHandler                 0x080001f7   Thumb Code     0  startup_stm32f10x_hd.o(.text)
    DMA2_Channel1_IRQHandler                 0x080001f7   Thumb Code     0  startup_stm32f10x_hd.o(.text)
    DMA2_Channel2_IRQHandler                 0x080001f7   Thumb Code     0  startup_stm32f10x_hd.o(.text)
    DMA2_Channel3_IRQHandler                 0x080001f7   Thumb Code     0  startup_stm32f10x_hd.o(.text)
    DMA2_Channel4_5_IRQHandler               0x080001f7   Thumb Code     0  startup_stm32f10x_hd.o(.text)
    EXTI0_IRQHandler                         0x080001f7   Thumb Code     0  startup_stm32f10x_hd.o(.text)
    EXTI15_10_IRQHandler                     0x080001f7   Thumb Code     0  startup_stm32f10x_hd.o(.text)
    EXTI1_IRQHandler                         0x080001f7   Thumb Code     0  startup_stm32f10x_hd.o(.text)
    EXTI2_IRQHandler                         0x080001f7   Thumb Code     0  startup_stm32f10x_hd.o(.text)
    EXTI3_IRQHandler                         0x080001f7   Thumb Code     0  startup_stm32f10x_hd.o(.text)
    EXTI4_IRQHandler                         0x080001f7   Thumb Code     0  startup_stm32f10x_hd.o(.text)
    EXTI9_5_IRQHandler                       0x080001f7   Thumb Code     0  startup_stm32f10x_hd.o(.text)
    FLASH_IRQHandler                         0x080001f7   Thumb Code     0  startup_stm32f10x_hd.o(.text)
    FSMC_IRQHandler                          0x080001f7   Thumb Code     0  startup_stm32f10x_hd.o(.text)
    I2C1_ER_IRQHandler                       0x080001f7   Thumb Code     0  startup_stm32f10x_hd.o(.text)
    I2C1_EV_IRQHandler                       0x080001f7   Thumb Code     0  startup_stm32f10x_hd.o(.text)
    I2C2_ER_IRQHandler                       0x080001f7   Thumb Code     0  startup_stm32f10x_hd.o(.text)
    I2C2_EV_IRQHandler                       0x080001f7   Thumb Code     0  startup_stm32f10x_hd.o(.text)
    PVD_IRQHandler                           0x080001f7   Thumb Code     0  startup_stm32f10x_hd.o(.text)
    RCC_IRQHandler                           0x080001f7   Thumb Code     0  startup_stm32f10x_hd.o(.text)
    RTCAlarm_IRQHandler                      0x080001f7   Thumb Code     0  startup_stm32f10x_hd.o(.text)
    RTC_IRQHandler                           0x080001f7   Thumb Code     0  startup_stm32f10x_hd.o(.text)
    SDIO_IRQHandler                          0x080001f7   Thumb Code     0  startup_stm32f10x_hd.o(.text)
    SPI1_IRQHandler                          0x080001f7   Thumb Code     0  startup_stm32f10x_hd.o(.text)
    SPI2_IRQHandler                          0x080001f7   Thumb Code     0  startup_stm32f10x_hd.o(.text)
    SPI3_IRQHandler                          0x080001f7   Thumb Code     0  startup_stm32f10x_hd.o(.text)
    TAMPER_IRQHandler                        0x080001f7   Thumb Code     0  startup_stm32f10x_hd.o(.text)
    TIM1_BRK_IRQHandler                      0x080001f7   Thumb Code     0  startup_stm32f10x_hd.o(.text)
    TIM1_CC_IRQHandler                       0x080001f7   Thumb Code     0  startup_stm32f10x_hd.o(.text)
    TIM1_TRG_COM_IRQHandler                  0x080001f7   Thumb Code     0  startup_stm32f10x_hd.o(.text)
    TIM1_UP_IRQHandler                       0x080001f7   Thumb Code     0  startup_stm32f10x_hd.o(.text)
    TIM2_IRQHandler                          0x080001f7   Thumb Code     0  startup_stm32f10x_hd.o(.text)
    TIM4_IRQHandler                          0x080001f7   Thumb Code     0  startup_stm32f10x_hd.o(.text)
    TIM5_IRQHandler                          0x080001f7   Thumb Code     0  startup_stm32f10x_hd.o(.text)
    TIM6_IRQHandler                          0x080001f7   Thumb Code     0  startup_stm32f10x_hd.o(.text)
    TIM7_IRQHandler                          0x080001f7   Thumb Code     0  startup_stm32f10x_hd.o(.text)
    TIM8_BRK_IRQHandler                      0x080001f7   Thumb Code     0  startup_stm32f10x_hd.o(.text)
    TIM8_CC_IRQHandler                       0x080001f7   Thumb Code     0  startup_stm32f10x_hd.o(.text)
    TIM8_TRG_COM_IRQHandler                  0x080001f7   Thumb Code     0  startup_stm32f10x_hd.o(.text)
    TIM8_UP_IRQHandler                       0x080001f7   Thumb Code     0  startup_stm32f10x_hd.o(.text)
    UART5_IRQHandler                         0x080001f7   Thumb Code     0  startup_stm32f10x_hd.o(.text)
    USBWakeUp_IRQHandler                     0x080001f7   Thumb Code     0  startup_stm32f10x_hd.o(.text)
    USB_HP_CAN1_TX_IRQHandler                0x080001f7   Thumb Code     0  startup_stm32f10x_hd.o(.text)
    USB_LP_CAN1_RX0_IRQHandler               0x080001f7   Thumb Code     0  startup_stm32f10x_hd.o(.text)
    WWDG_IRQHandler                          0x080001f7   Thumb Code     0  startup_stm32f10x_hd.o(.text)
    __aeabi_memcpy                           0x08000201   Thumb Code    36  memcpya.o(.text)
    __aeabi_memcpy4                          0x08000201   Thumb Code     0  memcpya.o(.text)
    __aeabi_memcpy8                          0x08000201   Thumb Code     0  memcpya.o(.text)
    __aeabi_memset                           0x08000225   Thumb Code    14  memseta.o(.text)
    __aeabi_memset4                          0x08000225   Thumb Code     0  memseta.o(.text)
    __aeabi_memset8                          0x08000225   Thumb Code     0  memseta.o(.text)
    __aeabi_memclr                           0x08000233   Thumb Code     4  memseta.o(.text)
    __aeabi_memclr4                          0x08000233   Thumb Code     0  memseta.o(.text)
    __aeabi_memclr8                          0x08000233   Thumb Code     0  memseta.o(.text)
    _memset$wrapper                          0x08000237   Thumb Code    18  memseta.o(.text)
    strstr                                   0x08000249   Thumb Code    36  strstr.o(.text)
    strlen                                   0x0800026d   Thumb Code    14  strlen.o(.text)
    strtok                                   0x0800027d   Thumb Code    62  strtok.o(.text)
    atoi                                     0x080002c1   Thumb Code    26  atoi.o(.text)
    __aeabi_fadd                             0x080002db   Thumb Code   164  fadd.o(.text)
    __aeabi_fsub                             0x0800037f   Thumb Code     6  fadd.o(.text)
    __aeabi_frsub                            0x08000385   Thumb Code     6  fadd.o(.text)
    __aeabi_fmul                             0x0800038b   Thumb Code   100  fmul.o(.text)
    __ARM_scalbnf                            0x080003ef   Thumb Code    24  fscalb.o(.text)
    scalbnf                                  0x080003ef   Thumb Code     0  fscalb.o(.text)
    __aeabi_dadd                             0x08000407   Thumb Code   322  dadd.o(.text)
    __aeabi_dsub                             0x08000549   Thumb Code     6  dadd.o(.text)
    __aeabi_drsub                            0x0800054f   Thumb Code     6  dadd.o(.text)
    __aeabi_dmul                             0x08000555   Thumb Code   228  dmul.o(.text)
    __aeabi_ddiv                             0x08000639   Thumb Code   222  ddiv.o(.text)
    __ARM_scalbn                             0x08000717   Thumb Code    46  dscalb.o(.text)
    scalbn                                   0x08000717   Thumb Code     0  dscalb.o(.text)
    __aeabi_i2f                              0x08000745   Thumb Code    18  fflti.o(.text)
    __aeabi_i2d                              0x08000757   Thumb Code    34  dflti.o(.text)
    __aeabi_ui2d                             0x08000779   Thumb Code    26  dfltui.o(.text)
    __aeabi_f2iz                             0x08000793   Thumb Code    50  ffixi.o(.text)
    __aeabi_f2d                              0x080007c5   Thumb Code    38  f2d.o(.text)
    __aeabi_cdcmpeq                          0x080007ed   Thumb Code     0  cdcmple.o(.text)
    __aeabi_cdcmple                          0x080007ed   Thumb Code    48  cdcmple.o(.text)
    __aeabi_cdrcmple                         0x0800081d   Thumb Code    48  cdrcmple.o(.text)
    __aeabi_d2f                              0x0800084d   Thumb Code    56  d2f.o(.text)
    __aeabi_cfcmpeq                          0x08000885   Thumb Code     0  cfcmple.o(.text)
    __aeabi_cfcmple                          0x08000885   Thumb Code    20  cfcmple.o(.text)
    __aeabi_cfrcmple                         0x08000899   Thumb Code    20  cfrcmple.o(.text)
    __aeabi_uidiv                            0x080008ad   Thumb Code     0  uidiv.o(.text)
    __aeabi_uidivmod                         0x080008ad   Thumb Code    44  uidiv.o(.text)
    __aeabi_llsl                             0x080008d9   Thumb Code    30  llshl.o(.text)
    _ll_shift_l                              0x080008d9   Thumb Code     0  llshl.o(.text)
    __aeabi_llsr                             0x080008f7   Thumb Code    32  llushr.o(.text)
    _ll_ushift_r                             0x080008f7   Thumb Code     0  llushr.o(.text)
    __aeabi_lasr                             0x08000917   Thumb Code    36  llsshr.o(.text)
    _ll_sshift_r                             0x08000917   Thumb Code     0  llsshr.o(.text)
    __strtod_int                             0x08000973   Thumb Code    90  strtod.o(.text)
    strtol                                   0x080009d9   Thumb Code   112  strtol.o(.text)
    __I$use$fp                               0x08000a49   Thumb Code     0  iusefp.o(.text)
    _float_round                             0x08000a49   Thumb Code    18  fepilogue.o(.text)
    _float_epilogue                          0x08000a5b   Thumb Code    92  fepilogue.o(.text)
    _double_round                            0x08000ab7   Thumb Code    30  depilogue.o(.text)
    _double_epilogue                         0x08000ad5   Thumb Code   156  depilogue.o(.text)
    __scatterload                            0x08000b71   Thumb Code    28  init.o(.text)
    __scatterload_rt2                        0x08000b71   Thumb Code     0  init.o(.text)
    __rt_ctype_table                         0x08000b95   Thumb Code     4  ctype_o.o(.text)
    isspace                                  0x08000b9d   Thumb Code    18  isspace_o.o(.text)
    _scanf_real                              0x08000cd9   Thumb Code     0  scanf_fp.o(.text)
    _scanf_really_real                       0x08000cd9   Thumb Code   556  scanf_fp.o(.text)
    _sgetc                                   0x08000f11   Thumb Code    30  _sgetc.o(.text)
    _sbackspace                              0x08000f2f   Thumb Code    34  _sgetc.o(.text)
    _strtoul                                 0x08000f51   Thumb Code   158  _strtoul.o(.text)
    _chval                                   0x08000fef   Thumb Code    28  _chval.o(.text)
    __aeabi_ul2d                             0x0800100b   Thumb Code    24  dfltul.o(.text)
    BEEP_OFF                                 0x08001025   Thumb Code     8  led.o(i.BEEP_OFF)
    BEEP_ON                                  0x08001031   Thumb Code     8  led.o(i.BEEP_ON)
    BusFault_Handler                         0x0800103d   Thumb Code     2  stm32f10x_it.o(i.BusFault_Handler)
    CAN_FilterInit                           0x08001041   Thumb Code   194  stm32f10x_can.o(i.CAN_FilterInit)
    CAN_Init                                 0x0800110d   Thumb Code   232  stm32f10x_can.o(i.CAN_Init)
    CAN_MessagePending                       0x080011f5   Thumb Code    22  stm32f10x_can.o(i.CAN_MessagePending)
    CAN_Mode_Init                            0x0800120d   Thumb Code   184  main.o(i.CAN_Mode_Init)
    CAN_Receive                              0x080012cd   Thumb Code   144  stm32f10x_can.o(i.CAN_Receive)
    CAN_Transmit                             0x0800135d   Thumb Code   164  stm32f10x_can.o(i.CAN_Transmit)
    CAN_TransmitStatus                       0x08001401   Thumb Code    88  stm32f10x_can.o(i.CAN_TransmitStatus)
    CalulateCRC                              0x0800146d   Thumb Code   102  rc522_function.o(i.CalulateCRC)
    Can_Receive_Msg                          0x080014d5   Thumb Code    70  main.o(i.Can_Receive_Msg)
    Can_Send_Msg                             0x08001525   Thumb Code    96  main.o(i.Can_Send_Msg)
    ClearBitMask                             0x08001589   Thumb Code    24  rc522_function.o(i.ClearBitMask)
    DebugMon_Handler                         0x080015a1   Thumb Code     2  stm32f10x_it.o(i.DebugMon_Handler)
    FOC_ANGLE_SET                            0x080015a5   Thumb Code   106  main.o(i.FOC_ANGLE_SET)
    GPIO_Init                                0x08001621   Thumb Code   162  stm32f10x_gpio.o(i.GPIO_Init)
    GPIO_PinRemapConfig                      0x080016c5   Thumb Code    82  stm32f10x_gpio.o(i.GPIO_PinRemapConfig)
    GPIO_ReadInputDataBit                    0x0800171d   Thumb Code    14  stm32f10x_gpio.o(i.GPIO_ReadInputDataBit)
    GPIO_ReadOutputDataBit                   0x0800172b   Thumb Code    14  stm32f10x_gpio.o(i.GPIO_ReadOutputDataBit)
    GPIO_ResetBits                           0x08001739   Thumb Code     4  stm32f10x_gpio.o(i.GPIO_ResetBits)
    GPIO_SetBits                             0x0800173d   Thumb Code     4  stm32f10x_gpio.o(i.GPIO_SetBits)
    HardFault_Handler                        0x08001741   Thumb Code     2  stm32f10x_it.o(i.HardFault_Handler)
    LED_Init                                 0x08001745   Thumb Code   138  led.o(i.LED_Init)
    LED_Turn                                 0x080017d9   Thumb Code    40  led.o(i.LED_Turn)
    Lazer_Average                            0x08001805   Thumb Code    90  main.o(i.Lazer_Average)
    Lazer_task                               0x08001865   Thumb Code   150  main.o(i.Lazer_task)
    MPU_task                                 0x08001901   Thumb Code   210  main.o(i.MPU_task)
    Master_task                              0x08001a05   Thumb Code   218  main.o(i.Master_task)
    MemManage_Handler                        0x08001ae9   Thumb Code     2  stm32f10x_it.o(i.MemManage_Handler)
    Mission_handler                          0x08001aed   Thumb Code  1644  main.o(i.Mission_handler)
    Mission_manager                          0x08002199   Thumb Code    40  main.o(i.Mission_manager)
    NMI_Handler                              0x080021d5   Thumb Code     2  stm32f10x_it.o(i.NMI_Handler)
    NVIC_Init                                0x080021d9   Thumb Code    94  misc.o(i.NVIC_Init)
    NVIC_PriorityGroupConfig                 0x0800223d   Thumb Code    10  misc.o(i.NVIC_PriorityGroupConfig)
    PID_Set                                  0x08002251   Thumb Code   200  main.o(i.PID_Set)
    PcdAntennaOff                            0x08002321   Thumb Code     8  rc522_function.o(i.PcdAntennaOff)
    PcdAntennaOn                             0x08002329   Thumb Code    26  rc522_function.o(i.PcdAntennaOn)
    PcdAnticoll                              0x08002343   Thumb Code   108  rc522_function.o(i.PcdAnticoll)
    PcdComMF522                              0x080023af   Thumb Code   284  rc522_function.o(i.PcdComMF522)
    PcdHalt                                  0x080024cb   Thumb Code    50  rc522_function.o(i.PcdHalt)
    PcdRead                                  0x080024fd   Thumb Code    76  rc522_function.o(i.PcdRead)
    PcdRequest                               0x08002549   Thumb Code    82  rc522_function.o(i.PcdRequest)
    PcdReset                                 0x0800259d   Thumb Code   122  rc522_function.o(i.PcdReset)
    PcdSelect                                0x0800261d   Thumb Code   100  rc522_function.o(i.PcdSelect)
    RC522_Init                               0x08002681   Thumb Code    30  rc522_function.o(i.RC522_Init)
    RC522_SPI_Config                         0x080026a9   Thumb Code   154  rc522_config.o(i.RC522_SPI_Config)
    RCC_APB1PeriphClockCmd                   0x0800274d   Thumb Code    18  stm32f10x_rcc.o(i.RCC_APB1PeriphClockCmd)
    RCC_APB2PeriphClockCmd                   0x08002765   Thumb Code    18  stm32f10x_rcc.o(i.RCC_APB2PeriphClockCmd)
    RCC_GetClocksFreq                        0x0800277d   Thumb Code   128  stm32f10x_rcc.o(i.RCC_GetClocksFreq)
    RGBtoHSL                                 0x0800280d   Thumb Code   208  tcs34725.o(i.RGBtoHSL)
    ReadRawRC                                0x080028dd   Thumb Code   204  rc522_function.o(i.ReadRawRC)
    RealSpeed                                0x080029ad   Thumb Code    54  main.o(i.RealSpeed)
    SPI1_Init                                0x080029f1   Thumb Code   126  rc522_function.o(i.SPI1_Init)
    Sender_task                              0x08002a79   Thumb Code    40  main.o(i.Sender_task)
    Serial_Init                              0x08002aa9   Thumb Code   632  usart.o(i.Serial_Init)
    SetBitMask                               0x08002d3d   Thumb Code    24  rc522_function.o(i.SetBitMask)
    Side_Range                               0x08002dfd   Thumb Code     8  vl6180.o(i.Side_Range)
    Speed_Cul                                0x08002e09   Thumb Code   176  main.o(i.Speed_Cul)
    Speed_Get                                0x08002ed5   Thumb Code   152  main.o(i.Speed_Get)
    SysTick_Handler                          0x08002f79   Thumb Code    38  port.o(i.SysTick_Handler)
    SystemInit                               0x08002fa5   Thumb Code    64  system_stm32f10x.o(i.SystemInit)
    TCS34725_Enable                          0x08002ff5   Thumb Code    36  tcs34725.o(i.TCS34725_Enable)
    TCS34725_GetChannelData                  0x08003019   Thumb Code    20  tcs34725.o(i.TCS34725_GetChannelData)
    TCS34725_GetRawData                      0x0800302d   Thumb Code    64  tcs34725.o(i.TCS34725_GetRawData)
    TCS34725_I2C_ACK                         0x0800306d   Thumb Code    60  tcs34725.o(i.TCS34725_I2C_ACK)
    TCS34725_I2C_Init                        0x080030ad   Thumb Code    50  tcs34725.o(i.TCS34725_I2C_Init)
    TCS34725_I2C_NACK                        0x080030e5   Thumb Code    60  tcs34725.o(i.TCS34725_I2C_NACK)
    TCS34725_I2C_Read                        0x08003125   Thumb Code    80  tcs34725.o(i.TCS34725_I2C_Read)
    TCS34725_I2C_Read_Byte                   0x08003175   Thumb Code   102  tcs34725.o(i.TCS34725_I2C_Read_Byte)
    TCS34725_I2C_Send_Byte                   0x080031e1   Thumb Code    98  tcs34725.o(i.TCS34725_I2C_Send_Byte)
    TCS34725_I2C_Start                       0x08003249   Thumb Code    62  tcs34725.o(i.TCS34725_I2C_Start)
    TCS34725_I2C_Stop                        0x0800328d   Thumb Code    62  tcs34725.o(i.TCS34725_I2C_Stop)
    TCS34725_I2C_Wait_ACK                    0x080032d1   Thumb Code    80  tcs34725.o(i.TCS34725_I2C_Wait_ACK)
    TCS34725_I2C_Write                       0x08003325   Thumb Code    68  tcs34725.o(i.TCS34725_I2C_Write)
    TCS34725_Init                            0x08003369   Thumb Code    74  tcs34725.o(i.TCS34725_Init)
    TCS34725_Read                            0x080033b3   Thumb Code    44  tcs34725.o(i.TCS34725_Read)
    TCS34725_SetGain                         0x080033df   Thumb Code    14  tcs34725.o(i.TCS34725_SetGain)
    TCS34725_SetIntegrationTime              0x080033ed   Thumb Code    14  tcs34725.o(i.TCS34725_SetIntegrationTime)
    TCS34725_Write                           0x080033fb   Thumb Code    56  tcs34725.o(i.TCS34725_Write)
    TCS_SDA_IN                               0x08003435   Thumb Code    40  tcs34725.o(i.TCS_SDA_IN)
    TCS_SDA_OUT                              0x08003461   Thumb Code    40  tcs34725.o(i.TCS_SDA_OUT)
    TIM3_IRQHandler                          0x0800348d   Thumb Code    40  timer.o(i.TIM3_IRQHandler)
    TIM_ClearITPendingBit                    0x080034bd   Thumb Code     6  stm32f10x_tim.o(i.TIM_ClearITPendingBit)
    TIM_GetITStatus                          0x080034c3   Thumb Code    24  stm32f10x_tim.o(i.TIM_GetITStatus)
    UART4_IRQHandler                         0x080034dd   Thumb Code   176  main.o(i.UART4_IRQHandler)
    USART1_IRQHandler                        0x08003595   Thumb Code   176  main.o(i.USART1_IRQHandler)
    USART2_IRQHandler                        0x0800364d   Thumb Code   246  main.o(i.USART2_IRQHandler)
    USART3_IRQHandler                        0x0800375d   Thumb Code   192  main.o(i.USART3_IRQHandler)
    USART_ClearITPendingBit                  0x08003825   Thumb Code    12  stm32f10x_usart.o(i.USART_ClearITPendingBit)
    USART_Cmd                                0x08003831   Thumb Code    20  stm32f10x_usart.o(i.USART_Cmd)
    USART_GetITStatus                        0x08003845   Thumb Code    62  stm32f10x_usart.o(i.USART_GetITStatus)
    USART_ITConfig                           0x08003883   Thumb Code    48  stm32f10x_usart.o(i.USART_ITConfig)
    USART_Init                               0x080038b5   Thumb Code   166  stm32f10x_usart.o(i.USART_Init)
    USART_ReceiveData                        0x08003961   Thumb Code     8  stm32f10x_usart.o(i.USART_ReceiveData)
    UsageFault_Handler                       0x08003969   Thumb Code     2  stm32f10x_it.o(i.UsageFault_Handler)
    User_Init                                0x0800396d   Thumb Code    88  main.o(i.User_Init)
    VL6180X_Init                             0x080039d1   Thumb Code   402  vl6180.o(i.VL6180X_Init)
    VL6180X_ReadByte                         0x08003b6d   Thumb Code    72  vl6180.o(i.VL6180X_ReadByte)
    VL6180X_Read_ID                          0x08003bb5   Thumb Code     6  vl6180.o(i.VL6180X_Read_ID)
    VL6180X_Read_Range                       0x08003bbb   Thumb Code    50  vl6180.o(i.VL6180X_Read_Range)
    VL6180X_WriteByte                        0x08003bed   Thumb Code    72  vl6180.o(i.VL6180X_WriteByte)
    VL6180_GPIO_Config                       0x08003c35   Thumb Code   188  vl6180.o(i.VL6180_GPIO_Config)
    VL6180_I2C_SCL_0                         0x08003d05   Thumb Code    60  vl6180.o(i.VL6180_I2C_SCL_0)
    VL6180_I2C_SCL_1                         0x08003d4d   Thumb Code    60  vl6180.o(i.VL6180_I2C_SCL_1)
    VL6180_I2C_SDA_0                         0x08003d95   Thumb Code    64  vl6180.o(i.VL6180_I2C_SDA_0)
    VL6180_I2C_SDA_1                         0x08003de5   Thumb Code    64  vl6180.o(i.VL6180_I2C_SDA_1)
    VL6180_I2C_SDA_READ                      0x08003e35   Thumb Code    58  vl6180.o(i.VL6180_I2C_SDA_READ)
    VL6180_NAcK                              0x08003e81   Thumb Code    18  vl6180.o(i.VL6180_NAcK)
    VL6180_ReadByte                          0x08003e93   Thumb Code    40  vl6180.o(i.VL6180_ReadByte)
    VL6180_SendByte                          0x08003ebb   Thumb Code    50  vl6180.o(i.VL6180_SendByte)
    VL6180_Start                             0x08003eed   Thumb Code    22  vl6180.o(i.VL6180_Start)
    VL6180_Stop                              0x08003f03   Thumb Code    18  vl6180.o(i.VL6180_Stop)
    VL6180_WaitAck                           0x08003f15   Thumb Code    30  vl6180.o(i.VL6180_WaitAck)
    Value_init                               0x08003f35   Thumb Code    24  main.o(i.Value_init)
    WriteRawRC                               0x08003f51   Thumb Code   200  rc522_function.o(i.WriteRawRC)
    __0printf$3                              0x0800401d   Thumb Code    22  printf3.o(i.__0printf$3)
    __1printf$3                              0x0800401d   Thumb Code     0  printf3.o(i.__0printf$3)
    __2printf                                0x0800401d   Thumb Code     0  printf3.o(i.__0printf$3)
    __0sprintf$3                             0x0800403d   Thumb Code    34  printf3.o(i.__0sprintf$3)
    __1sprintf$3                             0x0800403d   Thumb Code     0  printf3.o(i.__0sprintf$3)
    __2sprintf                               0x0800403d   Thumb Code     0  printf3.o(i.__0sprintf$3)
    __aeabi_errno_addr                       0x08004065   Thumb Code     4  errno.o(i.__aeabi_errno_addr)
    __rt_errno_addr                          0x08004065   Thumb Code     0  errno.o(i.__aeabi_errno_addr)
    __read_errno                             0x0800406d   Thumb Code     6  errno.o(i.__read_errno)
    __scatterload_copy                       0x08004079   Thumb Code    14  handlers.o(i.__scatterload_copy)
    __scatterload_null                       0x08004087   Thumb Code     2  handlers.o(i.__scatterload_null)
    __scatterload_zeroinit                   0x08004089   Thumb Code    14  handlers.o(i.__scatterload_zeroinit)
    __set_errno                              0x08004099   Thumb Code     6  errno.o(i.__set_errno)
    _is_digit                                0x080040a5   Thumb Code    14  scanf_fp.o(i._is_digit)
    atof                                     0x08004277   Thumb Code    42  atof.o(i.atof)
    basic_task                               0x080042a1   Thumb Code   130  main.o(i.basic_task)
    delay_ms                                 0x08004355   Thumb Code    22  delay.o(i.delay_ms)
    delay_us                                 0x0800436b   Thumb Code    32  delay.o(i.delay_us)
    delay_us_iic                             0x0800438b   Thumb Code    32  delay.o(i.delay_us_iic)
    filter1                                  0x080043ad   Thumb Code    50  main.o(i.filter1)
    filter2                                  0x080043e5   Thumb Code    50  main.o(i.filter2)
    filter3                                  0x0800441d   Thumb Code    50  main.o(i.filter3)
    filter4                                  0x08004455   Thumb Code    50  main.o(i.filter4)
    fputc                                    0x0800448d   Thumb Code    78  usart.o(i.fputc)
    main                                     0x080044f1   Thumb Code   252  main.o(i.main)
    motion_task                              0x08004695   Thumb Code    12  main.o(i.motion_task)
    motor_task                               0x080046a1   Thumb Code    58  main.o(i.motor_task)
    offset_Init                              0x080046e1   Thumb Code   150  main.o(i.offset_Init)
    pvPortMalloc                             0x08004b9d   Thumb Code   146  heap_4.o(i.pvPortMalloc)
    pxPortInitialiseStack                    0x08004c35   Thumb Code    32  port.o(i.pxPortInitialiseStack)
    rcc_task                                 0x08004c59   Thumb Code   626  main.o(i.rcc_task)
    target_limit_float                       0x08004f35   Thumb Code    36  main.o(i.target_limit_float)
    tcs_task                                 0x08004f59   Thumb Code    26  main.o(i.tcs_task)
    uxListRemove                             0x08004f79   Thumb Code    38  list.o(i.uxListRemove)
    vListInitialise                          0x08004f9f   Thumb Code    22  list.o(i.vListInitialise)
    vListInitialiseItem                      0x08004fb5   Thumb Code     6  list.o(i.vListInitialiseItem)
    vListInsert                              0x08004fbb   Thumb Code    48  list.o(i.vListInsert)
    vPortEnterCritical                       0x08004fed   Thumb Code    24  port.o(i.vPortEnterCritical)
    vPortExitCritical                        0x08005009   Thumb Code    16  port.o(i.vPortExitCritical)
    vPortFree                                0x0800501d   Thumb Code    64  heap_4.o(i.vPortFree)
    vPortSetupTimerInterrupt                 0x08005061   Thumb Code    20  port.o(i.vPortSetupTimerInterrupt)
    vTaskDelay                               0x08005079   Thumb Code    44  tasks.o(i.vTaskDelay)
    vTaskInternalSetTimeOutState             0x080050a9   Thumb Code    12  tasks.o(i.vTaskInternalSetTimeOutState)
    vTaskMissedYield                         0x080050b9   Thumb Code     8  tasks.o(i.vTaskMissedYield)
    vTaskPlaceOnEventList                    0x080050c5   Thumb Code    26  tasks.o(i.vTaskPlaceOnEventList)
    vTaskStartScheduler                      0x080050e5   Thumb Code    64  tasks.o(i.vTaskStartScheduler)
    vTaskSuspendAll                          0x08005135   Thumb Code    10  tasks.o(i.vTaskSuspendAll)
    vTaskSwitchContext                       0x08005145   Thumb Code    60  tasks.o(i.vTaskSwitchContext)
    xPortStartScheduler                      0x08005189   Thumb Code    38  port.o(i.xPortStartScheduler)
    xQueueGenericCreate                      0x080051b9   Thumb Code    70  queue.o(i.xQueueGenericCreate)
    xQueueGenericReset                       0x08005201   Thumb Code   144  queue.o(i.xQueueGenericReset)
    xQueueGenericSend                        0x08005295   Thumb Code   242  queue.o(i.xQueueGenericSend)
    xQueueReceive                            0x0800538d   Thumb Code   236  queue.o(i.xQueueReceive)
    xTaskCheckForTimeOut                     0x0800547d   Thumb Code    82  tasks.o(i.xTaskCheckForTimeOut)
    xTaskCreate                              0x080054d5   Thumb Code    92  tasks.o(i.xTaskCreate)
    xTaskIncrementTick                       0x08005531   Thumb Code   282  tasks.o(i.xTaskIncrementTick)
    xTaskRemoveFromEventList                 0x08005655   Thumb Code   192  tasks.o(i.xTaskRemoveFromEventList)
    xTaskResumeAll                           0x0800571d   Thumb Code   266  tasks.o(i.xTaskResumeAll)
    __ctype_table                            0x08005834   Data         129  ctype_o.o(.constdata)
    Region$$Table$$Base                      0x080058bc   Number         0  anon$$obj.o(Region$$Table)
    Region$$Table$$Limit                     0x080058dc   Number         0  anon$$obj.o(Region$$Table)
    status                                   0x20000015   Data           1  main.o(.data)
    data2                                    0x2000001e   Data           4  main.o(.data)
    motor_handler                            0x2000004c   Data           4  main.o(.data)
    motion_handler                           0x20000050   Data           4  main.o(.data)
    basic_handler                            0x20000054   Data           4  main.o(.data)
    MPU_handler                              0x20000058   Data           4  main.o(.data)
    Master_handler                           0x2000005c   Data           4  main.o(.data)
    Mission_handler_handler                  0x20000060   Data           4  main.o(.data)
    tcs_handler                              0x20000064   Data           4  main.o(.data)
    rcc_handler                              0x20000068   Data           4  main.o(.data)
    Lazer_handler                            0x2000006c   Data           4  main.o(.data)
    Sender_handler                           0x20000070   Data           4  main.o(.data)
    hsl                                      0x20000074   Data           4  main.o(.data)
    xMyQueueHandle                           0x20000078   Data           4  main.o(.data)
    rgb                                      0x2000007c   Data           8  main.o(.data)
    pxCurrentTCB                             0x200000a4   Data           4  tasks.o(.data)
    uxTopUsedPriority                        0x200000d4   Data           4  tasks.o(.data)
    _OUTPUT_USART                            0x200000e4   Data           1  usart.o(.data)
    __stdout                                 0x200000e8   Data           4  usart.o(.data)
    time1_cntr                               0x200000ec   Data           4  timer.o(.data)
    time2_cntr                               0x200000f0   Data           4  timer.o(.data)
    SENCER_NUM                               0x200000f4   Data           1  vl6180.o(.data)
    g_ucTempbuf                              0x20000100   Data          20  main.o(.bss)
    Lazer                                    0x20000114   Data          24  main.o(.bss)
    Euler                                    0x2000012c   Data          18  main.o(.bss)
    Mission                                  0x20000140   Data          16  main.o(.bss)
    Car_Motion                               0x20000150   Data          84  main.o(.bss)
    MPU                                      0x200001a4   Data         112  main.o(.bss)
    Master                                   0x20000214   Data         112  main.o(.bss)
    LazerRX                                  0x20000284   Data         112  main.o(.bss)
    RxMessage                                0x200002f4   Data          20  main.o(.bss)
    __initial_sp                             0x20004bd0   Data           0  startup_stm32f10x_hd.o(STACK)



==============================================================================

Memory Map of the image

  Image Entry point : 0x08000131

  Load Region LR_IROM1 (Base: 0x08000000, Size: 0x000059dc, Max: 0x00040000, ABSOLUTE)

    Execution Region ER_IROM1 (Exec base: 0x08000000, Load base: 0x08000000, Size: 0x000058dc, Max: 0x00040000, ABSOLUTE)

    Exec Addr    Load Addr    Size         Type   Attr      Idx    E Section Name        Object

    0x08000000   0x08000000   0x00000130   Data   RO          127    RESET               startup_stm32f10x_hd.o
    0x08000130   0x08000130   0x00000000   Code   RO         5098  * .ARM.Collect$$$$00000000  mc_w.l(entry.o)
    0x08000130   0x08000130   0x00000004   Code   RO         5420    .ARM.Collect$$$$00000001  mc_w.l(entry2.o)
    0x08000134   0x08000134   0x00000004   Code   RO         5423    .ARM.Collect$$$$00000004  mc_w.l(entry5.o)
    0x08000138   0x08000138   0x00000000   Code   RO         5425    .ARM.Collect$$$$00000008  mc_w.l(entry7b.o)
    0x08000138   0x08000138   0x00000000   Code   RO         5427    .ARM.Collect$$$$0000000A  mc_w.l(entry8b.o)
    0x08000138   0x08000138   0x00000008   Code   RO         5428    .ARM.Collect$$$$0000000B  mc_w.l(entry9a.o)
    0x08000140   0x08000140   0x00000000   Code   RO         5430    .ARM.Collect$$$$0000000D  mc_w.l(entry10a.o)
    0x08000140   0x08000140   0x00000000   Code   RO         5432    .ARM.Collect$$$$0000000F  mc_w.l(entry11a.o)
    0x08000140   0x08000140   0x00000004   Code   RO         5421    .ARM.Collect$$$$00002712  mc_w.l(entry2.o)
    0x08000144   0x08000144   0x00000096   Code   RO         3549    .emb_text           port.o
    0x080001da   0x080001da   0x00000002   PAD
    0x080001dc   0x080001dc   0x00000024   Code   RO          128    .text               startup_stm32f10x_hd.o
    0x08000200   0x08000200   0x00000024   Code   RO         5101    .text               mc_w.l(memcpya.o)
    0x08000224   0x08000224   0x00000024   Code   RO         5103    .text               mc_w.l(memseta.o)
    0x08000248   0x08000248   0x00000024   Code   RO         5105    .text               mc_w.l(strstr.o)
    0x0800026c   0x0800026c   0x0000000e   Code   RO         5107    .text               mc_w.l(strlen.o)
    0x0800027a   0x0800027a   0x00000002   PAD
    0x0800027c   0x0800027c   0x00000044   Code   RO         5109    .text               mc_w.l(strtok.o)
    0x080002c0   0x080002c0   0x0000001a   Code   RO         5378    .text               mc_w.l(atoi.o)
    0x080002da   0x080002da   0x000000b0   Code   RO         5380    .text               mf_w.l(fadd.o)
    0x0800038a   0x0800038a   0x00000064   Code   RO         5382    .text               mf_w.l(fmul.o)
    0x080003ee   0x080003ee   0x00000018   Code   RO         5386    .text               mf_w.l(fscalb.o)
    0x08000406   0x08000406   0x0000014e   Code   RO         5388    .text               mf_w.l(dadd.o)
    0x08000554   0x08000554   0x000000e4   Code   RO         5390    .text               mf_w.l(dmul.o)
    0x08000638   0x08000638   0x000000de   Code   RO         5392    .text               mf_w.l(ddiv.o)
    0x08000716   0x08000716   0x0000002e   Code   RO         5394    .text               mf_w.l(dscalb.o)
    0x08000744   0x08000744   0x00000012   Code   RO         5396    .text               mf_w.l(fflti.o)
    0x08000756   0x08000756   0x00000022   Code   RO         5398    .text               mf_w.l(dflti.o)
    0x08000778   0x08000778   0x0000001a   Code   RO         5400    .text               mf_w.l(dfltui.o)
    0x08000792   0x08000792   0x00000032   Code   RO         5402    .text               mf_w.l(ffixi.o)
    0x080007c4   0x080007c4   0x00000026   Code   RO         5408    .text               mf_w.l(f2d.o)
    0x080007ea   0x080007ea   0x00000002   PAD
    0x080007ec   0x080007ec   0x00000030   Code   RO         5410    .text               mf_w.l(cdcmple.o)
    0x0800081c   0x0800081c   0x00000030   Code   RO         5412    .text               mf_w.l(cdrcmple.o)
    0x0800084c   0x0800084c   0x00000038   Code   RO         5414    .text               mf_w.l(d2f.o)
    0x08000884   0x08000884   0x00000014   Code   RO         5416    .text               mf_w.l(cfcmple.o)
    0x08000898   0x08000898   0x00000014   Code   RO         5418    .text               mf_w.l(cfrcmple.o)
    0x080008ac   0x080008ac   0x0000002c   Code   RO         5434    .text               mc_w.l(uidiv.o)
    0x080008d8   0x080008d8   0x0000001e   Code   RO         5438    .text               mc_w.l(llshl.o)
    0x080008f6   0x080008f6   0x00000020   Code   RO         5440    .text               mc_w.l(llushr.o)
    0x08000916   0x08000916   0x00000024   Code   RO         5442    .text               mc_w.l(llsshr.o)
    0x0800093a   0x0800093a   0x00000002   PAD
    0x0800093c   0x0800093c   0x0000009c   Code   RO         5451    .text               mc_w.l(strtod.o)
    0x080009d8   0x080009d8   0x00000070   Code   RO         5453    .text               mc_w.l(strtol.o)
    0x08000a48   0x08000a48   0x00000000   Code   RO         5455    .text               mc_w.l(iusefp.o)
    0x08000a48   0x08000a48   0x0000006e   Code   RO         5456    .text               mf_w.l(fepilogue.o)
    0x08000ab6   0x08000ab6   0x000000ba   Code   RO         5458    .text               mf_w.l(depilogue.o)
    0x08000b70   0x08000b70   0x00000024   Code   RO         5462    .text               mc_w.l(init.o)
    0x08000b94   0x08000b94   0x00000008   Code   RO         5466    .text               mc_w.l(ctype_o.o)
    0x08000b9c   0x08000b9c   0x00000012   Code   RO         5488    .text               mc_w.l(isspace_o.o)
    0x08000bae   0x08000bae   0x00000002   PAD
    0x08000bb0   0x08000bb0   0x00000360   Code   RO         5494    .text               mc_w.l(scanf_fp.o)
    0x08000f10   0x08000f10   0x00000040   Code   RO         5498    .text               mc_w.l(_sgetc.o)
    0x08000f50   0x08000f50   0x0000009e   Code   RO         5500    .text               mc_w.l(_strtoul.o)
    0x08000fee   0x08000fee   0x0000001c   Code   RO         5505    .text               mc_w.l(_chval.o)
    0x0800100a   0x0800100a   0x00000018   Code   RO         5507    .text               mf_w.l(dfltul.o)
    0x08001022   0x08001022   0x00000002   PAD
    0x08001024   0x08001024   0x0000000c   Code   RO         4349    i.BEEP_OFF          led.o
    0x08001030   0x08001030   0x0000000c   Code   RO         4350    i.BEEP_ON           led.o
    0x0800103c   0x0800103c   0x00000002   Code   RO         3116    i.BusFault_Handler  stm32f10x_it.o
    0x0800103e   0x0800103e   0x00000002   PAD
    0x08001040   0x08001040   0x000000cc   Code   RO          506    i.CAN_FilterInit    stm32f10x_can.o
    0x0800110c   0x0800110c   0x000000e8   Code   RO          513    i.CAN_Init          stm32f10x_can.o
    0x080011f4   0x080011f4   0x00000016   Code   RO          514    i.CAN_MessagePending  stm32f10x_can.o
    0x0800120a   0x0800120a   0x00000002   PAD
    0x0800120c   0x0800120c   0x000000c0   Code   RO         3161    i.CAN_Mode_Init     main.o
    0x080012cc   0x080012cc   0x00000090   Code   RO          516    i.CAN_Receive       stm32f10x_can.o
    0x0800135c   0x0800135c   0x000000a4   Code   RO          521    i.CAN_Transmit      stm32f10x_can.o
    0x08001400   0x08001400   0x0000006c   Code   RO          522    i.CAN_TransmitStatus  stm32f10x_can.o
    0x0800146c   0x0800146c   0x00000066   Code   RO         4665    i.CalulateCRC       rc522_function.o
    0x080014d2   0x080014d2   0x00000002   PAD
    0x080014d4   0x080014d4   0x00000050   Code   RO         3162    i.Can_Receive_Msg   main.o
    0x08001524   0x08001524   0x00000064   Code   RO         3163    i.Can_Send_Msg      main.o
    0x08001588   0x08001588   0x00000018   Code   RO         4666    i.ClearBitMask      rc522_function.o
    0x080015a0   0x080015a0   0x00000002   Code   RO         3117    i.DebugMon_Handler  stm32f10x_it.o
    0x080015a2   0x080015a2   0x00000002   PAD
    0x080015a4   0x080015a4   0x0000007c   Code   RO         3164    i.FOC_ANGLE_SET     main.o
    0x08001620   0x08001620   0x000000a2   Code   RO         1340    i.GPIO_Init         stm32f10x_gpio.o
    0x080016c2   0x080016c2   0x00000002   PAD
    0x080016c4   0x080016c4   0x00000058   Code   RO         1342    i.GPIO_PinRemapConfig  stm32f10x_gpio.o
    0x0800171c   0x0800171c   0x0000000e   Code   RO         1344    i.GPIO_ReadInputDataBit  stm32f10x_gpio.o
    0x0800172a   0x0800172a   0x0000000e   Code   RO         1346    i.GPIO_ReadOutputDataBit  stm32f10x_gpio.o
    0x08001738   0x08001738   0x00000004   Code   RO         1347    i.GPIO_ResetBits    stm32f10x_gpio.o
    0x0800173c   0x0800173c   0x00000004   Code   RO         1348    i.GPIO_SetBits      stm32f10x_gpio.o
    0x08001740   0x08001740   0x00000002   Code   RO         3118    i.HardFault_Handler  stm32f10x_it.o
    0x08001742   0x08001742   0x00000002   PAD
    0x08001744   0x08001744   0x00000094   Code   RO         4351    i.LED_Init          led.o
    0x080017d8   0x080017d8   0x0000002c   Code   RO         4354    i.LED_Turn          led.o
    0x08001804   0x08001804   0x00000060   Code   RO         3165    i.Lazer_Average     main.o
    0x08001864   0x08001864   0x0000009c   Code   RO         3166    i.Lazer_task        main.o
    0x08001900   0x08001900   0x00000104   Code   RO         3167    i.MPU_task          main.o
    0x08001a04   0x08001a04   0x000000e4   Code   RO         3168    i.Master_task       main.o
    0x08001ae8   0x08001ae8   0x00000002   Code   RO         3119    i.MemManage_Handler  stm32f10x_it.o
    0x08001aea   0x08001aea   0x00000002   PAD
    0x08001aec   0x08001aec   0x000006ac   Code   RO         3169    i.Mission_handler   main.o
    0x08002198   0x08002198   0x0000003c   Code   RO         3170    i.Mission_manager   main.o
    0x080021d4   0x080021d4   0x00000002   Code   RO         3120    i.NMI_Handler       stm32f10x_it.o
    0x080021d6   0x080021d6   0x00000002   PAD
    0x080021d8   0x080021d8   0x00000064   Code   RO          132    i.NVIC_Init         misc.o
    0x0800223c   0x0800223c   0x00000014   Code   RO          133    i.NVIC_PriorityGroupConfig  misc.o
    0x08002250   0x08002250   0x000000d0   Code   RO         3171    i.PID_Set           main.o
    0x08002320   0x08002320   0x00000008   Code   RO         4667    i.PcdAntennaOff     rc522_function.o
    0x08002328   0x08002328   0x0000001a   Code   RO         4668    i.PcdAntennaOn      rc522_function.o
    0x08002342   0x08002342   0x0000006c   Code   RO         4669    i.PcdAnticoll       rc522_function.o
    0x080023ae   0x080023ae   0x0000011c   Code   RO         4672    i.PcdComMF522       rc522_function.o
    0x080024ca   0x080024ca   0x00000032   Code   RO         4673    i.PcdHalt           rc522_function.o
    0x080024fc   0x080024fc   0x0000004c   Code   RO         4674    i.PcdRead           rc522_function.o
    0x08002548   0x08002548   0x00000052   Code   RO         4675    i.PcdRequest        rc522_function.o
    0x0800259a   0x0800259a   0x00000002   PAD
    0x0800259c   0x0800259c   0x00000080   Code   RO         4676    i.PcdReset          rc522_function.o
    0x0800261c   0x0800261c   0x00000064   Code   RO         4677    i.PcdSelect         rc522_function.o
    0x08002680   0x08002680   0x00000028   Code   RO         4680    i.RC522_Init        rc522_function.o
    0x080026a8   0x080026a8   0x000000a4   Code   RO         4650    i.RC522_SPI_Config  rc522_config.o
    0x0800274c   0x0800274c   0x00000018   Code   RO         1768    i.RCC_APB1PeriphClockCmd  stm32f10x_rcc.o
    0x08002764   0x08002764   0x00000018   Code   RO         1770    i.RCC_APB2PeriphClockCmd  stm32f10x_rcc.o
    0x0800277c   0x0800277c   0x00000090   Code   RO         1778    i.RCC_GetClocksFreq  stm32f10x_rcc.o
    0x0800280c   0x0800280c   0x000000d0   Code   RO         4794    i.RGBtoHSL          tcs34725.o
    0x080028dc   0x080028dc   0x000000d0   Code   RO         4681    i.ReadRawRC         rc522_function.o
    0x080029ac   0x080029ac   0x00000044   Code   RO         3172    i.RealSpeed         main.o
    0x080029f0   0x080029f0   0x00000088   Code   RO         4682    i.SPI1_Init         rc522_function.o
    0x08002a78   0x08002a78   0x00000030   Code   RO         3173    i.Sender_task       main.o
    0x08002aa8   0x08002aa8   0x00000294   Code   RO         4310    i.Serial_Init       usart.o
    0x08002d3c   0x08002d3c   0x00000018   Code   RO         4683    i.SetBitMask        rc522_function.o
    0x08002d54   0x08002d54   0x000000a8   Code   RO           17    i.SetSysClockTo72   system_stm32f10x.o
    0x08002dfc   0x08002dfc   0x0000000c   Code   RO         4966    i.Side_Range        vl6180.o
    0x08002e08   0x08002e08   0x000000cc   Code   RO         3174    i.Speed_Cul         main.o
    0x08002ed4   0x08002ed4   0x000000a4   Code   RO         3175    i.Speed_Get         main.o
    0x08002f78   0x08002f78   0x0000002c   Code   RO         3550    i.SysTick_Handler   port.o
    0x08002fa4   0x08002fa4   0x00000050   Code   RO           19    i.SystemInit        system_stm32f10x.o
    0x08002ff4   0x08002ff4   0x00000024   Code   RO         4796    i.TCS34725_Enable   tcs34725.o
    0x08003018   0x08003018   0x00000014   Code   RO         4797    i.TCS34725_GetChannelData  tcs34725.o
    0x0800302c   0x0800302c   0x00000040   Code   RO         4798    i.TCS34725_GetRawData  tcs34725.o
    0x0800306c   0x0800306c   0x00000040   Code   RO         4799    i.TCS34725_I2C_ACK  tcs34725.o
    0x080030ac   0x080030ac   0x00000038   Code   RO         4800    i.TCS34725_I2C_Init  tcs34725.o
    0x080030e4   0x080030e4   0x00000040   Code   RO         4801    i.TCS34725_I2C_NACK  tcs34725.o
    0x08003124   0x08003124   0x00000050   Code   RO         4802    i.TCS34725_I2C_Read  tcs34725.o
    0x08003174   0x08003174   0x0000006c   Code   RO         4803    i.TCS34725_I2C_Read_Byte  tcs34725.o
    0x080031e0   0x080031e0   0x00000068   Code   RO         4804    i.TCS34725_I2C_Send_Byte  tcs34725.o
    0x08003248   0x08003248   0x00000044   Code   RO         4805    i.TCS34725_I2C_Start  tcs34725.o
    0x0800328c   0x0800328c   0x00000044   Code   RO         4806    i.TCS34725_I2C_Stop  tcs34725.o
    0x080032d0   0x080032d0   0x00000054   Code   RO         4807    i.TCS34725_I2C_Wait_ACK  tcs34725.o
    0x08003324   0x08003324   0x00000044   Code   RO         4808    i.TCS34725_I2C_Write  tcs34725.o
    0x08003368   0x08003368   0x0000004a   Code   RO         4809    i.TCS34725_Init     tcs34725.o
    0x080033b2   0x080033b2   0x0000002c   Code   RO         4810    i.TCS34725_Read     tcs34725.o
    0x080033de   0x080033de   0x0000000e   Code   RO         4811    i.TCS34725_SetGain  tcs34725.o
    0x080033ec   0x080033ec   0x0000000e   Code   RO         4812    i.TCS34725_SetIntegrationTime  tcs34725.o
    0x080033fa   0x080033fa   0x00000038   Code   RO         4813    i.TCS34725_Write    tcs34725.o
    0x08003432   0x08003432   0x00000002   PAD
    0x08003434   0x08003434   0x0000002c   Code   RO         4814    i.TCS_SDA_IN        tcs34725.o
    0x08003460   0x08003460   0x0000002c   Code   RO         4815    i.TCS_SDA_OUT       tcs34725.o
    0x0800348c   0x0800348c   0x00000030   Code   RO         4942    i.TIM3_IRQHandler   timer.o
    0x080034bc   0x080034bc   0x00000006   Code   RO         2406    i.TIM_ClearITPendingBit  stm32f10x_tim.o
    0x080034c2   0x080034c2   0x00000018   Code   RO         2432    i.TIM_GetITStatus   stm32f10x_tim.o
    0x080034da   0x080034da   0x00000002   PAD
    0x080034dc   0x080034dc   0x000000b8   Code   RO         3176    i.UART4_IRQHandler  main.o
    0x08003594   0x08003594   0x000000b8   Code   RO         3177    i.USART1_IRQHandler  main.o
    0x0800364c   0x0800364c   0x00000110   Code   RO         3178    i.USART2_IRQHandler  main.o
    0x0800375c   0x0800375c   0x000000c8   Code   RO         3179    i.USART3_IRQHandler  main.o
    0x08003824   0x08003824   0x0000000c   Code   RO         2934    i.USART_ClearITPendingBit  stm32f10x_usart.o
    0x08003830   0x08003830   0x00000014   Code   RO         2937    i.USART_Cmd         stm32f10x_usart.o
    0x08003844   0x08003844   0x0000003e   Code   RO         2941    i.USART_GetITStatus  stm32f10x_usart.o
    0x08003882   0x08003882   0x00000030   Code   RO         2943    i.USART_ITConfig    stm32f10x_usart.o
    0x080038b2   0x080038b2   0x00000002   PAD
    0x080038b4   0x080038b4   0x000000ac   Code   RO         2944    i.USART_Init        stm32f10x_usart.o
    0x08003960   0x08003960   0x00000008   Code   RO         2951    i.USART_ReceiveData  stm32f10x_usart.o
    0x08003968   0x08003968   0x00000002   Code   RO         3121    i.UsageFault_Handler  stm32f10x_it.o
    0x0800396a   0x0800396a   0x00000002   PAD
    0x0800396c   0x0800396c   0x00000064   Code   RO         3180    i.User_Init         main.o
    0x080039d0   0x080039d0   0x0000019c   Code   RO         4967    i.VL6180X_Init      vl6180.o
    0x08003b6c   0x08003b6c   0x00000048   Code   RO         4968    i.VL6180X_ReadByte  vl6180.o
    0x08003bb4   0x08003bb4   0x00000006   Code   RO         4969    i.VL6180X_Read_ID   vl6180.o
    0x08003bba   0x08003bba   0x00000032   Code   RO         4970    i.VL6180X_Read_Range  vl6180.o
    0x08003bec   0x08003bec   0x00000048   Code   RO         4971    i.VL6180X_WriteByte  vl6180.o
    0x08003c34   0x08003c34   0x000000d0   Code   RO         4974    i.VL6180_GPIO_Config  vl6180.o
    0x08003d04   0x08003d04   0x00000048   Code   RO         4975    i.VL6180_I2C_SCL_0  vl6180.o
    0x08003d4c   0x08003d4c   0x00000048   Code   RO         4976    i.VL6180_I2C_SCL_1  vl6180.o
    0x08003d94   0x08003d94   0x00000050   Code   RO         4977    i.VL6180_I2C_SDA_0  vl6180.o
    0x08003de4   0x08003de4   0x00000050   Code   RO         4978    i.VL6180_I2C_SDA_1  vl6180.o
    0x08003e34   0x08003e34   0x0000004c   Code   RO         4979    i.VL6180_I2C_SDA_READ  vl6180.o
    0x08003e80   0x08003e80   0x00000012   Code   RO         4980    i.VL6180_NAcK       vl6180.o
    0x08003e92   0x08003e92   0x00000028   Code   RO         4981    i.VL6180_ReadByte   vl6180.o
    0x08003eba   0x08003eba   0x00000032   Code   RO         4982    i.VL6180_SendByte   vl6180.o
    0x08003eec   0x08003eec   0x00000016   Code   RO         4983    i.VL6180_Start      vl6180.o
    0x08003f02   0x08003f02   0x00000012   Code   RO         4984    i.VL6180_Stop       vl6180.o
    0x08003f14   0x08003f14   0x0000001e   Code   RO         4985    i.VL6180_WaitAck    vl6180.o
    0x08003f32   0x08003f32   0x00000002   PAD
    0x08003f34   0x08003f34   0x0000001c   Code   RO         3181    i.Value_init        main.o
    0x08003f50   0x08003f50   0x000000cc   Code   RO         4684    i.WriteRawRC        rc522_function.o
    0x0800401c   0x0800401c   0x00000020   Code   RO         5206    i.__0printf$3       mc_w.l(printf3.o)
    0x0800403c   0x0800403c   0x00000028   Code   RO         5208    i.__0sprintf$3      mc_w.l(printf3.o)
    0x08004064   0x08004064   0x00000008   Code   RO         5444    i.__aeabi_errno_addr  mc_w.l(errno.o)
    0x0800406c   0x0800406c   0x0000000c   Code   RO         5445    i.__read_errno      mc_w.l(errno.o)
    0x08004078   0x08004078   0x0000000e   Code   RO         5511    i.__scatterload_copy  mc_w.l(handlers.o)
    0x08004086   0x08004086   0x00000002   Code   RO         5512    i.__scatterload_null  mc_w.l(handlers.o)
    0x08004088   0x08004088   0x0000000e   Code   RO         5513    i.__scatterload_zeroinit  mc_w.l(handlers.o)
    0x08004096   0x08004096   0x00000002   PAD
    0x08004098   0x08004098   0x0000000c   Code   RO         5446    i.__set_errno       mc_w.l(errno.o)
    0x080040a4   0x080040a4   0x0000000e   Code   RO         5496    i._is_digit         mc_w.l(scanf_fp.o)
    0x080040b2   0x080040b2   0x00000002   PAD
    0x080040b4   0x080040b4   0x000001b8   Code   RO         5213    i._printf_core      mc_w.l(printf3.o)
    0x0800426c   0x0800426c   0x0000000a   Code   RO         5215    i._sputc            mc_w.l(printf3.o)
    0x08004276   0x08004276   0x0000002a   Code   RO         5095    i.atof              m_ws.l(atof.o)
    0x080042a0   0x080042a0   0x000000b4   Code   RO         3182    i.basic_task        main.o
    0x08004354   0x08004354   0x00000016   Code   RO         4398    i.delay_ms          delay.o
    0x0800436a   0x0800436a   0x00000020   Code   RO         4400    i.delay_us          delay.o
    0x0800438a   0x0800438a   0x00000020   Code   RO         4401    i.delay_us_iic      delay.o
    0x080043aa   0x080043aa   0x00000002   PAD
    0x080043ac   0x080043ac   0x00000038   Code   RO         3183    i.filter1           main.o
    0x080043e4   0x080043e4   0x00000038   Code   RO         3184    i.filter2           main.o
    0x0800441c   0x0800441c   0x00000038   Code   RO         3185    i.filter3           main.o
    0x08004454   0x08004454   0x00000038   Code   RO         3186    i.filter4           main.o
    0x0800448c   0x0800448c   0x00000064   Code   RO         4312    i.fputc             usart.o
    0x080044f0   0x080044f0   0x000001a4   Code   RO         3187    i.main              main.o
    0x08004694   0x08004694   0x0000000c   Code   RO         3188    i.motion_task       main.o
    0x080046a0   0x080046a0   0x00000040   Code   RO         3189    i.motor_task        main.o
    0x080046e0   0x080046e0   0x0000009c   Code   RO         3190    i.offset_Init       main.o
    0x0800477c   0x0800477c   0x00000088   Code   RO         4018    i.prvAddCurrentTaskToDelayedList  tasks.o
    0x08004804   0x08004804   0x000000f0   Code   RO         4019    i.prvAddNewTaskToReadyList  tasks.o
    0x080048f4   0x080048f4   0x00000026   Code   RO         3751    i.prvCopyDataFromQueue  queue.o
    0x0800491a   0x0800491a   0x0000005a   Code   RO         3752    i.prvCopyDataToQueue  queue.o
    0x08004974   0x08004974   0x00000014   Code   RO         4020    i.prvDeleteTCB      tasks.o
    0x08004988   0x08004988   0x00000044   Code   RO         3473    i.prvHeapInit       heap_4.o
    0x080049cc   0x080049cc   0x00000060   Code   RO         4021    i.prvIdleTask       tasks.o
    0x08004a2c   0x08004a2c   0x00000070   Code   RO         4022    i.prvInitialiseNewTask  tasks.o
    0x08004a9c   0x08004a9c   0x0000004c   Code   RO         3474    i.prvInsertBlockIntoFreeList  heap_4.o
    0x08004ae8   0x08004ae8   0x0000001c   Code   RO         3753    i.prvIsQueueEmpty   queue.o
    0x08004b04   0x08004b04   0x0000001c   Code   RO         4023    i.prvResetNextTaskUnblockTime  tasks.o
    0x08004b20   0x08004b20   0x00000010   Code   RO         3551    i.prvTaskExitError  port.o
    0x08004b30   0x08004b30   0x0000006a   Code   RO         3754    i.prvUnlockQueue    queue.o
    0x08004b9a   0x08004b9a   0x00000002   PAD
    0x08004b9c   0x08004b9c   0x00000098   Code   RO         3476    i.pvPortMalloc      heap_4.o
    0x08004c34   0x08004c34   0x00000024   Code   RO         3552    i.pxPortInitialiseStack  port.o
    0x08004c58   0x08004c58   0x000002dc   Code   RO         3191    i.rcc_task          main.o
    0x08004f34   0x08004f34   0x00000024   Code   RO         3192    i.target_limit_float  main.o
    0x08004f58   0x08004f58   0x00000020   Code   RO         3193    i.tcs_task          main.o
    0x08004f78   0x08004f78   0x00000026   Code   RO         3715    i.uxListRemove      list.o
    0x08004f9e   0x08004f9e   0x00000016   Code   RO         3716    i.vListInitialise   list.o
    0x08004fb4   0x08004fb4   0x00000006   Code   RO         3717    i.vListInitialiseItem  list.o
    0x08004fba   0x08004fba   0x00000030   Code   RO         3718    i.vListInsert       list.o
    0x08004fea   0x08004fea   0x00000002   PAD
    0x08004fec   0x08004fec   0x0000001c   Code   RO         3554    i.vPortEnterCritical  port.o
    0x08005008   0x08005008   0x00000014   Code   RO         3555    i.vPortExitCritical  port.o
    0x0800501c   0x0800501c   0x00000044   Code   RO         3477    i.vPortFree         heap_4.o
    0x08005060   0x08005060   0x00000018   Code   RO         3556    i.vPortSetupTimerInterrupt  port.o
    0x08005078   0x08005078   0x00000030   Code   RO         4031    i.vTaskDelay        tasks.o
    0x080050a8   0x080050a8   0x00000010   Code   RO         4035    i.vTaskInternalSetTimeOutState  tasks.o
    0x080050b8   0x080050b8   0x0000000c   Code   RO         4036    i.vTaskMissedYield  tasks.o
    0x080050c4   0x080050c4   0x00000020   Code   RO         4037    i.vTaskPlaceOnEventList  tasks.o
    0x080050e4   0x080050e4   0x00000050   Code   RO         4043    i.vTaskStartScheduler  tasks.o
    0x08005134   0x08005134   0x00000010   Code   RO         4045    i.vTaskSuspendAll   tasks.o
    0x08005144   0x08005144   0x00000044   Code   RO         4046    i.vTaskSwitchContext  tasks.o
    0x08005188   0x08005188   0x00000030   Code   RO         3557    i.xPortStartScheduler  port.o
    0x080051b8   0x080051b8   0x00000046   Code   RO         3759    i.xQueueGenericCreate  queue.o
    0x080051fe   0x080051fe   0x00000002   PAD
    0x08005200   0x08005200   0x00000094   Code   RO         3760    i.xQueueGenericReset  queue.o
    0x08005294   0x08005294   0x000000f8   Code   RO         3761    i.xQueueGenericSend  queue.o
    0x0800538c   0x0800538c   0x000000f0   Code   RO         3768    i.xQueueReceive     queue.o
    0x0800547c   0x0800547c   0x00000058   Code   RO         4048    i.xTaskCheckForTimeOut  tasks.o
    0x080054d4   0x080054d4   0x0000005c   Code   RO         4049    i.xTaskCreate       tasks.o
    0x08005530   0x08005530   0x00000124   Code   RO         4058    i.xTaskIncrementTick  tasks.o
    0x08005654   0x08005654   0x000000c8   Code   RO         4059    i.xTaskRemoveFromEventList  tasks.o
    0x0800571c   0x0800571c   0x00000118   Code   RO         4060    i.xTaskResumeAll    tasks.o
    0x08005834   0x08005834   0x00000081   Data   RO         5467    .constdata          mc_w.l(ctype_o.o)
    0x080058b5   0x080058b5   0x00000003   PAD
    0x080058b8   0x080058b8   0x00000004   Data   RO         5468    .constdata          mc_w.l(ctype_o.o)
    0x080058bc   0x080058bc   0x00000020   Data   RO         5509    Region$$Table       anon$$obj.o


    Execution Region RW_IRAM1 (Exec base: 0x20000000, Load base: 0x080058dc, Size: 0x00004bd0, Max: 0x0000c000, ABSOLUTE)

    Exec Addr    Load Addr    Size         Type   Attr      Idx    E Section Name        Object

    0x20000000   0x080058dc   0x00000014   Data   RW         1798    .data               stm32f10x_rcc.o
    0x20000014   0x080058f0   0x00000070   Data   RW         3196    .data               main.o
    0x20000084   0x08005960   0x0000001c   Data   RW         3483    .data               heap_4.o
    0x200000a0   0x0800597c   0x00000004   Data   RW         3558    .data               port.o
    0x200000a4   0x08005980   0x00000040   Data   RW         4063    .data               tasks.o
    0x200000e4   0x080059c0   0x00000001   Data   RW         4313    .data               usart.o
    0x200000e5   0x080059c1   0x00000003   PAD
    0x200000e8   0x080059c4   0x00000004   Data   RW         4314    .data               usart.o
    0x200000ec   0x080059c8   0x00000008   Data   RW         4944    .data               timer.o
    0x200000f4   0x080059d0   0x00000001   Data   RW         4986    .data               vl6180.o
    0x200000f5   0x080059d1   0x00000003   PAD
    0x200000f8   0x080059d4   0x00000004   Data   RW         5110    .data               mc_w.l(strtok.o)
    0x200000fc   0x080059d8   0x00000004   Data   RW         5447    .data               mc_w.l(errno.o)
    0x20000100        -       0x00000208   Zero   RW         3194    .bss                main.o
    0x20000308        -       0x00004400   Zero   RW         3482    .bss                heap_4.o
    0x20004708        -       0x000000c8   Zero   RW         4062    .bss                tasks.o
    0x200047d0        -       0x00000400   Zero   RW          125    STACK               startup_stm32f10x_hd.o


==============================================================================

Image component sizes


      Code (inc. data)   RO Data    RW Data    ZI Data      Debug   Object Name

         0          0          0          0          0       4564   core_cm3.o
        86          0          0          0          0       1999   delay.o
         0          0          0          0          0      12272   event_groups.o
       364         22          0         28      17408       7599   heap_4.o
       216         22          0          0          0       2481   led.o
       114          0          0          0          0       2933   list.o
      6520        834          0        112        520      47140   main.o
       120         16          0          0          0     216387   misc.o
       366         44          0          4          0       9752   port.o
       968         14          0          0          0      12087   queue.o
       164         10          0          0          0        691   rc522_config.o
      1600         34          0          0          0      13037   rc522_function.o
        36          8        304          0       1024        836   startup_stm32f10x_hd.o
         0          0          0          0          0       1728   stm32f10x_adc.o
       874         30          0          0          0      14127   stm32f10x_can.o
       286          6          0          0          0      13659   stm32f10x_gpio.o
        12          0          0          0          0       2937   stm32f10x_it.o
       192         28          0         20          0      13470   stm32f10x_rcc.o
        30          0          0          0          0      23121   stm32f10x_tim.o
       322          6          0          0          0      11944   stm32f10x_usart.o
       248         24          0          0          0      24985   system_stm32f10x.o
      1856        126          0         64        200      29961   tasks.o
      1382         50          0          0          0      17327   tcs34725.o
        48          8          0          8          0        898   timer.o
       760         50          0          5          0       3650   usart.o
      1390        108          0          1          0      11954   vl6180.o

    ----------------------------------------------------------------------
     17992       1440        336        248      19152     501539   Object Totals
         0          0         32          0          0          0   (incl. Generated)
        38          0          0          6          0          0   (incl. Padding)

    ----------------------------------------------------------------------

      Code (inc. data)   RO Data    RW Data    ZI Data      Debug   Library Member Name

        42          0          0          0          0         84   atof.o
        28          0          0          0          0         68   _chval.o
        64          0          0          0          0         84   _sgetc.o
       158          0          0          0          0         92   _strtoul.o
        26          0          0          0          0         80   atoi.o
         8          4        133          0          0         68   ctype_o.o
         0          0          0          0          0          0   entry.o
         0          0          0          0          0          0   entry10a.o
         0          0          0          0          0          0   entry11a.o
         8          4          0          0          0          0   entry2.o
         4          0          0          0          0          0   entry5.o
         0          0          0          0          0          0   entry7b.o
         0          0          0          0          0          0   entry8b.o
         8          4          0          0          0          0   entry9a.o
        32         16          0          4          0        204   errno.o
        30          0          0          0          0          0   handlers.o
        36          8          0          0          0         68   init.o
        18          0          0          0          0         76   isspace_o.o
         0          0          0          0          0          0   iusefp.o
        30          0          0          0          0         68   llshl.o
        36          0          0          0          0         68   llsshr.o
        32          0          0          0          0         68   llushr.o
        36          0          0          0          0         68   memcpya.o
        36          0          0          0          0        108   memseta.o
       522         20          0          0          0        336   printf3.o
       878         12          0          0          0        216   scanf_fp.o
        14          0          0          0          0         68   strlen.o
        36          0          0          0          0         80   strstr.o
       156         12          0          0          0        120   strtod.o
        68          6          0          4          0         80   strtok.o
       112          0          0          0          0         88   strtol.o
        44          0          0          0          0         80   uidiv.o
        48          0          0          0          0         68   cdcmple.o
        48          0          0          0          0         68   cdrcmple.o
        20          0          0          0          0         68   cfcmple.o
        20          0          0          0          0         68   cfrcmple.o
        56          0          0          0          0         88   d2f.o
       334          0          0          0          0        148   dadd.o
       222          0          0          0          0        100   ddiv.o
       186          0          0          0          0        176   depilogue.o
        34          0          0          0          0         76   dflti.o
        26          0          0          0          0         76   dfltui.o
        24          0          0          0          0         76   dfltul.o
       228          0          0          0          0         96   dmul.o
        46          0          0          0          0         80   dscalb.o
        38          0          0          0          0         68   f2d.o
       176          0          0          0          0        140   fadd.o
       110          0          0          0          0        168   fepilogue.o
        50          0          0          0          0         68   ffixi.o
        18          0          0          0          0         68   fflti.o
       100          0          0          0          0         76   fmul.o
        24          0          0          0          0         68   fscalb.o

    ----------------------------------------------------------------------
      4284         86        136          8          0       4116   Library Totals
        14          0          3          0          0          0   (incl. Padding)

    ----------------------------------------------------------------------

      Code (inc. data)   RO Data    RW Data    ZI Data      Debug   Library Name

        42          0          0          0          0         84   m_ws.l
      2420         86        133          8          0       2188   mc_w.l
      1808          0          0          0          0       1844   mf_w.l

    ----------------------------------------------------------------------
      4284         86        136          8          0       4116   Library Totals

    ----------------------------------------------------------------------

==============================================================================


      Code (inc. data)   RO Data    RW Data    ZI Data      Debug   

     22276       1526        472        256      19152     494627   Grand Totals
     22276       1526        472        256      19152     494627   ELF Image Totals
     22276       1526        472        256          0          0   ROM Totals

==============================================================================

    Total RO  Size (Code + RO Data)                22748 (  22.21kB)
    Total RW  Size (RW Data + ZI Data)             19408 (  18.95kB)
    Total ROM Size (Code + RO Data + RW Data)      23004 (  22.46kB)

==============================================================================

